Archive member included to satisfy reference by file (symbol)

C:/ST/STM32CubeIDE_1.9.0/STM32CubeIDE/plugins/com.st.stm32cube.ide.mcu.externaltools.gnu-tools-for-stm32.11.3.rel1.win32_1.1.0.202305231506/tools/bin/../lib/gcc/arm-none-eabi/11.3.1/../../../../arm-none-eabi/lib/thumb/v7e-m+fp/hard\libc_nano.a(libc_a-exit.o)
                              C:/ST/STM32CubeIDE_1.9.0/STM32CubeIDE/plugins/com.st.stm32cube.ide.mcu.externaltools.gnu-tools-for-stm32.11.3.rel1.win32_1.1.0.202305231506/tools/bin/../lib/gcc/arm-none-eabi/11.3.1/../../../../arm-none-eabi/lib/thumb/v7e-m+fp/hard/crt0.o (exit)
C:/ST/STM32CubeIDE_1.9.0/STM32CubeIDE/plugins/com.st.stm32cube.ide.mcu.externaltools.gnu-tools-for-stm32.11.3.rel1.win32_1.1.0.202305231506/tools/bin/../lib/gcc/arm-none-eabi/11.3.1/../../../../arm-none-eabi/lib/thumb/v7e-m+fp/hard\libc_nano.a(libc_a-findfp.o)
                              C:/ST/STM32CubeIDE_1.9.0/STM32CubeIDE/plugins/com.st.stm32cube.ide.mcu.externaltools.gnu-tools-for-stm32.11.3.rel1.win32_1.1.0.202305231506/tools/bin/../lib/gcc/arm-none-eabi/11.3.1/../../../../arm-none-eabi/lib/thumb/v7e-m+fp/hard\libc_nano.a(libc_a-exit.o) (__stdio_exit_handler)
C:/ST/STM32CubeIDE_1.9.0/STM32CubeIDE/plugins/com.st.stm32cube.ide.mcu.externaltools.gnu-tools-for-stm32.11.3.rel1.win32_1.1.0.202305231506/tools/bin/../lib/gcc/arm-none-eabi/11.3.1/../../../../arm-none-eabi/lib/thumb/v7e-m+fp/hard\libc_nano.a(libc_a-fwalk.o)
                              C:/ST/STM32CubeIDE_1.9.0/STM32CubeIDE/plugins/com.st.stm32cube.ide.mcu.externaltools.gnu-tools-for-stm32.11.3.rel1.win32_1.1.0.202305231506/tools/bin/../lib/gcc/arm-none-eabi/11.3.1/../../../../arm-none-eabi/lib/thumb/v7e-m+fp/hard\libc_nano.a(libc_a-findfp.o) (_fwalk_sglue)
C:/ST/STM32CubeIDE_1.9.0/STM32CubeIDE/plugins/com.st.stm32cube.ide.mcu.externaltools.gnu-tools-for-stm32.11.3.rel1.win32_1.1.0.202305231506/tools/bin/../lib/gcc/arm-none-eabi/11.3.1/../../../../arm-none-eabi/lib/thumb/v7e-m+fp/hard\libc_nano.a(libc_a-stdio.o)
                              C:/ST/STM32CubeIDE_1.9.0/STM32CubeIDE/plugins/com.st.stm32cube.ide.mcu.externaltools.gnu-tools-for-stm32.11.3.rel1.win32_1.1.0.202305231506/tools/bin/../lib/gcc/arm-none-eabi/11.3.1/../../../../arm-none-eabi/lib/thumb/v7e-m+fp/hard\libc_nano.a(libc_a-findfp.o) (__sread)
C:/ST/STM32CubeIDE_1.9.0/STM32CubeIDE/plugins/com.st.stm32cube.ide.mcu.externaltools.gnu-tools-for-stm32.11.3.rel1.win32_1.1.0.202305231506/tools/bin/../lib/gcc/arm-none-eabi/11.3.1/../../../../arm-none-eabi/lib/thumb/v7e-m+fp/hard\libc_nano.a(libc_a-memset.o)
                              C:/ST/STM32CubeIDE_1.9.0/STM32CubeIDE/plugins/com.st.stm32cube.ide.mcu.externaltools.gnu-tools-for-stm32.11.3.rel1.win32_1.1.0.202305231506/tools/bin/../lib/gcc/arm-none-eabi/11.3.1/../../../../arm-none-eabi/lib/thumb/v7e-m+fp/hard/crt0.o (memset)
C:/ST/STM32CubeIDE_1.9.0/STM32CubeIDE/plugins/com.st.stm32cube.ide.mcu.externaltools.gnu-tools-for-stm32.11.3.rel1.win32_1.1.0.202305231506/tools/bin/../lib/gcc/arm-none-eabi/11.3.1/../../../../arm-none-eabi/lib/thumb/v7e-m+fp/hard\libc_nano.a(libc_a-closer.o)
                              C:/ST/STM32CubeIDE_1.9.0/STM32CubeIDE/plugins/com.st.stm32cube.ide.mcu.externaltools.gnu-tools-for-stm32.11.3.rel1.win32_1.1.0.202305231506/tools/bin/../lib/gcc/arm-none-eabi/11.3.1/../../../../arm-none-eabi/lib/thumb/v7e-m+fp/hard\libc_nano.a(libc_a-stdio.o) (_close_r)
C:/ST/STM32CubeIDE_1.9.0/STM32CubeIDE/plugins/com.st.stm32cube.ide.mcu.externaltools.gnu-tools-for-stm32.11.3.rel1.win32_1.1.0.202305231506/tools/bin/../lib/gcc/arm-none-eabi/11.3.1/../../../../arm-none-eabi/lib/thumb/v7e-m+fp/hard\libc_nano.a(libc_a-reent.o)
                              C:/ST/STM32CubeIDE_1.9.0/STM32CubeIDE/plugins/com.st.stm32cube.ide.mcu.externaltools.gnu-tools-for-stm32.11.3.rel1.win32_1.1.0.202305231506/tools/bin/../lib/gcc/arm-none-eabi/11.3.1/../../../../arm-none-eabi/lib/thumb/v7e-m+fp/hard\libc_nano.a(libc_a-closer.o) (errno)
C:/ST/STM32CubeIDE_1.9.0/STM32CubeIDE/plugins/com.st.stm32cube.ide.mcu.externaltools.gnu-tools-for-stm32.11.3.rel1.win32_1.1.0.202305231506/tools/bin/../lib/gcc/arm-none-eabi/11.3.1/../../../../arm-none-eabi/lib/thumb/v7e-m+fp/hard\libc_nano.a(libc_a-impure.o)
                              C:/ST/STM32CubeIDE_1.9.0/STM32CubeIDE/plugins/com.st.stm32cube.ide.mcu.externaltools.gnu-tools-for-stm32.11.3.rel1.win32_1.1.0.202305231506/tools/bin/../lib/gcc/arm-none-eabi/11.3.1/../../../../arm-none-eabi/lib/thumb/v7e-m+fp/hard\libc_nano.a(libc_a-reent.o) (_impure_ptr)
C:/ST/STM32CubeIDE_1.9.0/STM32CubeIDE/plugins/com.st.stm32cube.ide.mcu.externaltools.gnu-tools-for-stm32.11.3.rel1.win32_1.1.0.202305231506/tools/bin/../lib/gcc/arm-none-eabi/11.3.1/../../../../arm-none-eabi/lib/thumb/v7e-m+fp/hard\libc_nano.a(libc_a-lseekr.o)
[...]
Memory Configuration

Name             Origin             Length             Attributes
RAM              0x0000000020000000 0x0000000000008000 xrw
FLASH            0x0000000008000000 0x0000000000020000 xr
*default*        0x0000000000000000 0xffffffffffffffff

Linker script and memory map

LOAD C:/ST/STM32CubeIDE_1.9.0/STM32CubeIDE/plugins/com.st.stm32cube.ide.mcu.externaltools.gnu-tools-for-stm32.11.3.rel1.win32_1.1.0.202305231506/tools/bin/../lib/gcc/arm-none-eabi/11.3.1/thumb/v7e-m+fp/hard/crti.o
LOAD C:/ST/STM32CubeIDE_1.9.0/STM32CubeIDE/plugins/com.st.stm32cube.ide.mcu.externaltools.gnu-tools-for-stm32.11.3.rel1.win32_1.1.0.202305231506/tools/bin/../lib/gcc/arm-none-eabi/11.3.1/thumb/v7e-m+fp/hard/crtbegin.o
LOAD C:/ST/STM32CubeIDE_1.9.0/STM32CubeIDE/plugins/com.st.stm32cube.ide.mcu.externaltools.gnu-tools-for-stm32.11.3.rel1.win32_1.1.0.202305231506/tools/bin/../lib/gcc/arm-none-eabi/11.3.1/../../../../arm-none-eabi/lib/thumb/v7e-m+fp/hard/crt0.o
LOAD ./Core/Src/MotorCtrl.o
LOAD ./Core/Src/can_usb.o
LOAD ./Core/Src/led.o
LOAD ./Core/Src/main.o
LOAD ./Core/Src/stm32f3xx_hal_msp.o
LOAD ./Core/Src/stm32f3xx_it.o
LOAD ./Core/Src/syscalls.o
LOAD ./Core/Src/sysmem.o
LOAD ./Core/Src/system_stm32f3xx.o
LOAD ./Core/Src/usbcan_main.o
LOAD ./Core/Startup/startup_stm32f302cbtx.o
LOAD ./Drivers/STM32F3xx_HAL_Driver/Src/stm32f3xx_hal.o
LOAD ./Drivers/STM32F3xx_HAL_Driver/Src/stm32f3xx_hal_can.o
LOAD ./Drivers/STM32F3xx_HAL_Driver/Src/stm32f3xx_hal_cortex.o
LOAD ./Drivers/STM32F3xx_HAL_Driver/Src/stm32f3xx_hal_dma.o
LOAD ./Drivers/STM32F3xx_HAL_Driver/Src/stm32f3xx_hal_exti.o
LOAD ./Drivers/STM32F3xx_HAL_Driver/Src/stm32f3xx_hal_flash.o
LOAD ./Drivers/STM32F3xx_HAL_Driver/Src/stm32f3xx_hal_flash_ex.o
LOAD ./Drivers/STM32F3xx_HAL_Driver/Src/stm32f3xx_hal_gpio.o
LOAD ./Drivers/STM32F3xx_HAL_Driver/Src/stm32f3xx_hal_i2c.o
LOAD ./Drivers/STM32F3xx_HAL_Driver/Src/stm32f3xx_hal_i2c_ex.o
LOAD ./Drivers/STM32F3xx_HAL_Driver/Src/stm32f3xx_hal_pcd.o
LOAD ./Drivers/STM32F3xx_HAL_Driver/Src/stm32f3xx_hal_pcd_ex.o
LOAD ./Drivers/STM32F3xx_HAL_Driver/Src/stm32f3xx_hal_pwr.o
LOAD ./Drivers/STM32F3xx_HAL_Driver/Src/stm32f3xx_hal_pwr_ex.o
LOAD ./Drivers/STM32F3xx_HAL_Driver/Src/stm32f3xx_hal_rcc.o
LOAD ./Drivers/STM32F3xx_HAL_Driver/Src/stm32f3xx_hal_rcc_ex.o
LOAD ./Drivers/STM32F3xx_HAL_Driver/Src/stm32f3xx_hal_tim.o
LOAD ./Drivers/STM32F3xx_HAL_Driver/Src/stm32f3xx_hal_tim_ex.o
LOAD ./Drivers/STM32F3xx_HAL_Driver/Src/stm32f3xx_ll_usb.o
LOAD ./Middlewares/ST/STM32_USB_Device_Library/Class/CDC/Src/usbd_cdc.o
LOAD ./Middlewares/ST/STM32_USB_Device_Library/Core/Src/usbd_core.o
LOAD ./Middlewares/ST/STM32_USB_Device_Library/Core/Src/usbd_ctlreq.o
LOAD ./Middlewares/ST/STM32_USB_Device_Library/Core/Src/usbd_ioreq.o
LOAD ./USB_DEVICE/App/usb_device.o
LOAD ./USB_DEVICE/App/usbd_cdc_if.o
LOAD ./USB_DEVICE/App/usbd_desc.o
LOAD ./USB_DEVICE/Target/usbd_conf.o
START GROUP
LOAD C:/ST/STM32CubeIDE_1.9.0/STM32CubeIDE/plugins/com.st.stm32cube.ide.mcu.externaltools.gnu-tools-for-stm32.11.3.rel1.win32_1.1.0.202305231506/tools/bin/../lib/gcc/arm-none-eabi/11.3.1/../../../../arm-none-eabi/lib/thumb/v7e-m+fp/hard\libstdc++_nano.a
LOAD C:/ST/STM32CubeIDE_1.9.0/STM32CubeIDE/plugins/com.st.stm32cube.ide.mcu.externaltools.gnu-tools-for-stm32.11.3.rel1.win32_1.1.0.202305231506/tools/bin/../lib/gcc/arm-none-eabi/11.3.1/../../../../arm-none-eabi/lib/thumb/v7e-m+fp/hard\libsupc++_nano.a
END GROUP
LOAD C:/ST/STM32CubeIDE_1.9.0/STM32CubeIDE/plugins/com.st.stm32cube.ide.mcu.externaltools.gnu-tools-for-stm32.11.3.rel1.win32_1.1.0.202305231506/tools/bin/../lib/gcc/arm-none-eabi/11.3.1/../../../../arm-none-eabi/lib/thumb/v7e-m+fp/hard\libstdc++_nano.a
LOAD C:/ST/STM32CubeIDE_1.9.0/STM32CubeIDE/plugins/com.st.stm32cube.ide.mcu.externaltools.gnu-tools-for-stm32.11.3.rel1.win32_1.1.0.202305231506/tools/bin/../lib/gcc/arm-none-eabi/11.3.1/../../../../arm-none-eabi/lib/thumb/v7e-m+fp/hard\libm.a
LOAD C:/ST/STM32CubeIDE_1.9.0/STM32CubeIDE/plugins/com.st.stm32cube.ide.mcu.externaltools.gnu-tools-for-stm32.11.3.rel1.win32_1.1.0.202305231506/tools/bin/../lib/gcc/arm-none-eabi/11.3.1/../../../../arm-none-eabi/lib/thumb/v7e-m+fp/hard\libc_nano.a
START GROUP
LOAD C:/ST/STM32CubeIDE_1.9.0/STM32CubeIDE/plugins/com.st.stm32cube.ide.mcu.externaltools.gnu-tools-for-stm32.11.3.rel1.win32_1.1.0.202305231506/tools/bin/../lib/gcc/arm-none-eabi/11.3.1/thumb/v7e-m+fp/hard\libgcc.a
LOAD C:/ST/STM32CubeIDE_1.9.0/STM32CubeIDE/plugins/com.st.stm32cube.ide.mcu.externaltools.gnu-tools-for-stm32.11.3.rel1.win32_1.1.0.202305231506/tools/bin/../lib/gcc/arm-none-eabi/11.3.1/../../../../arm-none-eabi/lib/thumb/v7e-m+fp/hard\libc_nano.a
END GROUP
START GROUP
LOAD C:/ST/STM32CubeIDE_1.9.0/STM32CubeIDE/plugins/com.st.stm32cube.ide.mcu.externaltools.gnu-tools-for-stm32.11.3.rel1.win32_1.1.0.202305231506/tools/bin/../lib/gcc/arm-none-eabi/11.3.1/thumb/v7e-m+fp/hard\libgcc.a
LOAD C:/ST/STM32CubeIDE_1.9.0/STM32CubeIDE/plugins/com.st.stm32cube.ide.mcu.externaltools.gnu-tools-for-stm32.11.3.rel1.win32_1.1.0.202305231506/tools/bin/../lib/gcc/arm-none-eabi/11.3.1/../../../../arm-none-eabi/lib/thumb/v7e-m+fp/hard\libc_nano.a
LOAD C:/ST/STM32CubeIDE_1.9.0/STM32CubeIDE/plugins/com.st.stm32cube.ide.mcu.externaltools.gnu-tools-for-stm32.11.3.rel1.win32_1.1.0.202305231506/tools/bin/../lib/gcc/arm-none-eabi/11.3.1/../../../../arm-none-eabi/lib/thumb/v7e-m+fp/hard\libnosys.a
END GROUP
START GROUP
LOAD C:/ST/STM32CubeIDE_1.9.0/STM32CubeIDE/plugins/com.st.stm32cube.ide.mcu.externaltools.gnu-tools-for-stm32.11.3.rel1.win32_1.1.0.202305231506/tools/bin/../lib/gcc/arm-none-eabi/11.3.1/thumb/v7e-m+fp/hard\libgcc.a
LOAD C:/ST/STM32CubeIDE_1.9.0/STM32CubeIDE/plugins/com.st.stm32cube.ide.mcu.externaltools.gnu-tools-for-stm32.11.3.rel1.win32_1.1.0.202305231506/tools/bin/../lib/gcc/arm-none-eabi/11.3.1/../../../../arm-none-eabi/lib/thumb/v7e-m+fp/hard\libc_nano.a
LOAD C:/ST/STM32CubeIDE_1.9.0/STM32CubeIDE/plugins/com.st.stm32cube.ide.mcu.externaltools.gnu-tools-for-stm32.11.3.rel1.win32_1.1.0.202305231506/tools/bin/../lib/gcc/arm-none-eabi/11.3.1/../../../../arm-none-eabi/lib/thumb/v7e-m+fp/hard\libnosys.a
END GROUP
LOAD C:/ST/STM32CubeIDE_1.9.0/STM32CubeIDE/plugins/com.st.stm32cube.ide.mcu.externaltools.gnu-tools-for-stm32.11.3.rel1.win32_1.1.0.202305231506/tools/bin/../lib/gcc/arm-none-eabi/11.3.1/thumb/v7e-m+fp/hard/crtend.o
LOAD C:/ST/STM32CubeIDE_1.9.0/STM32CubeIDE/plugins/com.st.stm32cube.ide.mcu.externaltools.gnu-tools-for-stm32.11.3.rel1.win32_1.1.0.202305231506/tools/bin/../lib/gcc/arm-none-eabi/11.3.1/thumb/v7e-m+fp/hard/crtn.o
                0x0000000020008000                _estack = (ORIGIN (RAM) + LENGTH (RAM))
                0x0000000000002000                _Min_Heap_Size = 0x2000
                0x0000000000001000                _Min_Stack_Size = 0x1000

.isr_vector     0x0000000008000000      0x188
                0x0000000008000000                . = ALIGN (0x4)
 *(.isr_vector)
 .isr_vector    0x0000000008000000      0x188 ./Core/Startup/startup_stm32f302cbtx.o
                0x0000000008000000                g_pfnVectors
                0x0000000008000188                . = ALIGN (0x4)

.text           0x0000000008000188     0x5964
                0x0000000008000188                . = ALIGN (0x4)
 *(.text)
 .text          0x0000000008000188       0x40 C:/ST/STM32CubeIDE_1.9.0/STM32CubeIDE/plugins/com.st.stm32cube.ide.mcu.externaltools.gnu-tools-for-stm32.11.3.rel1.win32_1.1.0.202305231506/tools/bin/../lib/gcc/arm-none-eabi/11.3.1/thumb/v7e-m+fp/hard/crtbegin.o
 *(.text*)
 .text._ZN9MotorCtrl5resetEh
                0x00000000080001c8       0x6a ./Core/Src/MotorCtrl.o
                0x00000000080001c8                MotorCtrl::reset(unsigned char)
 .text._ZN9MotorCtrl7setModeEPh
                0x0000000008000232       0xd8 ./Core/Src/MotorCtrl.o
                0x0000000008000232                MotorCtrl::setMode(unsigned char*)
 .text._ZN9MotorCtrl7setTempEPh
                0x000000000800030a       0x3e ./Core/Src/MotorCtrl.o
                0x000000000800030a                MotorCtrl::setTemp(unsigned char*)
 .text._ZN9MotorCtrl9setTargetEPh
                0x0000000008000348       0x76 ./Core/Src/MotorCtrl.o
                0x0000000008000348                MotorCtrl::setTarget(unsigned char*)
 .text._ZN9MotorCtrl5setKpEPh
                0x00000000080003be       0x76 ./Core/Src/MotorCtrl.o
                0x00000000080003be                MotorCtrl::setKp(unsigned char*)
 .text._ZN9MotorCtrl5setKiEPh
                0x0000000008000434       0x76 ./Core/Src/MotorCtrl.o
                0x0000000008000434                MotorCtrl::setKi(unsigned char*)
 .text._ZN9MotorCtrl5setKdEPh
                0x00000000080004aa       0x76 ./Core/Src/MotorCtrl.o
                0x00000000080004aa                MotorCtrl::setKd(unsigned char*)
 .text.usb_process
                0x0000000008000520       0x54 ./Core/Src/can_usb.o
                0x0000000008000520                usb_process
 .text._Z10usb_to_canPhh
                0x0000000008000574       0xe4 ./Core/Src/can_usb.o
                0x0000000008000574                usb_to_can(unsigned char*, unsigned char)
 .text._Z10robomasterPhh
                0x0000000008000658       0x80 ./Core/Src/can_usb.o
                0x0000000008000658                robomaster(unsigned char*, unsigned char)
 .text.led_on   0x00000000080006d8       0x34 ./Core/Src/led.o
                0x00000000080006d8                led_on
 .text.led_process
                0x000000000800070c       0x3c ./Core/Src/led.o
                0x000000000800070c                led_process
 .text.Error_Handler
                0x0000000008000748       0x1c ./Core/Src/main.o
                0x0000000008000748                Error_Handler
 .text.SystemClock_Config
                0x0000000008000764       0x80 ./Core/Src/main.o
                0x0000000008000764                SystemClock_Config
 .text.main     0x00000000080007e4      0x1f0 ./Core/Src/main.o
                0x00000000080007e4                main
 .text.HAL_MspInit
                0x00000000080009d4       0x30 ./Core/Src/stm32f3xx_hal_msp.o
                0x00000000080009d4                HAL_MspInit
 .text.HAL_CAN_MspInit
                0x0000000008000a04       0x7c ./Core/Src/stm32f3xx_hal_msp.o
                0x0000000008000a04                HAL_CAN_MspInit
 .text.HAL_TIM_Base_MspInit
                0x0000000008000a80       0x40 ./Core/Src/stm32f3xx_hal_msp.o
                0x0000000008000a80                HAL_TIM_Base_MspInit
 .text.NMI_Handler
                0x0000000008000ac0        0x2 ./Core/Src/stm32f3xx_it.o
                0x0000000008000ac0                NMI_Handler
 .text.HardFault_Handler
                0x0000000008000ac2        0x2 ./Core/Src/stm32f3xx_it.o
                0x0000000008000ac2                HardFault_Handler
 .text.MemManage_Handler
                0x0000000008000ac4        0x2 ./Core/Src/stm32f3xx_it.o
                0x0000000008000ac4                MemManage_Handler
 .text.BusFault_Handler
                0x0000000008000ac6        0x2 ./Core/Src/stm32f3xx_it.o
                0x0000000008000ac6                BusFault_Handler
 .text.UsageFault_Handler
                0x0000000008000ac8        0x2 ./Core/Src/stm32f3xx_it.o
                0x0000000008000ac8                UsageFault_Handler
 .text.SVC_Handler
                0x0000000008000aca        0x2 ./Core/Src/stm32f3xx_it.o
                0x0000000008000aca                SVC_Handler
 .text.DebugMon_Handler
                0x0000000008000acc        0x2 ./Core/Src/stm32f3xx_it.o
                0x0000000008000acc                DebugMon_Handler
 .text.PendSV_Handler
                0x0000000008000ace        0x2 ./Core/Src/stm32f3xx_it.o
                0x0000000008000ace                PendSV_Handler
 .text.SysTick_Handler
                0x0000000008000ad0        0x8 ./Core/Src/stm32f3xx_it.o
                0x0000000008000ad0                SysTick_Handler
 .text.EXTI1_IRQHandler
                0x0000000008000ad8        0xa ./Core/Src/stm32f3xx_it.o
                0x0000000008000ad8                EXTI1_IRQHandler
 *fill*         0x0000000008000ae2        0x2 
 .text.USB_LP_CAN_RX0_IRQHandler
                0x0000000008000ae4       0x10 ./Core/Src/stm32f3xx_it.o
                0x0000000008000ae4                USB_LP_CAN_RX0_IRQHandler
 .text.TIM3_IRQHandler
                0x0000000008000af4       0x10 ./Core/Src/stm32f3xx_it.o
                0x0000000008000af4                TIM3_IRQHandler
 .text.USB_LP_IRQHandler
                0x0000000008000b04       0x10 ./Core/Src/stm32f3xx_it.o
                0x0000000008000b04                USB_LP_IRQHandler
 .text.SystemInit
                0x0000000008000b14       0x14 ./Core/Src/system_stm32f3xx.o
                0x0000000008000b14                SystemInit
 .text._ZN10MotorParamC2Ev
                0x0000000008000b28       0xe0 ./Core/Src/usbcan_main.o
                0x0000000008000b28                MotorParam::MotorParam()
                0x0000000008000b28                MotorParam::MotorParam()
 .text._ZN9MotorCtrlC2Ev
                0x0000000008000c08       0x2c ./Core/Src/usbcan_main.o
                0x0000000008000c08                MotorCtrl::MotorCtrl()
                0x0000000008000c08                MotorCtrl::MotorCtrl()
 .text.main_cpp
                0x0000000008000c34      0x114 ./Core/Src/usbcan_main.o
                0x0000000008000c34                main_cpp
 .text._Z41__static_initialization_and_destruction_0ii
                0x0000000008000d48       0x2c ./Core/Src/usbcan_main.o
 .text._GLOBAL__sub_I_motor
                0x0000000008000d74       0x10 ./Core/Src/usbcan_main.o
 .text.Reset_Handler
                0x0000000008000d84       0x50 ./Core/Startup/startup_stm32f302cbtx.o
                0x0000000008000d84                Reset_Handler
 .text.Default_Handler
                0x0000000008000dd4        0x2 ./Core/Startup/startup_stm32f302cbtx.o
                0x0000000008000dd4                RTC_Alarm_IRQHandler
                0x0000000008000dd4                TIM1_CC_IRQHandler
                0x0000000008000dd4                USB_HP_IRQHandler
                0x0000000008000dd4                PVD_IRQHandler
                0x0000000008000dd4                TAMP_STAMP_IRQHandler
                0x0000000008000dd4                EXTI3_IRQHandler
                0x0000000008000dd4                USB_HP_CAN_TX_IRQHandler
                0x0000000008000dd4                EXTI0_IRQHandler
                0x0000000008000dd4                I2C2_EV_IRQHandler
                0x0000000008000dd4                FPU_IRQHandler
                0x0000000008000dd4                TIM1_UP_TIM16_IRQHandler
                0x0000000008000dd4                ADC1_2_IRQHandler
                0x0000000008000dd4                SPI1_IRQHandler
                0x0000000008000dd4                CAN_SCE_IRQHandler
                0x0000000008000dd4                TIM6_DAC_IRQHandler
                0x0000000008000dd4                DMA2_Channel2_IRQHandler
                0x0000000008000dd4                DMA1_Channel4_IRQHandler
                0x0000000008000dd4                USART3_IRQHandler
                0x0000000008000dd4                DMA1_Channel7_IRQHandler
                0x0000000008000dd4                UART5_IRQHandler
                0x0000000008000dd4                TIM4_IRQHandler
                0x0000000008000dd4                CAN_RX1_IRQHandler
                0x0000000008000dd4                DMA2_Channel1_IRQHandler
                0x0000000008000dd4                I2C1_EV_IRQHandler
                0x0000000008000dd4                DMA1_Channel6_IRQHandler
                0x0000000008000dd4                UART4_IRQHandler
                0x0000000008000dd4                DMA2_Channel4_IRQHandler
                0x0000000008000dd4                RCC_IRQHandler
                0x0000000008000dd4                DMA1_Channel1_IRQHandler
                0x0000000008000dd4                Default_Handler
                0x0000000008000dd4                USBWakeUp_RMP_IRQHandler
                0x0000000008000dd4                EXTI15_10_IRQHandler
                0x0000000008000dd4                EXTI9_5_IRQHandler
                0x0000000008000dd4                RTC_WKUP_IRQHandler
                0x0000000008000dd4                SPI2_IRQHandler
                0x0000000008000dd4                DMA2_Channel5_IRQHandler
                0x0000000008000dd4                DMA1_Channel5_IRQHandler
                0x0000000008000dd4                EXTI4_IRQHandler
                0x0000000008000dd4                COMP1_2_IRQHandler
                0x0000000008000dd4                TIM1_TRG_COM_TIM17_IRQHandler
                0x0000000008000dd4                DMA1_Channel3_IRQHandler
                0x0000000008000dd4                WWDG_IRQHandler
                0x0000000008000dd4                TIM2_IRQHandler
                0x0000000008000dd4                COMP4_6_IRQHandler
                0x0000000008000dd4                USART2_IRQHandler
                0x0000000008000dd4                I2C2_ER_IRQHandler
                0x0000000008000dd4                DMA1_Channel2_IRQHandler
                0x0000000008000dd4                FLASH_IRQHandler
                0x0000000008000dd4                USART1_IRQHandler
                0x0000000008000dd4                SPI3_IRQHandler
                0x0000000008000dd4                I2C1_ER_IRQHandler
                0x0000000008000dd4                USBWakeUp_IRQHandler
                0x0000000008000dd4                DMA2_Channel3_IRQHandler
                0x0000000008000dd4                EXTI2_TSC_IRQHandler
                0x0000000008000dd4                TIM1_BRK_TIM15_IRQHandler
 *fill*         0x0000000008000dd6        0x2 
 .text.HAL_InitTick
                0x0000000008000dd8       0x4c ./Drivers/STM32F3xx_HAL_Driver/Src/stm32f3xx_hal.o
                0x0000000008000dd8                HAL_InitTick
 .text.HAL_Init
                0x0000000008000e24       0x24 ./Drivers/STM32F3xx_HAL_Driver/Src/stm32f3xx_hal.o
                0x0000000008000e24                HAL_Init
 .text.HAL_IncTick
                0x0000000008000e48       0x18 ./Drivers/STM32F3xx_HAL_Driver/Src/stm32f3xx_hal.o
                0x0000000008000e48                HAL_IncTick
 .text.HAL_GetTick
                0x0000000008000e60        0xc ./Drivers/STM32F3xx_HAL_Driver/Src/stm32f3xx_hal.o
                0x0000000008000e60                HAL_GetTick
 .text.HAL_CAN_Init
                0x0000000008000e6c      0x11e ./Drivers/STM32F3xx_HAL_Driver/Src/stm32f3xx_hal_can.o
                0x0000000008000e6c                HAL_CAN_Init
 .text.HAL_CAN_ConfigFilter
                0x0000000008000f8a      0x106 ./Drivers/STM32F3xx_HAL_Driver/Src/stm32f3xx_hal_can.o
                0x0000000008000f8a                HAL_CAN_ConfigFilter
 .text.HAL_CAN_Start
                0x0000000008001090       0x5c ./Drivers/STM32F3xx_HAL_Driver/Src/stm32f3xx_hal_can.o
                0x0000000008001090                HAL_CAN_Start
 .text.HAL_CAN_AddTxMessage
                0x00000000080010ec       0xee ./Drivers/STM32F3xx_HAL_Driver/Src/stm32f3xx_hal_can.o
                0x00000000080010ec                HAL_CAN_AddTxMessage
 .text.HAL_CAN_GetTxMailboxesFreeLevel
                0x00000000080011da       0x2e ./Drivers/STM32F3xx_HAL_Driver/Src/stm32f3xx_hal_can.o
                0x00000000080011da                HAL_CAN_GetTxMailboxesFreeLevel
 .text.HAL_CAN_ActivateNotification
                0x0000000008001208       0x24 ./Drivers/STM32F3xx_HAL_Driver/Src/stm32f3xx_hal_can.o
                0x0000000008001208                HAL_CAN_ActivateNotification
 .text.HAL_CAN_TxMailbox0CompleteCallback
                0x000000000800122c        0x2 ./Drivers/STM32F3xx_HAL_Driver/Src/stm32f3xx_hal_can.o
                0x000000000800122c                HAL_CAN_TxMailbox0CompleteCallback
 .text.HAL_CAN_TxMailbox1CompleteCallback
                0x000000000800122e        0x2 ./Drivers/STM32F3xx_HAL_Driver/Src/stm32f3xx_hal_can.o
                0x000000000800122e                HAL_CAN_TxMailbox1CompleteCallback
 .text.HAL_CAN_TxMailbox2CompleteCallback
                0x0000000008001230        0x2 ./Drivers/STM32F3xx_HAL_Driver/Src/stm32f3xx_hal_can.o
                0x0000000008001230                HAL_CAN_TxMailbox2CompleteCallback
 .text.HAL_CAN_TxMailbox0AbortCallback
                0x0000000008001232        0x2 ./Drivers/STM32F3xx_HAL_Driver/Src/stm32f3xx_hal_can.o
                0x0000000008001232                HAL_CAN_TxMailbox0AbortCallback
 .text.HAL_CAN_TxMailbox1AbortCallback
                0x0000000008001234        0x2 ./Drivers/STM32F3xx_HAL_Driver/Src/stm32f3xx_hal_can.o
                0x0000000008001234                HAL_CAN_TxMailbox1AbortCallback
 .text.HAL_CAN_TxMailbox2AbortCallback
                0x0000000008001236        0x2 ./Drivers/STM32F3xx_HAL_Driver/Src/stm32f3xx_hal_can.o
                0x0000000008001236                HAL_CAN_TxMailbox2AbortCallback
 .text.HAL_CAN_RxFifo0MsgPendingCallback
                0x0000000008001238        0x2 ./Drivers/STM32F3xx_HAL_Driver/Src/stm32f3xx_hal_can.o
                0x0000000008001238                HAL_CAN_RxFifo0MsgPendingCallback
 .text.HAL_CAN_RxFifo0FullCallback
                0x000000000800123a        0x2 ./Drivers/STM32F3xx_HAL_Driver/Src/stm32f3xx_hal_can.o
                0x000000000800123a                HAL_CAN_RxFifo0FullCallback
 .text.HAL_CAN_RxFifo1MsgPendingCallback
                0x000000000800123c        0x2 ./Drivers/STM32F3xx_HAL_Driver/Src/stm32f3xx_hal_can.o
                0x000000000800123c                HAL_CAN_RxFifo1MsgPendingCallback
 .text.HAL_CAN_RxFifo1FullCallback
                0x000000000800123e        0x2 ./Drivers/STM32F3xx_HAL_Driver/Src/stm32f3xx_hal_can.o
                0x000000000800123e                HAL_CAN_RxFifo1FullCallback
 .text.HAL_CAN_SleepCallback
                0x0000000008001240        0x2 ./Drivers/STM32F3xx_HAL_Driver/Src/stm32f3xx_hal_can.o
                0x0000000008001240                HAL_CAN_SleepCallback
 .text.HAL_CAN_WakeUpFromRxMsgCallback
                0x0000000008001242        0x2 ./Drivers/STM32F3xx_HAL_Driver/Src/stm32f3xx_hal_can.o
                0x0000000008001242                HAL_CAN_WakeUpFromRxMsgCallback
 .text.HAL_CAN_ErrorCallback
                0x0000000008001244        0x2 ./Drivers/STM32F3xx_HAL_Driver/Src/stm32f3xx_hal_can.o
                0x0000000008001244                HAL_CAN_ErrorCallback
 .text.HAL_CAN_IRQHandler
                0x0000000008001246      0x24c ./Drivers/STM32F3xx_HAL_Driver/Src/stm32f3xx_hal_can.o
                0x0000000008001246                HAL_CAN_IRQHandler
 *fill*         0x0000000008001492        0x2 
 .text.HAL_NVIC_SetPriorityGrouping
                0x0000000008001494       0x24 ./Drivers/STM32F3xx_HAL_Driver/Src/stm32f3xx_hal_cortex.o
                0x0000000008001494                HAL_NVIC_SetPriorityGrouping
 .text.HAL_NVIC_SetPriority
                0x00000000080014b8       0x6c ./Drivers/STM32F3xx_HAL_Driver/Src/stm32f3xx_hal_cortex.o
                0x00000000080014b8                HAL_NVIC_SetPriority
 .text.HAL_NVIC_EnableIRQ
                0x0000000008001524       0x1c ./Drivers/STM32F3xx_HAL_Driver/Src/stm32f3xx_hal_cortex.o
                0x0000000008001524                HAL_NVIC_EnableIRQ
 .text.HAL_SYSTICK_Config
                0x0000000008001540       0x28 ./Drivers/STM32F3xx_HAL_Driver/Src/stm32f3xx_hal_cortex.o
                0x0000000008001540                HAL_SYSTICK_Config
 .text.HAL_GPIO_Init
                0x0000000008001568      0x1b4 ./Drivers/STM32F3xx_HAL_Driver/Src/stm32f3xx_hal_gpio.o
                0x0000000008001568                HAL_GPIO_Init
 .text.HAL_GPIO_WritePin
                0x000000000800171c        0xa ./Drivers/STM32F3xx_HAL_Driver/Src/stm32f3xx_hal_gpio.o
                0x000000000800171c                HAL_GPIO_WritePin
 .text.HAL_GPIO_EXTI_Callback
                0x0000000008001726        0x2 ./Drivers/STM32F3xx_HAL_Driver/Src/stm32f3xx_hal_gpio.o
                0x0000000008001726                HAL_GPIO_EXTI_Callback
 .text.HAL_GPIO_EXTI_IRQHandler
                0x0000000008001728       0x1c ./Drivers/STM32F3xx_HAL_Driver/Src/stm32f3xx_hal_gpio.o
                0x0000000008001728                HAL_GPIO_EXTI_IRQHandler
 .text.HAL_PCD_Init
                0x0000000008001744       0xc8 ./Drivers/STM32F3xx_HAL_Driver/Src/stm32f3xx_hal_pcd.o
                0x0000000008001744                HAL_PCD_Init
 .text.HAL_PCD_Start
                0x000000000800180c       0x32 ./Drivers/STM32F3xx_HAL_Driver/Src/stm32f3xx_hal_pcd.o
                0x000000000800180c                HAL_PCD_Start
 .text.HAL_PCD_SetAddress
                0x000000000800183e       0x28 ./Drivers/STM32F3xx_HAL_Driver/Src/stm32f3xx_hal_pcd.o
                0x000000000800183e                HAL_PCD_SetAddress
 .text.HAL_PCD_IRQHandler
                0x0000000008001866      0xc26 ./Drivers/STM32F3xx_HAL_Driver/Src/stm32f3xx_hal_pcd.o
                0x0000000008001866                HAL_PCD_IRQHandler
 .text.HAL_PCD_EP_Open
                0x000000000800248c       0x72 ./Drivers/STM32F3xx_HAL_Driver/Src/stm32f3xx_hal_pcd.o
                0x000000000800248c                HAL_PCD_EP_Open
 .text.HAL_PCD_EP_Close
                0x00000000080024fe       0x64 ./Drivers/STM32F3xx_HAL_Driver/Src/stm32f3xx_hal_pcd.o
                0x00000000080024fe                HAL_PCD_EP_Close
 .text.HAL_PCD_EP_Receive
                0x0000000008002562       0x32 ./Drivers/STM32F3xx_HAL_Driver/Src/stm32f3xx_hal_pcd.o
                0x0000000008002562                HAL_PCD_EP_Receive
 .text.HAL_PCD_EP_GetRxCount
                0x0000000008002594       0x12 ./Drivers/STM32F3xx_HAL_Driver/Src/stm32f3xx_hal_pcd.o
                0x0000000008002594                HAL_PCD_EP_GetRxCount
 .text.HAL_PCD_EP_Transmit
                0x00000000080025a6       0x42 ./Drivers/STM32F3xx_HAL_Driver/Src/stm32f3xx_hal_pcd.o
                0x00000000080025a6                HAL_PCD_EP_Transmit
 .text.HAL_PCD_EP_SetStall
                0x00000000080025e8       0x6a ./Drivers/STM32F3xx_HAL_Driver/Src/stm32f3xx_hal_pcd.o
                0x00000000080025e8                HAL_PCD_EP_SetStall
 .text.HAL_PCD_EP_ClrStall
                0x0000000008002652       0x76 ./Drivers/STM32F3xx_HAL_Driver/Src/stm32f3xx_hal_pcd.o
                0x0000000008002652                HAL_PCD_EP_ClrStall
 .text.HAL_PCDEx_PMAConfig
                0x00000000080026c8       0x38 ./Drivers/STM32F3xx_HAL_Driver/Src/stm32f3xx_hal_pcd_ex.o
                0x00000000080026c8                HAL_PCDEx_PMAConfig
 .text.HAL_RCC_OscConfig
                0x0000000008002700      0x5d4 ./Drivers/STM32F3xx_HAL_Driver/Src/stm32f3xx_hal_rcc.o
                0x0000000008002700                HAL_RCC_OscConfig
 .text.HAL_RCC_GetSysClockFreq
                0x0000000008002cd4       0x70 ./Drivers/STM32F3xx_HAL_Driver/Src/stm32f3xx_hal_rcc.o
                0x0000000008002cd4                HAL_RCC_GetSysClockFreq
 .text.HAL_RCC_ClockConfig
                0x0000000008002d44      0x194 ./Drivers/STM32F3xx_HAL_Driver/Src/stm32f3xx_hal_rcc.o
                0x0000000008002d44                HAL_RCC_ClockConfig
 .text.HAL_RCCEx_PeriphCLKConfig
                0x0000000008002ed8      0x224 ./Drivers/STM32F3xx_HAL_Driver/Src/stm32f3xx_hal_rcc_ex.o
                0x0000000008002ed8                HAL_RCCEx_PeriphCLKConfig
 .text.TIM_OC1_SetConfig
                0x00000000080030fc       0x9c ./Drivers/STM32F3xx_HAL_Driver/Src/stm32f3xx_hal_tim.o
 .text.TIM_OC3_SetConfig
                0x0000000008003198       0x7c ./Drivers/STM32F3xx_HAL_Driver/Src/stm32f3xx_hal_tim.o
 .text.TIM_OC4_SetConfig
                0x0000000008003214       0x64 ./Drivers/STM32F3xx_HAL_Driver/Src/stm32f3xx_hal_tim.o
 .text.TIM_OC5_SetConfig
                0x0000000008003278       0x60 ./Drivers/STM32F3xx_HAL_Driver/Src/stm32f3xx_hal_tim.o
 .text.TIM_OC6_SetConfig
                0x00000000080032d8       0x64 ./Drivers/STM32F3xx_HAL_Driver/Src/stm32f3xx_hal_tim.o
 .text.HAL_TIM_Base_Start_IT
                0x000000000800333c       0x7c ./Drivers/STM32F3xx_HAL_Driver/Src/stm32f3xx_hal_tim.o
                0x000000000800333c                HAL_TIM_Base_Start_IT
 .text.HAL_TIM_PWM_MspInit
                0x00000000080033b8        0x2 ./Drivers/STM32F3xx_HAL_Driver/Src/stm32f3xx_hal_tim.o
                0x00000000080033b8                HAL_TIM_PWM_MspInit
 .text.HAL_TIM_PeriodElapsedCallback
                0x00000000080033ba        0x2 ./Drivers/STM32F3xx_HAL_Driver/Src/stm32f3xx_hal_tim.o
                0x00000000080033ba                HAL_TIM_PeriodElapsedCallback
 .text.HAL_TIM_OC_DelayElapsedCallback
                0x00000000080033bc        0x2 ./Drivers/STM32F3xx_HAL_Driver/Src/stm32f3xx_hal_tim.o
                0x00000000080033bc                HAL_TIM_OC_DelayElapsedCallback
 .text.HAL_TIM_IC_CaptureCallback
                0x00000000080033be        0x2 ./Drivers/STM32F3xx_HAL_Driver/Src/stm32f3xx_hal_tim.o
                0x00000000080033be                HAL_TIM_IC_CaptureCallback
 .text.HAL_TIM_PWM_PulseFinishedCallback
                0x00000000080033c0        0x2 ./Drivers/STM32F3xx_HAL_Driver/Src/stm32f3xx_hal_tim.o
                0x00000000080033c0                HAL_TIM_PWM_PulseFinishedCallback
 .text.HAL_TIM_TriggerCallback
                0x00000000080033c2        0x2 ./Drivers/STM32F3xx_HAL_Driver/Src/stm32f3xx_hal_tim.o
                0x00000000080033c2                HAL_TIM_TriggerCallback
 .text.HAL_TIM_IRQHandler
                0x00000000080033c4      0x19a ./Drivers/STM32F3xx_HAL_Driver/Src/stm32f3xx_hal_tim.o
                0x00000000080033c4                HAL_TIM_IRQHandler
 *fill*         0x000000000800355e        0x2 
 .text.TIM_Base_SetConfig
                0x0000000008003560      0x108 ./Drivers/STM32F3xx_HAL_Driver/Src/stm32f3xx_hal_tim.o
                0x0000000008003560                TIM_Base_SetConfig
 .text.HAL_TIM_Base_Init
                0x0000000008003668       0x60 ./Drivers/STM32F3xx_HAL_Driver/Src/stm32f3xx_hal_tim.o
                0x0000000008003668                HAL_TIM_Base_Init
 .text.HAL_TIM_PWM_Init
                0x00000000080036c8       0x60 ./Drivers/STM32F3xx_HAL_Driver/Src/stm32f3xx_hal_tim.o
                0x00000000080036c8                HAL_TIM_PWM_Init
 .text.TIM_OC2_SetConfig
                0x0000000008003728       0x7c ./Drivers/STM32F3xx_HAL_Driver/Src/stm32f3xx_hal_tim.o
                0x0000000008003728                TIM_OC2_SetConfig
 .text.HAL_TIM_PWM_ConfigChannel
                0x00000000080037a4      0x13a ./Drivers/STM32F3xx_HAL_Driver/Src/stm32f3xx_hal_tim.o
                0x00000000080037a4                HAL_TIM_PWM_ConfigChannel
 .text.TIM_ETR_SetConfig
                0x00000000080038de       0x1a ./Drivers/STM32F3xx_HAL_Driver/Src/stm32f3xx_hal_tim.o
                0x00000000080038de                TIM_ETR_SetConfig
 .text.HAL_TIM_ConfigClockSource
                0x00000000080038f8      0x16c ./Drivers/STM32F3xx_HAL_Driver/Src/stm32f3xx_hal_tim.o
                0x00000000080038f8                HAL_TIM_ConfigClockSource
 .text.HAL_TIMEx_MasterConfigSynchronization
                0x0000000008003a64       0x80 ./Drivers/STM32F3xx_HAL_Driver/Src/stm32f3xx_hal_tim_ex.o
                0x0000000008003a64                HAL_TIMEx_MasterConfigSynchronization
 .text.HAL_TIMEx_CommutCallback
                0x0000000008003ae4        0x2 ./Drivers/STM32F3xx_HAL_Driver/Src/stm32f3xx_hal_tim_ex.o
                0x0000000008003ae4                HAL_TIMEx_CommutCallback
 .text.HAL_TIMEx_BreakCallback
                0x0000000008003ae6        0x2 ./Drivers/STM32F3xx_HAL_Driver/Src/stm32f3xx_hal_tim_ex.o
                0x0000000008003ae6                HAL_TIMEx_BreakCallback
 .text.HAL_TIMEx_Break2Callback
                0x0000000008003ae8        0x2 ./Drivers/STM32F3xx_HAL_Driver/Src/stm32f3xx_hal_tim_ex.o
                0x0000000008003ae8                HAL_TIMEx_Break2Callback
 .text.USB_EnableGlobalInt
                0x0000000008003aea       0x12 ./Drivers/STM32F3xx_HAL_Driver/Src/stm32f3xx_ll_usb.o
                0x0000000008003aea                USB_EnableGlobalInt
 .text.USB_DisableGlobalInt
                0x0000000008003afc       0x14 ./Drivers/STM32F3xx_HAL_Driver/Src/stm32f3xx_ll_usb.o
                0x0000000008003afc                USB_DisableGlobalInt
 .text.USB_DevInit
                0x0000000008003b10       0x22 ./Drivers/STM32F3xx_HAL_Driver/Src/stm32f3xx_ll_usb.o
                0x0000000008003b10                USB_DevInit
 .text.USB_ActivateEndpoint
                0x0000000008003b32      0x390 ./Drivers/STM32F3xx_HAL_Driver/Src/stm32f3xx_ll_usb.o
                0x0000000008003b32                USB_ActivateEndpoint
 .text.USB_DeactivateEndpoint
                0x0000000008003ec2      0x1d2 ./Drivers/STM32F3xx_HAL_Driver/Src/stm32f3xx_ll_usb.o
                0x0000000008003ec2                USB_DeactivateEndpoint
 .text.USB_EPSetStall
                0x0000000008004094       0x4a ./Drivers/STM32F3xx_HAL_Driver/Src/stm32f3xx_ll_usb.o
                0x0000000008004094                USB_EPSetStall
 .text.USB_EPClearStall
                0x00000000080040de       0xa2 ./Drivers/STM32F3xx_HAL_Driver/Src/stm32f3xx_ll_usb.o
                0x00000000080040de                USB_EPClearStall
 .text.USB_SetDevAddress
                0x0000000008004180        0xc ./Drivers/STM32F3xx_HAL_Driver/Src/stm32f3xx_ll_usb.o
                0x0000000008004180                USB_SetDevAddress
 .text.USB_DevConnect
                0x000000000800418c        0x4 ./Drivers/STM32F3xx_HAL_Driver/Src/stm32f3xx_ll_usb.o
                0x000000000800418c                USB_DevConnect
 .text.USB_ReadInterrupts
                0x0000000008004190        0x8 ./Drivers/STM32F3xx_HAL_Driver/Src/stm32f3xx_ll_usb.o
                0x0000000008004190                USB_ReadInterrupts
 .text.USB_WritePMA
                0x0000000008004198       0x2e ./Drivers/STM32F3xx_HAL_Driver/Src/stm32f3xx_ll_usb.o
                0x0000000008004198                USB_WritePMA
 .text.USB_EPStartXfer
                0x00000000080041c6      0x6b6 ./Drivers/STM32F3xx_HAL_Driver/Src/stm32f3xx_ll_usb.o
                0x00000000080041c6                USB_EPStartXfer
 .text.USB_ReadPMA
                0x000000000800487c       0x44 ./Drivers/STM32F3xx_HAL_Driver/Src/stm32f3xx_ll_usb.o
                0x000000000800487c                USB_ReadPMA
 .text.USBD_CDC_EP0_RxReady
                0x00000000080048c0       0x2c ./Middlewares/ST/STM32_USB_Device_Library/Class/CDC/Src/usbd_cdc.o
 .text.USBD_CDC_GetFSCfgDesc
                0x00000000080048ec        0xc ./Middlewares/ST/STM32_USB_Device_Library/Class/CDC/Src/usbd_cdc.o
 .text.USBD_CDC_GetHSCfgDesc
                0x00000000080048f8        0xc ./Middlewares/ST/STM32_USB_Device_Library/Class/CDC/Src/usbd_cdc.o
 .text.USBD_CDC_GetOtherSpeedCfgDesc
                0x0000000008004904        0xc ./Middlewares/ST/STM32_USB_Device_Library/Class/CDC/Src/usbd_cdc.o
 .text.USBD_CDC_GetDeviceQualifierDescriptor
                0x0000000008004910        0xc ./Middlewares/ST/STM32_USB_Device_Library/Class/CDC/Src/usbd_cdc.o
                0x0000000008004910                USBD_CDC_GetDeviceQualifierDescriptor
 .text.USBD_CDC_DataOut
                0x000000000800491c       0x2e ./Middlewares/ST/STM32_USB_Device_Library/Class/CDC/Src/usbd_cdc.o
 .text.USBD_CDC_DataIn
                0x000000000800494a       0x50 ./Middlewares/ST/STM32_USB_Device_Library/Class/CDC/Src/usbd_cdc.o
 .text.USBD_CDC_Setup
                0x000000000800499a       0xd6 ./Middlewares/ST/STM32_USB_Device_Library/Class/CDC/Src/usbd_cdc.o
 .text.USBD_CDC_DeInit
                0x0000000008004a70       0x42 ./Middlewares/ST/STM32_USB_Device_Library/Class/CDC/Src/usbd_cdc.o
 .text.USBD_CDC_Init
                0x0000000008004ab2       0xa2 ./Middlewares/ST/STM32_USB_Device_Library/Class/CDC/Src/usbd_cdc.o
 .text.USBD_CDC_RegisterInterface
                0x0000000008004b54        0xe ./Middlewares/ST/STM32_USB_Device_Library/Class/CDC/Src/usbd_cdc.o
                0x0000000008004b54                USBD_CDC_RegisterInterface
 .text.USBD_CDC_SetTxBuffer
                0x0000000008004b62       0x10 ./Middlewares/ST/STM32_USB_Device_Library/Class/CDC/Src/usbd_cdc.o
                0x0000000008004b62                USBD_CDC_SetTxBuffer
 .text.USBD_CDC_SetRxBuffer
                0x0000000008004b72        0xc ./Middlewares/ST/STM32_USB_Device_Library/Class/CDC/Src/usbd_cdc.o
                0x0000000008004b72                USBD_CDC_SetRxBuffer
 .text.USBD_CDC_TransmitPacket
                0x0000000008004b7e       0x34 ./Middlewares/ST/STM32_USB_Device_Library/Class/CDC/Src/usbd_cdc.o
                0x0000000008004b7e                USBD_CDC_TransmitPacket
 .text.USBD_CDC_ReceivePacket
                0x0000000008004bb2       0x32 ./Middlewares/ST/STM32_USB_Device_Library/Class/CDC/Src/usbd_cdc.o
                0x0000000008004bb2                USBD_CDC_ReceivePacket
 .text.USBD_Init
                0x0000000008004be4       0x2e ./Middlewares/ST/STM32_USB_Device_Library/Core/Src/usbd_core.o
                0x0000000008004be4                USBD_Init
 .text.USBD_RegisterClass
                0x0000000008004c12        0xe ./Middlewares/ST/STM32_USB_Device_Library/Core/Src/usbd_core.o
                0x0000000008004c12                USBD_RegisterClass
 .text.USBD_Start
                0x0000000008004c20        0xa ./Middlewares/ST/STM32_USB_Device_Library/Core/Src/usbd_core.o
                0x0000000008004c20                USBD_Start
 .text.USBD_SetClassConfig
                0x0000000008004c2a       0x1a ./Middlewares/ST/STM32_USB_Device_Library/Core/Src/usbd_core.o
                0x0000000008004c2a                USBD_SetClassConfig
 .text.USBD_ClrClassConfig
                0x0000000008004c44        0xe ./Middlewares/ST/STM32_USB_Device_Library/Core/Src/usbd_core.o
                0x0000000008004c44                USBD_ClrClassConfig
 .text.USBD_LL_SetupStage
                0x0000000008004c52       0x5a ./Middlewares/ST/STM32_USB_Device_Library/Core/Src/usbd_core.o
                0x0000000008004c52                USBD_LL_SetupStage
 .text.USBD_LL_DataOutStage
                0x0000000008004cac       0x88 ./Middlewares/ST/STM32_USB_Device_Library/Core/Src/usbd_core.o
                0x0000000008004cac                USBD_LL_DataOutStage
 .text.USBD_LL_DataInStage
                0x0000000008004d34       0xce ./Middlewares/ST/STM32_USB_Device_Library/Core/Src/usbd_core.o
                0x0000000008004d34                USBD_LL_DataInStage
 .text.USBD_LL_Reset
                0x0000000008004e02       0x50 ./Middlewares/ST/STM32_USB_Device_Library/Core/Src/usbd_core.o
                0x0000000008004e02                USBD_LL_Reset
 .text.USBD_LL_SetSpeed
                0x0000000008004e52        0x6 ./Middlewares/ST/STM32_USB_Device_Library/Core/Src/usbd_core.o
                0x0000000008004e52                USBD_LL_SetSpeed
 .text.USBD_LL_Suspend
                0x0000000008004e58       0x12 ./Middlewares/ST/STM32_USB_Device_Library/Core/Src/usbd_core.o
                0x0000000008004e58                USBD_LL_Suspend
 .text.USBD_LL_Resume
                0x0000000008004e6a       0x14 ./Middlewares/ST/STM32_USB_Device_Library/Core/Src/usbd_core.o
                0x0000000008004e6a                USBD_LL_Resume
 .text.USBD_LL_SOF
                0x0000000008004e7e       0x1c ./Middlewares/ST/STM32_USB_Device_Library/Core/Src/usbd_core.o
                0x0000000008004e7e                USBD_LL_SOF
 .text.USBD_ParseSetupRequest
                0x0000000008004e9a       0x28 ./Middlewares/ST/STM32_USB_Device_Library/Core/Src/usbd_ctlreq.o
                0x0000000008004e9a                USBD_ParseSetupRequest
 .text.USBD_CtlError
                0x0000000008004ec2       0x14 ./Middlewares/ST/STM32_USB_Device_Library/Core/Src/usbd_ctlreq.o
                0x0000000008004ec2                USBD_CtlError
 *fill*         0x0000000008004ed6        0x2 
 .text.USBD_StdDevReq
                0x0000000008004ed8      0x370 ./Middlewares/ST/STM32_USB_Device_Library/Core/Src/usbd_ctlreq.o
                0x0000000008004ed8                USBD_StdDevReq
 .text.USBD_StdItfReq
                0x0000000008005248       0x60 ./Middlewares/ST/STM32_USB_Device_Library/Core/Src/usbd_ctlreq.o
                0x0000000008005248                USBD_StdItfReq
 .text.USBD_StdEPReq
                0x00000000080052a8      0x1a4 ./Middlewares/ST/STM32_USB_Device_Library/Core/Src/usbd_ctlreq.o
                0x00000000080052a8                USBD_StdEPReq
 .text.USBD_GetString
                0x000000000800544c       0x4a ./Middlewares/ST/STM32_USB_Device_Library/Core/Src/usbd_ctlreq.o
                0x000000000800544c                USBD_GetString
 .text.USBD_CtlSendData
                0x0000000008005496       0x1a ./Middlewares/ST/STM32_USB_Device_Library/Core/Src/usbd_ioreq.o
                0x0000000008005496                USBD_CtlSendData
 .text.USBD_CtlContinueSendData
                0x00000000080054b0       0x10 ./Middlewares/ST/STM32_USB_Device_Library/Core/Src/usbd_ioreq.o
                0x00000000080054b0                USBD_CtlContinueSendData
 .text.USBD_CtlPrepareRx
                0x00000000080054c0       0x1e ./Middlewares/ST/STM32_USB_Device_Library/Core/Src/usbd_ioreq.o
                0x00000000080054c0                USBD_CtlPrepareRx
 .text.USBD_CtlContinueRx
                0x00000000080054de       0x10 ./Middlewares/ST/STM32_USB_Device_Library/Core/Src/usbd_ioreq.o
                0x00000000080054de                USBD_CtlContinueRx
 .text.USBD_CtlSendStatus
                0x00000000080054ee       0x16 ./Middlewares/ST/STM32_USB_Device_Library/Core/Src/usbd_ioreq.o
                0x00000000080054ee                USBD_CtlSendStatus
 .text.USBD_CtlReceiveStatus
                0x0000000008005504       0x16 ./Middlewares/ST/STM32_USB_Device_Library/Core/Src/usbd_ioreq.o
                0x0000000008005504                USBD_CtlReceiveStatus
 *fill*         0x000000000800551a        0x2 
 .text.MX_USB_DEVICE_Init
                0x000000000800551c       0x54 ./USB_DEVICE/App/usb_device.o
                0x000000000800551c                MX_USB_DEVICE_Init
 .text.CDC_DeInit_FS
                0x0000000008005570        0x4 ./USB_DEVICE/App/usbd_cdc_if.o
 .text.CDC_Receive_FS
                0x0000000008005574       0xb4 ./USB_DEVICE/App/usbd_cdc_if.o
 .text.CDC_Control_FS
                0x0000000008005628       0x74 ./USB_DEVICE/App/usbd_cdc_if.o
 .text.CDC_Init_FS
                0x000000000800569c       0x28 ./USB_DEVICE/App/usbd_cdc_if.o
 .text.CDC_Transmit_FS
                0x00000000080056c4       0x2c ./USB_DEVICE/App/usbd_cdc_if.o
                0x00000000080056c4                CDC_Transmit_FS
 .text.USBD_FS_DeviceDescriptor
                0x00000000080056f0        0xc ./USB_DEVICE/App/usbd_desc.o
                0x00000000080056f0                USBD_FS_DeviceDescriptor
 .text.USBD_FS_LangIDStrDescriptor
                0x00000000080056fc        0xc ./USB_DEVICE/App/usbd_desc.o
                0x00000000080056fc                USBD_FS_LangIDStrDescriptor
 .text.IntToUnicode
                0x0000000008005708       0x32 ./USB_DEVICE/App/usbd_desc.o
 *fill*         0x000000000800573a        0x2 
 .text.USBD_FS_SerialStrDescriptor
                0x000000000800573c       0x40 ./USB_DEVICE/App/usbd_desc.o
                0x000000000800573c                USBD_FS_SerialStrDescriptor
 .text.USBD_FS_ProductStrDescriptor
                0x000000000800577c       0x18 ./USB_DEVICE/App/usbd_desc.o
                0x000000000800577c                USBD_FS_ProductStrDescriptor
 .text.USBD_FS_ManufacturerStrDescriptor
                0x0000000008005794       0x1c ./USB_DEVICE/App/usbd_desc.o
                0x0000000008005794                USBD_FS_ManufacturerStrDescriptor
 .text.USBD_FS_ConfigStrDescriptor
                0x00000000080057b0       0x18 ./USB_DEVICE/App/usbd_desc.o
                0x00000000080057b0                USBD_FS_ConfigStrDescriptor
 .text.USBD_FS_InterfaceStrDescriptor
                0x00000000080057c8       0x18 ./USB_DEVICE/App/usbd_desc.o
                0x00000000080057c8                USBD_FS_InterfaceStrDescriptor
 .text.USBD_Get_USB_Status
                0x00000000080057e0        0xe ./USB_DEVICE/Target/usbd_conf.o
 *fill*         0x00000000080057ee        0x2 
 .text.HAL_PCD_MspInit
                0x00000000080057f0       0x88 ./USB_DEVICE/Target/usbd_conf.o
                0x00000000080057f0                HAL_PCD_MspInit
 .text.HAL_PCD_SetupStageCallback
                0x0000000008005878       0x10 ./USB_DEVICE/Target/usbd_conf.o
                0x0000000008005878                HAL_PCD_SetupStageCallback
 .text.HAL_PCD_DataOutStageCallback
                0x0000000008005888       0x18 ./USB_DEVICE/Target/usbd_conf.o
                0x0000000008005888                HAL_PCD_DataOutStageCallback
 .text.HAL_PCD_DataInStageCallback
                0x00000000080058a0       0x16 ./USB_DEVICE/Target/usbd_conf.o
                0x00000000080058a0                HAL_PCD_DataInStageCallback
 .text.HAL_PCD_SOFCallback
                0x00000000080058b6        0xc ./USB_DEVICE/Target/usbd_conf.o
                0x00000000080058b6                HAL_PCD_SOFCallback
 .text.HAL_PCD_ResetCallback
                0x00000000080058c2       0x24 ./USB_DEVICE/Target/usbd_conf.o
                0x00000000080058c2                HAL_PCD_ResetCallback
 *fill*         0x00000000080058e6        0x2 
 .text.HAL_PCD_SuspendCallback
                0x00000000080058e8       0x20 ./USB_DEVICE/Target/usbd_conf.o
                0x00000000080058e8                HAL_PCD_SuspendCallback
 .text.HAL_PCD_ResumeCallback
                0x0000000008005908        0xc ./USB_DEVICE/Target/usbd_conf.o
                0x0000000008005908                HAL_PCD_ResumeCallback
 .text.USBD_LL_Init
                0x0000000008005914       0x84 ./USB_DEVICE/Target/usbd_conf.o
                0x0000000008005914                USBD_LL_Init
 .text.USBD_LL_Start
                0x0000000008005998       0x10 ./USB_DEVICE/Target/usbd_conf.o
                0x0000000008005998                USBD_LL_Start
 .text.USBD_LL_OpenEP
                0x00000000080059a8       0x16 ./USB_DEVICE/Target/usbd_conf.o
                0x00000000080059a8                USBD_LL_OpenEP
 .text.USBD_LL_CloseEP
                0x00000000080059be       0x10 ./USB_DEVICE/Target/usbd_conf.o
                0x00000000080059be                USBD_LL_CloseEP
 .text.USBD_LL_StallEP
                0x00000000080059ce       0x10 ./USB_DEVICE/Target/usbd_conf.o
                0x00000000080059ce                USBD_LL_StallEP
 .text.USBD_LL_ClearStallEP
                0x00000000080059de       0x10 ./USB_DEVICE/Target/usbd_conf.o
                0x00000000080059de                USBD_LL_ClearStallEP
 .text.USBD_LL_IsStallEP
                0x00000000080059ee       0x2e ./USB_DEVICE/Target/usbd_conf.o
                0x00000000080059ee                USBD_LL_IsStallEP
 .text.USBD_LL_SetUSBAddress
                0x0000000008005a1c       0x10 ./USB_DEVICE/Target/usbd_conf.o
                0x0000000008005a1c                USBD_LL_SetUSBAddress
 .text.USBD_LL_Transmit
                0x0000000008005a2c       0x10 ./USB_DEVICE/Target/usbd_conf.o
                0x0000000008005a2c                USBD_LL_Transmit
 .text.USBD_LL_PrepareReceive
                0x0000000008005a3c       0x10 ./USB_DEVICE/Target/usbd_conf.o
                0x0000000008005a3c                USBD_LL_PrepareReceive
 .text.USBD_LL_GetRxDataSize
                0x0000000008005a4c        0xc ./USB_DEVICE/Target/usbd_conf.o
                0x0000000008005a4c                USBD_LL_GetRxDataSize
 .text.USBD_static_malloc
                0x0000000008005a58        0x8 ./USB_DEVICE/Target/usbd_conf.o
                0x0000000008005a58                USBD_static_malloc
 .text.USBD_static_free
                0x0000000008005a60        0x2 ./USB_DEVICE/Target/usbd_conf.o
                0x0000000008005a60                USBD_static_free
 .text.HAL_PCDEx_SetConnectionState
                0x0000000008005a62       0x18 ./USB_DEVICE/Target/usbd_conf.o
                0x0000000008005a62                HAL_PCDEx_SetConnectionState
 .text.memset   0x0000000008005a7a       0x10 C:/ST/STM32CubeIDE_1.9.0/STM32CubeIDE/plugins/com.st.stm32cube.ide.mcu.externaltools.gnu-tools-for-stm32.11.3.rel1.win32_1.1.0.202305231506/tools/bin/../lib/gcc/arm-none-eabi/11.3.1/../../../../arm-none-eabi/lib/thumb/v7e-m+fp/hard\libc_nano.a(libc_a-memset.o)
                0x0000000008005a7a                memset
 *fill*         0x0000000008005a8a        0x2 
 .text.__libc_init_array
                0x0000000008005a8c       0x48 C:/ST/STM32CubeIDE_1.9.0/STM32CubeIDE/plugins/com.st.stm32cube.ide.mcu.externaltools.gnu-tools-for-stm32.11.3.rel1.win32_1.1.0.202305231506/tools/bin/../lib/gcc/arm-none-eabi/11.3.1/../../../../arm-none-eabi/lib/thumb/v7e-m+fp/hard\libc_nano.a(libc_a-init.o)
                0x0000000008005a8c                __libc_init_array
 *(.glue_7)
 .glue_7        0x0000000008005ad4        0x0 linker stubs
 *(.glue_7t)
 .glue_7t       0x0000000008005ad4        0x0 linker stubs
 *(.eh_frame)
 .eh_frame      0x0000000008005ad4        0x0 C:/ST/STM32CubeIDE_1.9.0/STM32CubeIDE/plugins/com.st.stm32cube.ide.mcu.externaltools.gnu-tools-for-stm32.11.3.rel1.win32_1.1.0.202305231506/tools/bin/../lib/gcc/arm-none-eabi/11.3.1/thumb/v7e-m+fp/hard/crtbegin.o
 *(.init)
 .init          0x0000000008005ad4        0x4 C:/ST/STM32CubeIDE_1.9.0/STM32CubeIDE/plugins/com.st.stm32cube.ide.mcu.externaltools.gnu-tools-for-stm32.11.3.rel1.win32_1.1.0.202305231506/tools/bin/../lib/gcc/arm-none-eabi/11.3.1/thumb/v7e-m+fp/hard/crti.o
                0x0000000008005ad4                _init
 .init          0x0000000008005ad8        0x8 C:/ST/STM32CubeIDE_1.9.0/STM32CubeIDE/plugins/com.st.stm32cube.ide.mcu.externaltools.gnu-tools-for-stm32.11.3.rel1.win32_1.1.0.202305231506/tools/bin/../lib/gcc/arm-none-eabi/11.3.1/thumb/v7e-m+fp/hard/crtn.o
 *(.fini)
 .fini          0x0000000008005ae0        0x4 C:/ST/STM32CubeIDE_1.9.0/STM32CubeIDE/plugins/com.st.stm32cube.ide.mcu.externaltools.gnu-tools-for-stm32.11.3.rel1.win32_1.1.0.202305231506/tools/bin/../lib/gcc/arm-none-eabi/11.3.1/thumb/v7e-m+fp/hard/crti.o
                0x0000000008005ae0                _fini
 .fini          0x0000000008005ae4        0x8 C:/ST/STM32CubeIDE_1.9.0/STM32CubeIDE/plugins/com.st.stm32cube.ide.mcu.externaltools.gnu-tools-for-stm32.11.3.rel1.win32_1.1.0.202305231506/tools/bin/../lib/gcc/arm-none-eabi/11.3.1/thumb/v7e-m+fp/hard/crtn.o
                0x0000000008005aec                . = ALIGN (0x4)
                0x0000000008005aec                _etext = .

.vfp11_veneer   0x0000000008005aec        0x0
 .vfp11_veneer  0x0000000008005aec        0x0 linker stubs

.v4_bx          0x0000000008005aec        0x0
 .v4_bx         0x0000000008005aec        0x0 linker stubs

.iplt           0x0000000008005aec        0x0
 .iplt          0x0000000008005aec        0x0 C:/ST/STM32CubeIDE_1.9.0/STM32CubeIDE/plugins/com.st.stm32cube.ide.mcu.externaltools.gnu-tools-for-stm32.11.3.rel1.win32_1.1.0.202305231506/tools/bin/../lib/gcc/arm-none-eabi/11.3.1/thumb/v7e-m+fp/hard/crtbegin.o

.rodata         0x0000000008005aec       0x90
                0x0000000008005aec                . = ALIGN (0x4)
 *(.rodata)
 .rodata        0x0000000008005aec       0x28 ./Core/Src/usbcan_main.o
 *(.rodata*)
 .rodata.AHBPrescTable
                0x0000000008005b14       0x10 ./Core/Src/system_stm32f3xx.o
                0x0000000008005b14                AHBPrescTable
 .rodata.aPLLMULFactorTable
                0x0000000008005b24       0x10 ./Drivers/STM32F3xx_HAL_Driver/Src/stm32f3xx_hal_rcc.o
 .rodata.aPredivFactorTable
                0x0000000008005b34       0x10 ./Drivers/STM32F3xx_HAL_Driver/Src/stm32f3xx_hal_rcc.o
 .rodata.USBD_FS_ProductStrDescriptor.str1.4
                0x0000000008005b44       0x16 ./USB_DEVICE/App/usbd_desc.o
 *fill*         0x0000000008005b5a        0x2 
 .rodata.USBD_FS_ManufacturerStrDescriptor.str1.4
                0x0000000008005b5c        0x4 ./USB_DEVICE/App/usbd_desc.o
 .rodata.USBD_FS_ConfigStrDescriptor.str1.4
                0x0000000008005b60        0xb ./USB_DEVICE/App/usbd_desc.o
 *fill*         0x0000000008005b6b        0x1 
 .rodata.USBD_FS_InterfaceStrDescriptor.str1.4
                0x0000000008005b6c        0xe ./USB_DEVICE/App/usbd_desc.o
                0x0000000008005b7c                . = ALIGN (0x4)
 *fill*         0x0000000008005b7a        0x2 

.rel.dyn        0x0000000008005b7c        0x0
 .rel.iplt      0x0000000008005b7c        0x0 C:/ST/STM32CubeIDE_1.9.0/STM32CubeIDE/plugins/com.st.stm32cube.ide.mcu.externaltools.gnu-tools-for-stm32.11.3.rel1.win32_1.1.0.202305231506/tools/bin/../lib/gcc/arm-none-eabi/11.3.1/thumb/v7e-m+fp/hard/crtbegin.o

.ARM.extab      0x0000000008005b7c        0x0
                0x0000000008005b7c                . = ALIGN (0x4)
 *(.ARM.extab* .gnu.linkonce.armextab.*)
                0x0000000008005b7c                . = ALIGN (0x4)

.ARM            0x0000000008005b7c        0x0
                0x0000000008005b7c                . = ALIGN (0x4)
                0x0000000008005b7c                __exidx_start = .
 *(.ARM.exidx*)
                0x0000000008005b7c                __exidx_end = .
                0x0000000008005b7c                . = ALIGN (0x4)

.preinit_array  0x0000000008005b7c        0x0
                0x0000000008005b7c                . = ALIGN (0x4)
                0x0000000008005b7c                PROVIDE (__preinit_array_start = .)
 *(.preinit_array*)
                0x0000000008005b7c                PROVIDE (__preinit_array_end = .)
                0x0000000008005b7c                . = ALIGN (0x4)

.init_array     0x0000000008005b7c        0x8
                0x0000000008005b7c                . = ALIGN (0x4)
                0x0000000008005b7c                PROVIDE (__init_array_start = .)
 *(SORT_BY_NAME(.init_array.*))
 *(.init_array*)
 .init_array    0x0000000008005b7c        0x4 C:/ST/STM32CubeIDE_1.9.0/STM32CubeIDE/plugins/com.st.stm32cube.ide.mcu.externaltools.gnu-tools-for-stm32.11.3.rel1.win32_1.1.0.202305231506/tools/bin/../lib/gcc/arm-none-eabi/11.3.1/thumb/v7e-m+fp/hard/crtbegin.o
 .init_array    0x0000000008005b80        0x4 ./Core/Src/usbcan_main.o
                0x0000000008005b84                PROVIDE (__init_array_end = .)
                0x0000000008005b84                . = ALIGN (0x4)

.fini_array     0x0000000008005b84        0x4
                0x0000000008005b84                . = ALIGN (0x4)
                [!provide]                        PROVIDE (__fini_array_start = .)
 *(SORT_BY_NAME(.fini_array.*))
 *(.fini_array*)
 .fini_array    0x0000000008005b84        0x4 C:/ST/STM32CubeIDE_1.9.0/STM32CubeIDE/plugins/com.st.stm32cube.ide.mcu.externaltools.gnu-tools-for-stm32.11.3.rel1.win32_1.1.0.202305231506/tools/bin/../lib/gcc/arm-none-eabi/11.3.1/thumb/v7e-m+fp/hard/crtbegin.o
                [!provide]                        PROVIDE (__fini_array_end = .)
                0x0000000008005b88                . = ALIGN (0x4)
                0x0000000008005b88                _sidata = LOADADDR (.data)

.data           0x0000000020000000      0x1d8 load address 0x0000000008005b88
                0x0000000020000000                . = ALIGN (0x4)
                0x0000000020000000                _sdata = .
 *(.data)
 *(.data*)
 .data._ZZ11usb_processE18HelloSLCAN_encoded
                0x0000000020000000        0xd ./Core/Src/can_usb.o
 *fill*         0x000000002000000d        0x3 
 .data.led_list
                0x0000000020000010       0x40 ./Core/Src/led.o
                0x0000000020000010                led_list
 .data.SystemCoreClock
                0x0000000020000050        0x4 ./Core/Src/system_stm32f3xx.o
                0x0000000020000050                SystemCoreClock
 .data.uwTickFreq
                0x0000000020000054        0x1 ./Drivers/STM32F3xx_HAL_Driver/Src/stm32f3xx_hal.o
                0x0000000020000054                uwTickFreq
 *fill*         0x0000000020000055        0x3 
 .data.uwTickPrio
                0x0000000020000058        0x4 ./Drivers/STM32F3xx_HAL_Driver/Src/stm32f3xx_hal.o
                0x0000000020000058                uwTickPrio
 .data.USBD_CDC
                0x000000002000005c       0x38 ./Middlewares/ST/STM32_USB_Device_Library/Class/CDC/Src/usbd_cdc.o
                0x000000002000005c                USBD_CDC
 .data.USBD_CDC_CfgFSDesc
                0x0000000020000094       0x43 ./Middlewares/ST/STM32_USB_Device_Library/Class/CDC/Src/usbd_cdc.o
                0x0000000020000094                USBD_CDC_CfgFSDesc
 *fill*         0x00000000200000d7        0x1 
 .data.USBD_CDC_CfgHSDesc
                0x00000000200000d8       0x43 ./Middlewares/ST/STM32_USB_Device_Library/Class/CDC/Src/usbd_cdc.o
                0x00000000200000d8                USBD_CDC_CfgHSDesc
 *fill*         0x000000002000011b        0x1 
 .data.USBD_CDC_DeviceQualifierDesc
                0x000000002000011c        0xa ./Middlewares/ST/STM32_USB_Device_Library/Class/CDC/Src/usbd_cdc.o
 *fill*         0x0000000020000126        0x2 
 .data.USBD_CDC_OtherSpeedCfgDesc
                0x0000000020000128       0x43 ./Middlewares/ST/STM32_USB_Device_Library/Class/CDC/Src/usbd_cdc.o
                0x0000000020000128                USBD_CDC_OtherSpeedCfgDesc
 *fill*         0x000000002000016b        0x1 
 .data.USBD_Interface_fops_FS
                0x000000002000016c       0x10 ./USB_DEVICE/App/usbd_cdc_if.o
                0x000000002000016c                USBD_Interface_fops_FS
 .data.linecoding
                0x000000002000017c        0x8 ./USB_DEVICE/App/usbd_cdc_if.o
                0x000000002000017c                linecoding
 .data.zero_count
                0x0000000020000184        0x1 ./USB_DEVICE/App/usbd_cdc_if.o
                0x0000000020000184                zero_count
 *fill*         0x0000000020000185        0x3 
 .data.FS_Desc  0x0000000020000188       0x1c ./USB_DEVICE/App/usbd_desc.o
                0x0000000020000188                FS_Desc
 .data.USBD_FS_DeviceDesc
                0x00000000200001a4       0x12 ./USB_DEVICE/App/usbd_desc.o
                0x00000000200001a4                USBD_FS_DeviceDesc
 *fill*         0x00000000200001b6        0x2 
 .data.USBD_LangIDDesc
                0x00000000200001b8        0x4 ./USB_DEVICE/App/usbd_desc.o
                0x00000000200001b8                USBD_LangIDDesc
 .data.USBD_StringSerial
                0x00000000200001bc       0x1a ./USB_DEVICE/App/usbd_desc.o
                0x00000000200001bc                USBD_StringSerial
 *(.RamFunc)
 *(.RamFunc*)
                0x00000000200001d8                . = ALIGN (0x4)
 *fill*         0x00000000200001d6        0x2 
                0x00000000200001d8                _edata = .

.igot.plt       0x00000000200001d8        0x0 load address 0x0000000008005d60
 .igot.plt      0x00000000200001d8        0x0 C:/ST/STM32CubeIDE_1.9.0/STM32CubeIDE/plugins/com.st.stm32cube.ide.mcu.externaltools.gnu-tools-for-stm32.11.3.rel1.win32_1.1.0.202305231506/tools/bin/../lib/gcc/arm-none-eabi/11.3.1/thumb/v7e-m+fp/hard/crtbegin.o
                0x00000000200001d8                . = ALIGN (0x4)

.bss            0x00000000200001d8     0x1460 load address 0x0000000008005d60
                0x00000000200001d8                _sbss = .
                0x00000000200001d8                __bss_start__ = _sbss
 *(.bss)
 .bss           0x00000000200001d8       0x1c C:/ST/STM32CubeIDE_1.9.0/STM32CubeIDE/plugins/com.st.stm32cube.ide.mcu.externaltools.gnu-tools-for-stm32.11.3.rel1.win32_1.1.0.202305231506/tools/bin/../lib/gcc/arm-none-eabi/11.3.1/thumb/v7e-m+fp/hard/crtbegin.o
 *(.bss*)
 .bss.TxHeader  0x00000000200001f4       0x18 ./Core/Src/can_usb.o
                0x00000000200001f4                TxHeader
 .bss.TxMailbox
                0x000000002000020c        0x4 ./Core/Src/can_usb.o
                0x000000002000020c                TxMailbox
 .bss.hcan      0x0000000020000210       0x28 ./Core/Src/main.o
                0x0000000020000210                hcan
 .bss.htim3     0x0000000020000238       0x4c ./Core/Src/main.o
                0x0000000020000238                htim3
 .bss.motor     0x0000000020000284      0x168 ./Core/Src/usbcan_main.o
                0x0000000020000284                motor
 .bss.TxHeader1
                0x00000000200003ec       0x18 ./Core/Src/usbcan_main.o
                0x00000000200003ec                TxHeader1
 .bss.TxHeader2
                0x0000000020000404       0x18 ./Core/Src/usbcan_main.o
                0x0000000020000404                TxHeader2
 .bss.uwTick    0x000000002000041c        0x4 ./Drivers/STM32F3xx_HAL_Driver/Src/stm32f3xx_hal.o
                0x000000002000041c                uwTick
 .bss.cfgidx.0  0x0000000020000420        0x1 ./Middlewares/ST/STM32_USB_Device_Library/Core/Src/usbd_ctlreq.o
 *fill*         0x0000000020000421        0x3 
 .bss.hUsbDeviceFS
                0x0000000020000424      0x2c4 ./USB_DEVICE/App/usb_device.o
                0x0000000020000424                hUsbDeviceFS
 .bss.DecodedData
                0x00000000200006e8       0x40 ./USB_DEVICE/App/usbd_cdc_if.o
                0x00000000200006e8                DecodedData
 .bss.UserRxBufferFS
                0x0000000020000728      0x400 ./USB_DEVICE/App/usbd_cdc_if.o
                0x0000000020000728                UserRxBufferFS
 .bss.UserTxBufferFS
                0x0000000020000b28      0x400 ./USB_DEVICE/App/usbd_cdc_if.o
                0x0000000020000b28                UserTxBufferFS
 .bss.data_index
                0x0000000020000f28        0x1 ./USB_DEVICE/App/usbd_cdc_if.o
                0x0000000020000f28                data_index
 .bss.is_first  0x0000000020000f29        0x1 ./USB_DEVICE/App/usbd_cdc_if.o
                0x0000000020000f29                is_first
 *fill*         0x0000000020000f2a        0x2 
 .bss.USBD_StrDesc
                0x0000000020000f2c      0x200 ./USB_DEVICE/App/usbd_desc.o
                0x0000000020000f2c                USBD_StrDesc
 .bss.hpcd_USB_FS
                0x000000002000112c      0x2ec ./USB_DEVICE/Target/usbd_conf.o
                0x000000002000112c                hpcd_USB_FS
 .bss.mem.0     0x0000000020001418      0x220 ./USB_DEVICE/Target/usbd_conf.o
 *(COMMON)
                0x0000000020001638                . = ALIGN (0x4)
                0x0000000020001638                _ebss = .
                0x0000000020001638                __bss_end__ = _ebss

._user_heap_stack
                0x0000000020001638     0x3000 load address 0x0000000008005d60
                0x0000000020001638                . = ALIGN (0x8)
                [!provide]                        PROVIDE (end = .)
                0x0000000020001638                PROVIDE (_end = .)
                0x0000000020003638                . = (. + _Min_Heap_Size)
 *fill*         0x0000000020001638     0x2000 
                0x0000000020004638                . = (. + _Min_Stack_Size)
 *fill*         0x0000000020003638     0x1000 
                0x0000000020004638                . = ALIGN (0x8)

/DISCARD/
 libc.a(*)
 libm.a(*)
 libgcc.a(*)

.ARM.attributes
                0x0000000000000000       0x30
 *(.ARM.attributes)
 .ARM.attributes
                0x0000000000000000       0x1e C:/ST/STM32CubeIDE_1.9.0/STM32CubeIDE/plugins/com.st.stm32cube.ide.mcu.externaltools.gnu-tools-for-stm32.11.3.rel1.win32_1.1.0.202305231506/tools/bin/../lib/gcc/arm-none-eabi/11.3.1/thumb/v7e-m+fp/hard/crti.o
 .ARM.attributes
                0x000000000000001e       0x34 C:/ST/STM32CubeIDE_1.9.0/STM32CubeIDE/plugins/com.st.stm32cube.ide.mcu.externaltools.gnu-tools-for-stm32.11.3.rel1.win32_1.1.0.202305231506/tools/bin/../lib/gcc/arm-none-eabi/11.3.1/thumb/v7e-m+fp/hard/crtbegin.o
 .ARM.attributes
                0x0000000000000052       0x34 ./Core/Src/MotorCtrl.o
 .ARM.attributes
                0x0000000000000086       0x34 ./Core/Src/can_usb.o
 .ARM.attributes
                0x00000000000000ba       0x34 ./Core/Src/led.o
 .ARM.attributes
                0x00000000000000ee       0x34 ./Core/Src/main.o
 .ARM.attributes
                0x0000000000000122       0x34 ./Core/Src/stm32f3xx_hal_msp.o
 .ARM.attributes
                0x0000000000000156       0x34 ./Core/Src/stm32f3xx_it.o
 .ARM.attributes
                0x000000000000018a       0x34 ./Core/Src/system_stm32f3xx.o
 .ARM.attributes
                0x00000000000001be       0x34 ./Core/Src/usbcan_main.o
 .ARM.attributes
                0x00000000000001f2       0x21 ./Core/Startup/startup_stm32f302cbtx.o
 .ARM.attributes
                0x0000000000000213       0x34 ./Drivers/STM32F3xx_HAL_Driver/Src/stm32f3xx_hal.o
 .ARM.attributes
                0x0000000000000247       0x34 ./Drivers/STM32F3xx_HAL_Driver/Src/stm32f3xx_hal_can.o
 .ARM.attributes
                0x000000000000027b       0x34 ./Drivers/STM32F3xx_HAL_Driver/Src/stm32f3xx_hal_cortex.o
 .ARM.attributes
                0x00000000000002af       0x34 ./Drivers/STM32F3xx_HAL_Driver/Src/stm32f3xx_hal_gpio.o
 .ARM.attributes
                0x00000000000002e3       0x34 ./Drivers/STM32F3xx_HAL_Driver/Src/stm32f3xx_hal_pcd.o
 .ARM.attributes
                0x0000000000000317       0x34 ./Drivers/STM32F3xx_HAL_Driver/Src/stm32f3xx_hal_pcd_ex.o
 .ARM.attributes
                0x000000000000034b       0x34 ./Drivers/STM32F3xx_HAL_Driver/Src/stm32f3xx_hal_rcc.o
 .ARM.attributes
                0x000000000000037f       0x34 ./Drivers/STM32F3xx_HAL_Driver/Src/stm32f3xx_hal_rcc_ex.o
 .ARM.attributes
                0x00000000000003b3       0x34 ./Drivers/STM32F3xx_HAL_Driver/Src/stm32f3xx_hal_tim.o
 .ARM.attributes
                0x00000000000003e7       0x34 ./Drivers/STM32F3xx_HAL_Driver/Src/stm32f3xx_hal_tim_ex.o
 .ARM.attributes
                0x000000000000041b       0x34 ./Drivers/STM32F3xx_HAL_Driver/Src/stm32f3xx_ll_usb.o
 .ARM.attributes
                0x000000000000044f       0x34 ./Middlewares/ST/STM32_USB_Device_Library/Class/CDC/Src/usbd_cdc.o
 .ARM.attributes
                0x0000000000000483       0x34 ./Middlewares/ST/STM32_USB_Device_Library/Core/Src/usbd_core.o
 .ARM.attributes
                0x00000000000004b7       0x34 ./Middlewares/ST/STM32_USB_Device_Library/Core/Src/usbd_ctlreq.o
 .ARM.attributes
                0x00000000000004eb       0x34 ./Middlewares/ST/STM32_USB_Device_Library/Core/Src/usbd_ioreq.o
 .ARM.attributes
                0x000000000000051f       0x34 ./USB_DEVICE/App/usb_device.o
 .ARM.attributes
                0x0000000000000553       0x34 ./USB_DEVICE/App/usbd_cdc_if.o
 .ARM.attributes
                0x0000000000000587       0x34 ./USB_DEVICE/App/usbd_desc.o
 .ARM.attributes
                0x00000000000005bb       0x34 ./USB_DEVICE/Target/usbd_conf.o
 .ARM.attributes
                0x00000000000005ef       0x34 C:/ST/STM32CubeIDE_1.9.0/STM32CubeIDE/plugins/com.st.stm32cube.ide.mcu.externaltools.gnu-tools-for-stm32.11.3.rel1.win32_1.1.0.202305231506/tools/bin/../lib/gcc/arm-none-eabi/11.3.1/../../../../arm-none-eabi/lib/thumb/v7e-m+fp/hard\libc_nano.a(libc_a-memset.o)
 .ARM.attributes
                0x0000000000000623       0x34 C:/ST/STM32CubeIDE_1.9.0/STM32CubeIDE/plugins/com.st.stm32cube.ide.mcu.externaltools.gnu-tools-for-stm32.11.3.rel1.win32_1.1.0.202305231506/tools/bin/../lib/gcc/arm-none-eabi/11.3.1/../../../../arm-none-eabi/lib/thumb/v7e-m+fp/hard\libc_nano.a(libc_a-init.o)
 .ARM.attributes
                0x0000000000000657       0x1e C:/ST/STM32CubeIDE_1.9.0/STM32CubeIDE/plugins/com.st.stm32cube.ide.mcu.externaltools.gnu-tools-for-stm32.11.3.rel1.win32_1.1.0.202305231506/tools/bin/../lib/gcc/arm-none-eabi/11.3.1/thumb/v7e-m+fp/hard/crtn.o
OUTPUT(usbcan_fw_v2.elf elf32-littlearm)
LOAD linker stubs
LOAD C:/ST/STM32CubeIDE_1.9.0/STM32CubeIDE/plugins/com.st.stm32cube.ide.mcu.externaltools.gnu-tools-for-stm32.11.3.rel1.win32_1.1.0.202305231506/tools/bin/../lib/gcc/arm-none-eabi/11.3.1/../../../../arm-none-eabi/lib/thumb/v7e-m+fp/hard\libc.a
LOAD C:/ST/STM32CubeIDE_1.9.0/STM32CubeIDE/plugins/com.st.stm32cube.ide.mcu.externaltools.gnu-tools-for-stm32.11.3.rel1.win32_1.1.0.202305231506/tools/bin/../lib/gcc/arm-none-eabi/11.3.1/../../../../arm-none-eabi/lib/thumb/v7e-m+fp/hard\libm.a
LOAD C:/ST/STM32CubeIDE_1.9.0/STM32CubeIDE/plugins/com.st.stm32cube.ide.mcu.externaltools.gnu-tools-for-stm32.11.3.rel1.win32_1.1.0.202305231506/tools/bin/../lib/gcc/arm-none-eabi/11.3.1/thumb/v7e-m+fp/hard\libgcc.a

.comment        0x0000000000000000       0x43
 .comment       0x0000000000000000       0x43 C:/ST/STM32CubeIDE_1.9.0/STM32CubeIDE/plugins/com.st.stm32cube.ide.mcu.externaltools.gnu-tools-for-stm32.11.3.rel1.win32_1.1.0.202305231506/tools/bin/../lib/gcc/arm-none-eabi/11.3.1/thumb/v7e-m+fp/hard/crtbegin.o
                                         0x44 (size before relaxing)
 .comment       0x0000000000000043       0x44 ./Core/Src/MotorCtrl.o
 .comment       0x0000000000000043       0x44 ./Core/Src/can_usb.o
 .comment       0x0000000000000043       0x44 ./Core/Src/led.o
 .comment       0x0000000000000043       0x44 ./Core/Src/main.o
 .comment       0x0000000000000043       0x44 ./Core/Src/stm32f3xx_hal_msp.o
 .comment       0x0000000000000043       0x44 ./Core/Src/stm32f3xx_it.o
 .comment       0x0000000000000043       0x44 ./Core/Src/system_stm32f3xx.o
 .comment       0x0000000000000043       0x44 ./Core/Src/usbcan_main.o
 .comment       0x0000000000000043       0x44 ./Drivers/STM32F3xx_HAL_Driver/Src/stm32f3xx_hal.o
 .comment       0x0000000000000043       0x44 ./Drivers/STM32F3xx_HAL_Driver/Src/stm32f3xx_hal_can.o
 .comment       0x0000000000000043       0x44 ./Drivers/STM32F3xx_HAL_Driver/Src/stm32f3xx_hal_cortex.o
 .comment       0x0000000000000043       0x44 ./Drivers/STM32F3xx_HAL_Driver/Src/stm32f3xx_hal_gpio.o
 .comment       0x0000000000000043       0x44 ./Drivers/STM32F3xx_HAL_Driver/Src/stm32f3xx_hal_pcd.o
 .comment       0x0000000000000043       0x44 ./Drivers/STM32F3xx_HAL_Driver/Src/stm32f3xx_hal_pcd_ex.o
 .comment       0x0000000000000043       0x44 ./Drivers/STM32F3xx_HAL_Driver/Src/stm32f3xx_hal_rcc.o
 .comment       0x0000000000000043       0x44 ./Drivers/STM32F3xx_HAL_Driver/Src/stm32f3xx_hal_rcc_ex.o
 .comment       0x0000000000000043       0x44 ./Drivers/STM32F3xx_HAL_Driver/Src/stm32f3xx_hal_tim.o
 .comment       0x0000000000000043       0x44 ./Drivers/STM32F3xx_HAL_Driver/Src/stm32f3xx_hal_tim_ex.o
 .comment       0x0000000000000043       0x44 ./Drivers/STM32F3xx_HAL_Driver/Src/stm32f3xx_ll_usb.o
 .comment       0x0000000000000043       0x44 ./Middlewares/ST/STM32_USB_Device_Library/Class/CDC/Src/usbd_cdc.o
 .comment       0x0000000000000043       0x44 ./Middlewares/ST/STM32_USB_Device_Library/Core/Src/usbd_core.o
 .comment       0x0000000000000043       0x44 ./Middlewares/ST/STM32_USB_Device_Library/Core/Src/usbd_ctlreq.o
 .comment       0x0000000000000043       0x44 ./Middlewares/ST/STM32_USB_Device_Library/Core/Src/usbd_ioreq.o
 .comment       0x0000000000000043       0x44 ./USB_DEVICE/App/usb_device.o
 .comment       0x0000000000000043       0x44 ./USB_DEVICE/App/usbd_cdc_if.o
 .comment       0x0000000000000043       0x44 ./USB_DEVICE/App/usbd_desc.o
 .comment       0x0000000000000043       0x44 ./USB_DEVICE/Target/usbd_conf.o

.debug_info     0x0000000000000000    0x1d150
 .debug_info    0x0000000000000000      0xdf9 ./Core/Src/MotorCtrl.o
 .debug_info    0x0000000000000df9     0x133b ./Core/Src/can_usb.o
 .debug_info    0x0000000000002134      0x2e8 ./Core/Src/led.o
 .debug_info    0x000000000000241c     0x188e ./Core/Src/main.o
 .debug_info    0x0000000000003caa      0xfe0 ./Core/Src/stm32f3xx_hal_msp.o
 .debug_info    0x0000000000004c8a      0xfec ./Core/Src/stm32f3xx_it.o
 .debug_info    0x0000000000005c76      0x41b ./Core/Src/system_stm32f3xx.o
 .debug_info    0x0000000000006091     0x1bca ./Core/Src/usbcan_main.o
 .debug_info    0x0000000000007c5b       0x23 ./Core/Startup/startup_stm32f302cbtx.o
 .debug_info    0x0000000000007c7e      0x846 ./Drivers/STM32F3xx_HAL_Driver/Src/stm32f3xx_hal.o
 .debug_info    0x00000000000084c4     0x11ba ./Drivers/STM32F3xx_HAL_Driver/Src/stm32f3xx_hal_can.o
 .debug_info    0x000000000000967e      0xeba ./Drivers/STM32F3xx_HAL_Driver/Src/stm32f3xx_hal_cortex.o
 .debug_info    0x000000000000a538      0x63a ./Drivers/STM32F3xx_HAL_Driver/Src/stm32f3xx_hal_gpio.o
 .debug_info    0x000000000000ab72     0x1e36 ./Drivers/STM32F3xx_HAL_Driver/Src/stm32f3xx_hal_pcd.o
 .debug_info    0x000000000000c9a8      0x6bc ./Drivers/STM32F3xx_HAL_Driver/Src/stm32f3xx_hal_pcd_ex.o
 .debug_info    0x000000000000d064     0x1580 ./Drivers/STM32F3xx_HAL_Driver/Src/stm32f3xx_hal_rcc.o
 .debug_info    0x000000000000e5e4      0x6e3 ./Drivers/STM32F3xx_HAL_Driver/Src/stm32f3xx_hal_rcc_ex.o
 .debug_info    0x000000000000ecc7     0x4010 ./Drivers/STM32F3xx_HAL_Driver/Src/stm32f3xx_hal_tim.o
 .debug_info    0x0000000000012cd7     0x1b7c ./Drivers/STM32F3xx_HAL_Driver/Src/stm32f3xx_hal_tim_ex.o
 .debug_info    0x0000000000014853     0x18af ./Drivers/STM32F3xx_HAL_Driver/Src/stm32f3xx_ll_usb.o
 .debug_info    0x0000000000016102     0x13a0 ./Middlewares/ST/STM32_USB_Device_Library/Class/CDC/Src/usbd_cdc.o
 .debug_info    0x00000000000174a2      0xda6 ./Middlewares/ST/STM32_USB_Device_Library/Core/Src/usbd_core.o
 .debug_info    0x0000000000018248     0x10f8 ./Middlewares/ST/STM32_USB_Device_Library/Core/Src/usbd_ctlreq.o
 .debug_info    0x0000000000019340      0x7b5 ./Middlewares/ST/STM32_USB_Device_Library/Core/Src/usbd_ioreq.o
 .debug_info    0x0000000000019af5      0x6c3 ./USB_DEVICE/App/usb_device.o
 .debug_info    0x000000000001a1b8      0xad9 ./USB_DEVICE/App/usbd_cdc_if.o
 .debug_info    0x000000000001ac91      0x57f ./USB_DEVICE/App/usbd_desc.o
 .debug_info    0x000000000001b210     0x1f40 ./USB_DEVICE/Target/usbd_conf.o

.debug_abbrev   0x0000000000000000     0x4885
 .debug_abbrev  0x0000000000000000      0x33d ./Core/Src/MotorCtrl.o
 .debug_abbrev  0x000000000000033d      0x3ae ./Core/Src/can_usb.o
 .debug_abbrev  0x00000000000006eb      0x1ed ./Core/Src/led.o
 .debug_abbrev  0x00000000000008d8      0x3ab ./Core/Src/main.o
 .debug_abbrev  0x0000000000000c83      0x223 ./Core/Src/stm32f3xx_hal_msp.o
 .debug_abbrev  0x0000000000000ea6      0x208 ./Core/Src/stm32f3xx_it.o
 .debug_abbrev  0x00000000000010ae      0x120 ./Core/Src/system_stm32f3xx.o
 .debug_abbrev  0x00000000000011ce      0x451 ./Core/Src/usbcan_main.o
 .debug_abbrev  0x000000000000161f       0x12 ./Core/Startup/startup_stm32f302cbtx.o
 .debug_abbrev  0x0000000000001631      0x243 ./Drivers/STM32F3xx_HAL_Driver/Src/stm32f3xx_hal.o
 .debug_abbrev  0x0000000000001874      0x276 ./Drivers/STM32F3xx_HAL_Driver/Src/stm32f3xx_hal_can.o
 .debug_abbrev  0x0000000000001aea      0x372 ./Drivers/STM32F3xx_HAL_Driver/Src/stm32f3xx_hal_cortex.o
 .debug_abbrev  0x0000000000001e5c      0x1fa ./Drivers/STM32F3xx_HAL_Driver/Src/stm32f3xx_hal_gpio.o
 .debug_abbrev  0x0000000000002056      0x39b ./Drivers/STM32F3xx_HAL_Driver/Src/stm32f3xx_hal_pcd.o
 .debug_abbrev  0x00000000000023f1      0x1a1 ./Drivers/STM32F3xx_HAL_Driver/Src/stm32f3xx_hal_pcd_ex.o
 .debug_abbrev  0x0000000000002592      0x361 ./Drivers/STM32F3xx_HAL_Driver/Src/stm32f3xx_hal_rcc.o
 .debug_abbrev  0x00000000000028f3      0x29e ./Drivers/STM32F3xx_HAL_Driver/Src/stm32f3xx_hal_rcc_ex.o
 .debug_abbrev  0x0000000000002b91      0x2fa ./Drivers/STM32F3xx_HAL_Driver/Src/stm32f3xx_hal_tim.o
 .debug_abbrev  0x0000000000002e8b      0x271 ./Drivers/STM32F3xx_HAL_Driver/Src/stm32f3xx_hal_tim_ex.o
 .debug_abbrev  0x00000000000030fc      0x2d7 ./Drivers/STM32F3xx_HAL_Driver/Src/stm32f3xx_ll_usb.o
 .debug_abbrev  0x00000000000033d3      0x328 ./Middlewares/ST/STM32_USB_Device_Library/Class/CDC/Src/usbd_cdc.o
 .debug_abbrev  0x00000000000036fb      0x28b ./Middlewares/ST/STM32_USB_Device_Library/Core/Src/usbd_core.o
 .debug_abbrev  0x0000000000003986      0x34b ./Middlewares/ST/STM32_USB_Device_Library/Core/Src/usbd_ctlreq.o
 .debug_abbrev  0x0000000000003cd1      0x1aa ./Middlewares/ST/STM32_USB_Device_Library/Core/Src/usbd_ioreq.o
 .debug_abbrev  0x0000000000003e7b      0x1aa ./USB_DEVICE/App/usb_device.o
 .debug_abbrev  0x0000000000004025      0x308 ./USB_DEVICE/App/usbd_cdc_if.o
 .debug_abbrev  0x000000000000432d      0x23e ./USB_DEVICE/App/usbd_desc.o
 .debug_abbrev  0x000000000000456b      0x31a ./USB_DEVICE/Target/usbd_conf.o

.debug_aranges  0x0000000000000000     0x1140
 .debug_aranges
                0x0000000000000000       0x90 ./Core/Src/MotorCtrl.o
 .debug_aranges
                0x0000000000000090       0x40 ./Core/Src/can_usb.o
 .debug_aranges
                0x00000000000000d0       0x28 ./Core/Src/led.o
 .debug_aranges
                0x00000000000000f8       0x30 ./Core/Src/main.o
 .debug_aranges
                0x0000000000000128       0x40 ./Core/Src/stm32f3xx_hal_msp.o
 .debug_aranges
                0x0000000000000168       0x80 ./Core/Src/stm32f3xx_it.o
 .debug_aranges
                0x00000000000001e8       0x28 ./Core/Src/system_stm32f3xx.o
 .debug_aranges
                0x0000000000000210       0x40 ./Core/Src/usbcan_main.o
 .debug_aranges
                0x0000000000000250       0x28 ./Core/Startup/startup_stm32f302cbtx.o
 .debug_aranges
                0x0000000000000278       0xe0 ./Drivers/STM32F3xx_HAL_Driver/Src/stm32f3xx_hal.o
 .debug_aranges
                0x0000000000000358      0x138 ./Drivers/STM32F3xx_HAL_Driver/Src/stm32f3xx_hal_can.o
 .debug_aranges
                0x0000000000000490       0xa8 ./Drivers/STM32F3xx_HAL_Driver/Src/stm32f3xx_hal_cortex.o
 .debug_aranges
                0x0000000000000538       0x58 ./Drivers/STM32F3xx_HAL_Driver/Src/stm32f3xx_hal_gpio.o
 .debug_aranges
                0x0000000000000590      0x128 ./Drivers/STM32F3xx_HAL_Driver/Src/stm32f3xx_hal_pcd.o
 .debug_aranges
                0x00000000000006b8       0x38 ./Drivers/STM32F3xx_HAL_Driver/Src/stm32f3xx_hal_pcd_ex.o
 .debug_aranges
                0x00000000000006f0       0x88 ./Drivers/STM32F3xx_HAL_Driver/Src/stm32f3xx_hal_rcc.o
 .debug_aranges
                0x0000000000000778       0x38 ./Drivers/STM32F3xx_HAL_Driver/Src/stm32f3xx_hal_rcc_ex.o
 .debug_aranges
                0x00000000000007b0      0x3b0 ./Drivers/STM32F3xx_HAL_Driver/Src/stm32f3xx_hal_tim.o
 .debug_aranges
                0x0000000000000b60      0x178 ./Drivers/STM32F3xx_HAL_Driver/Src/stm32f3xx_hal_tim_ex.o
 .debug_aranges
                0x0000000000000cd8       0xb8 ./Drivers/STM32F3xx_HAL_Driver/Src/stm32f3xx_ll_usb.o
 .debug_aranges
                0x0000000000000d90       0x90 ./Middlewares/ST/STM32_USB_Device_Library/Class/CDC/Src/usbd_cdc.o
 .debug_aranges
                0x0000000000000e20       0xb8 ./Middlewares/ST/STM32_USB_Device_Library/Core/Src/usbd_core.o
 .debug_aranges
                0x0000000000000ed8       0x48 ./Middlewares/ST/STM32_USB_Device_Library/Core/Src/usbd_ctlreq.o
 .debug_aranges
                0x0000000000000f20       0x50 ./Middlewares/ST/STM32_USB_Device_Library/Core/Src/usbd_ioreq.o
 .debug_aranges
                0x0000000000000f70       0x20 ./USB_DEVICE/App/usb_device.o
 .debug_aranges
                0x0000000000000f90       0x40 ./USB_DEVICE/App/usbd_cdc_if.o
 .debug_aranges
                0x0000000000000fd0       0x58 ./USB_DEVICE/App/usbd_desc.o
 .debug_aranges
                0x0000000000001028      0x118 ./USB_DEVICE/Target/usbd_conf.o

.debug_rnglists
                0x0000000000000000      0xfed
 .debug_rnglists
                0x0000000000000000       0x6e ./Core/Src/MotorCtrl.o
 .debug_rnglists
                0x000000000000006e       0x2e ./Core/Src/can_usb.o
 .debug_rnglists
                0x000000000000009c       0x19 ./Core/Src/led.o
 .debug_rnglists
                0x00000000000000b5       0x3e ./Core/Src/main.o
 .debug_rnglists
                0x00000000000000f3       0x2b ./Core/Src/stm32f3xx_hal_msp.o
 .debug_rnglists
                0x000000000000011e       0x5b ./Core/Src/stm32f3xx_it.o
 .debug_rnglists
                0x0000000000000179       0x19 ./Core/Src/system_stm32f3xx.o
 .debug_rnglists
                0x0000000000000192       0x2d ./Core/Src/usbcan_main.o
 .debug_rnglists
                0x00000000000001bf       0x19 ./Core/Startup/startup_stm32f302cbtx.o
 .debug_rnglists
                0x00000000000001d8       0xa3 ./Drivers/STM32F3xx_HAL_Driver/Src/stm32f3xx_hal.o
 .debug_rnglists
                0x000000000000027b       0xea ./Drivers/STM32F3xx_HAL_Driver/Src/stm32f3xx_hal_can.o
 .debug_rnglists
                0x0000000000000365       0x91 ./Drivers/STM32F3xx_HAL_Driver/Src/stm32f3xx_hal_cortex.o
 .debug_rnglists
                0x00000000000003f6       0x3f ./Drivers/STM32F3xx_HAL_Driver/Src/stm32f3xx_hal_gpio.o
 .debug_rnglists
                0x0000000000000435      0x1a5 ./Drivers/STM32F3xx_HAL_Driver/Src/stm32f3xx_hal_pcd.o
 .debug_rnglists
                0x00000000000005da       0x25 ./Drivers/STM32F3xx_HAL_Driver/Src/stm32f3xx_hal_pcd_ex.o
 .debug_rnglists
                0x00000000000005ff       0xf8 ./Drivers/STM32F3xx_HAL_Driver/Src/stm32f3xx_hal_rcc.o
 .debug_rnglists
                0x00000000000006f7       0x34 ./Drivers/STM32F3xx_HAL_Driver/Src/stm32f3xx_hal_rcc_ex.o
 .debug_rnglists
                0x000000000000072b      0x333 ./Drivers/STM32F3xx_HAL_Driver/Src/stm32f3xx_hal_tim.o
 .debug_rnglists
                0x0000000000000a5e      0x128 ./Drivers/STM32F3xx_HAL_Driver/Src/stm32f3xx_hal_tim_ex.o
 .debug_rnglists
                0x0000000000000b86      0x1b6 ./Drivers/STM32F3xx_HAL_Driver/Src/stm32f3xx_ll_usb.o
 .debug_rnglists
                0x0000000000000d3c       0x69 ./Middlewares/ST/STM32_USB_Device_Library/Class/CDC/Src/usbd_cdc.o
 .debug_rnglists
                0x0000000000000da5       0x87 ./Middlewares/ST/STM32_USB_Device_Library/Core/Src/usbd_core.o
 .debug_rnglists
                0x0000000000000e2c       0x33 ./Middlewares/ST/STM32_USB_Device_Library/Core/Src/usbd_ctlreq.o
 .debug_rnglists
                0x0000000000000e5f       0x37 ./Middlewares/ST/STM32_USB_Device_Library/Core/Src/usbd_ioreq.o
 .debug_rnglists
                0x0000000000000e96       0x13 ./USB_DEVICE/App/usb_device.o
 .debug_rnglists
                0x0000000000000ea9       0x2c ./USB_DEVICE/App/usbd_cdc_if.o
 .debug_rnglists
                0x0000000000000ed5       0x49 ./USB_DEVICE/App/usbd_desc.o
 .debug_rnglists
                0x0000000000000f1e       0xcf ./USB_DEVICE/Target/usbd_conf.o

.debug_macro    0x0000000000000000    0x23f2b
 .debug_macro   0x0000000000000000      0x302 ./Core/Src/MotorCtrl.o
 .debug_macro   0x0000000000000302      0xbf8 ./Core/Src/MotorCtrl.o
 .debug_macro   0x0000000000000efa      0x1b2 ./Core/Src/MotorCtrl.o
 .debug_macro   0x00000000000010ac       0x10 ./Core/Src/MotorCtrl.o
 .debug_macro   0x00000000000010bc       0xc8 ./Core/Src/MotorCtrl.o
 .debug_macro   0x0000000000001184      0x103 ./Core/Src/MotorCtrl.o
 .debug_macro   0x0000000000001287      0x34c ./Core/Src/MotorCtrl.o
 .debug_macro   0x00000000000015d3       0x22 ./Core/Src/MotorCtrl.o
 .debug_macro   0x00000000000015f5       0x5b ./Core/Src/MotorCtrl.o
 .debug_macro   0x0000000000001650       0x2a ./Core/Src/MotorCtrl.o
 .debug_macro   0x000000000000167a       0x5c ./Core/Src/MotorCtrl.o
 .debug_macro   0x00000000000016d6       0x43 ./Core/Src/MotorCtrl.o
 .debug_macro   0x0000000000001719       0x34 ./Core/Src/MotorCtrl.o
 .debug_macro   0x000000000000174d      0x17b ./Core/Src/MotorCtrl.o
 .debug_macro   0x00000000000018c8       0x16 ./Core/Src/MotorCtrl.o
 .debug_macro   0x00000000000018de       0x43 ./Core/Src/MotorCtrl.o
 .debug_macro   0x0000000000001921       0x57 ./Core/Src/MotorCtrl.o
 .debug_macro   0x0000000000001978       0x34 ./Core/Src/MotorCtrl.o
 .debug_macro   0x00000000000019ac       0x10 ./Core/Src/MotorCtrl.o
 .debug_macro   0x00000000000019bc       0x58 ./Core/Src/MotorCtrl.o
 .debug_macro   0x0000000000001a14       0x8e ./Core/Src/MotorCtrl.o
 .debug_macro   0x0000000000001aa2       0x16 ./Core/Src/MotorCtrl.o
 .debug_macro   0x0000000000001ab8      0x177 ./Core/Src/MotorCtrl.o
 .debug_macro   0x0000000000001c2f      0x38c ./Core/Src/MotorCtrl.o
 .debug_macro   0x0000000000001fbb       0x10 ./Core/Src/MotorCtrl.o
 .debug_macro   0x0000000000001fcb       0x35 ./Core/Src/MotorCtrl.o
 .debug_macro   0x0000000000002000       0x20 ./Core/Src/MotorCtrl.o
 .debug_macro   0x0000000000002020       0x8e ./Core/Src/MotorCtrl.o
 .debug_macro   0x00000000000020ae      0x15d ./Core/Src/MotorCtrl.o
 .debug_macro   0x000000000000220b       0x2e ./Core/Src/MotorCtrl.o
 .debug_macro   0x0000000000002239       0x28 ./Core/Src/MotorCtrl.o
 .debug_macro   0x0000000000002261       0x1c ./Core/Src/MotorCtrl.o
 .debug_macro   0x000000000000227d      0x103 ./Core/Src/MotorCtrl.o
 .debug_macro   0x0000000000002380       0x6a ./Core/Src/MotorCtrl.o
 .debug_macro   0x00000000000023ea      0x1df ./Core/Src/MotorCtrl.o
 .debug_macro   0x00000000000025c9       0x1c ./Core/Src/MotorCtrl.o
 .debug_macro   0x00000000000025e5       0x22 ./Core/Src/MotorCtrl.o
 .debug_macro   0x0000000000002607       0xd9 ./Core/Src/MotorCtrl.o
 .debug_macro   0x00000000000026e0     0x102d ./Core/Src/MotorCtrl.o
 .debug_macro   0x000000000000370d      0x11f ./Core/Src/MotorCtrl.o
 .debug_macro   0x000000000000382c    0x11851 ./Core/Src/MotorCtrl.o
 .debug_macro   0x000000000001507d       0x6d ./Core/Src/MotorCtrl.o
 .debug_macro   0x00000000000150ea     0x3558 ./Core/Src/MotorCtrl.o
 .debug_macro   0x0000000000018642       0x4f ./Core/Src/MotorCtrl.o
 .debug_macro   0x0000000000018691      0x961 ./Core/Src/MotorCtrl.o
 .debug_macro   0x0000000000018ff2      0x4df ./Core/Src/MotorCtrl.o
 .debug_macro   0x00000000000194d1      0x1b5 ./Core/Src/MotorCtrl.o
 .debug_macro   0x0000000000019686      0x173 ./Core/Src/MotorCtrl.o
 .debug_macro   0x00000000000197f9      0x1dc ./Core/Src/MotorCtrl.o
 .debug_macro   0x00000000000199d5      0x1bc ./Core/Src/MotorCtrl.o
 .debug_macro   0x0000000000019b91       0x30 ./Core/Src/MotorCtrl.o
 .debug_macro   0x0000000000019bc1       0x3c ./Core/Src/MotorCtrl.o
 .debug_macro   0x0000000000019bfd      0x235 ./Core/Src/MotorCtrl.o
 .debug_macro   0x0000000000019e32      0x408 ./Core/Src/MotorCtrl.o
 .debug_macro   0x000000000001a23a       0xc5 ./Core/Src/MotorCtrl.o
 .debug_macro   0x000000000001a2ff      0x21d ./Core/Src/MotorCtrl.o
 .debug_macro   0x000000000001a51c      0x22c ./Core/Src/MotorCtrl.o
 .debug_macro   0x000000000001a748       0x5b ./Core/Src/MotorCtrl.o
 .debug_macro   0x000000000001a7a3       0xa5 ./Core/Src/MotorCtrl.o
 .debug_macro   0x000000000001a848       0x73 ./Core/Src/MotorCtrl.o
 .debug_macro   0x000000000001a8bb      0x242 ./Core/Src/MotorCtrl.o
 .debug_macro   0x000000000001aafd       0x81 ./Core/Src/MotorCtrl.o
 .debug_macro   0x000000000001ab7e       0xd3 ./Core/Src/MotorCtrl.o
 .debug_macro   0x000000000001ac51      0xa59 ./Core/Src/MotorCtrl.o
 .debug_macro   0x000000000001b6aa       0x59 ./Core/Src/MotorCtrl.o
 .debug_macro   0x000000000001b703      0x213 ./Core/Src/MotorCtrl.o
 .debug_macro   0x000000000001b916       0x52 ./Core/Src/MotorCtrl.o
 .debug_macro   0x000000000001b968      0x3fa ./Core/Src/can_usb.o
 .debug_macro   0x000000000001bd62       0x56 ./Core/Src/can_usb.o
 .debug_macro   0x000000000001bdb8       0x51 ./Core/Src/can_usb.o
 .debug_macro   0x000000000001be09       0x55 ./Core/Src/can_usb.o
 .debug_macro   0x000000000001be5e       0x61 ./Core/Src/can_usb.o
 .debug_macro   0x000000000001bebf       0x16 ./Core/Src/can_usb.o
 .debug_macro   0x000000000001bed5       0x10 ./Core/Src/can_usb.o
 .debug_macro   0x000000000001bee5       0x16 ./Core/Src/can_usb.o
 .debug_macro   0x000000000001befb       0x16 ./Core/Src/can_usb.o
 .debug_macro   0x000000000001bf11      0x116 ./Core/Src/can_usb.o
 .debug_macro   0x000000000001c027       0x10 ./Core/Src/can_usb.o
 .debug_macro   0x000000000001c037       0x16 ./Core/Src/can_usb.o
 .debug_macro   0x000000000001c04d       0x22 ./Core/Src/can_usb.o
 .debug_macro   0x000000000001c06f       0x1c ./Core/Src/can_usb.o
 .debug_macro   0x000000000001c08b       0xde ./Core/Src/can_usb.o
 .debug_macro   0x000000000001c169       0x16 ./Core/Src/can_usb.o
 .debug_macro   0x000000000001c17f       0x59 ./Core/Src/can_usb.o
 .debug_macro   0x000000000001c1d8      0x1c8 ./Core/Src/can_usb.o
 .debug_macro   0x000000000001c3a0       0x8f ./Core/Src/can_usb.o
 .debug_macro   0x000000000001c42f       0x10 ./Core/Src/can_usb.o
 .debug_macro   0x000000000001c43f      0x210 ./Core/Src/led.o
 .debug_macro   0x000000000001c64f      0xaa8 ./Core/Src/led.o
 .debug_macro   0x000000000001d0f7       0x8e ./Core/Src/led.o
 .debug_macro   0x000000000001d185     0x102d ./Core/Src/led.o
 .debug_macro   0x000000000001e1b2      0x174 ./Core/Src/led.o
 .debug_macro   0x000000000001e326      0x36e ./Core/Src/main.o
 .debug_macro   0x000000000001e694       0x34 ./Core/Src/main.o
 .debug_macro   0x000000000001e6c8       0x35 ./Core/Src/main.o
 .debug_macro   0x000000000001e6fd      0x369 ./Core/Src/main.o
 .debug_macro   0x000000000001ea66       0x43 ./Core/Src/main.o
 .debug_macro   0x000000000001eaa9       0x1c ./Core/Src/main.o
 .debug_macro   0x000000000001eac5      0x147 ./Core/Src/main.o
 .debug_macro   0x000000000001ec0c       0x16 ./Core/Src/main.o
 .debug_macro   0x000000000001ec22       0x29 ./Core/Src/main.o
 .debug_macro   0x000000000001ec4b      0x200 ./Core/Src/stm32f3xx_hal_msp.o
 .debug_macro   0x000000000001ee4b      0x214 ./Core/Src/stm32f3xx_it.o
 .debug_macro   0x000000000001f05f      0x1f1 ./Core/Src/system_stm32f3xx.o
 .debug_macro   0x000000000001f250      0x418 ./Core/Src/usbcan_main.o
 .debug_macro   0x000000000001f668      0xb80 ./Core/Src/usbcan_main.o
 .debug_macro   0x00000000000201e8      0x139 ./Core/Src/usbcan_main.o
 .debug_macro   0x0000000000020321      0x1b2 ./Core/Src/usbcan_main.o
 .debug_macro   0x00000000000204d3      0x3ed ./Core/Src/usbcan_main.o
 .debug_macro   0x00000000000208c0      0x215 ./Drivers/STM32F3xx_HAL_Driver/Src/stm32f3xx_hal.o
 .debug_macro   0x0000000000020ad5      0x1f9 ./Drivers/STM32F3xx_HAL_Driver/Src/stm32f3xx_hal_can.o
 .debug_macro   0x0000000000020cce      0x1f1 ./Drivers/STM32F3xx_HAL_Driver/Src/stm32f3xx_hal_cortex.o
 .debug_macro   0x0000000000020ebf      0x1f8 ./Drivers/STM32F3xx_HAL_Driver/Src/stm32f3xx_hal_gpio.o
 .debug_macro   0x00000000000210b7      0x1fd ./Drivers/STM32F3xx_HAL_Driver/Src/stm32f3xx_hal_pcd.o
 .debug_macro   0x00000000000212b4      0x1f1 ./Drivers/STM32F3xx_HAL_Driver/Src/stm32f3xx_hal_pcd_ex.o
 .debug_macro   0x00000000000214a5      0x215 ./Drivers/STM32F3xx_HAL_Driver/Src/stm32f3xx_hal_rcc.o
 .debug_macro   0x00000000000216ba      0x1f1 ./Drivers/STM32F3xx_HAL_Driver/Src/stm32f3xx_hal_rcc_ex.o
 .debug_macro   0x00000000000218ab      0x1f2 ./Drivers/STM32F3xx_HAL_Driver/Src/stm32f3xx_hal_tim.o
 .debug_macro   0x0000000000021a9d      0x1f1 ./Drivers/STM32F3xx_HAL_Driver/Src/stm32f3xx_hal_tim_ex.o
 .debug_macro   0x0000000000021c8e      0x1f1 ./Drivers/STM32F3xx_HAL_Driver/Src/stm32f3xx_ll_usb.o
 .debug_macro   0x0000000000021e7f      0x38f ./Middlewares/ST/STM32_USB_Device_Library/Class/CDC/Src/usbd_cdc.o
 .debug_macro   0x000000000002220e       0x97 ./Middlewares/ST/STM32_USB_Device_Library/Class/CDC/Src/usbd_cdc.o
 .debug_macro   0x00000000000222a5       0xfd ./Middlewares/ST/STM32_USB_Device_Library/Class/CDC/Src/usbd_cdc.o
 .debug_macro   0x00000000000223a2      0x376 ./Middlewares/ST/STM32_USB_Device_Library/Core/Src/usbd_core.o
 .debug_macro   0x0000000000022718      0x1ce ./Middlewares/ST/STM32_USB_Device_Library/Core/Src/usbd_core.o
 .debug_macro   0x00000000000228e6      0x380 ./Middlewares/ST/STM32_USB_Device_Library/Core/Src/usbd_ctlreq.o
 .debug_macro   0x0000000000022c66      0x37c ./Middlewares/ST/STM32_USB_Device_Library/Core/Src/usbd_ioreq.o
 .debug_macro   0x0000000000022fe2      0x3af ./USB_DEVICE/App/usb_device.o
 .debug_macro   0x0000000000023391       0x58 ./USB_DEVICE/App/usb_device.o
 .debug_macro   0x00000000000233e9       0x22 ./USB_DEVICE/App/usb_device.o
 .debug_macro   0x000000000002340b       0x16 ./USB_DEVICE/App/usb_device.o
 .debug_macro   0x0000000000023421      0x3a8 ./USB_DEVICE/App/usbd_cdc_if.o
 .debug_macro   0x00000000000237c9      0x3b3 ./USB_DEVICE/App/usbd_desc.o
 .debug_macro   0x0000000000023b7c       0x1c ./USB_DEVICE/App/usbd_desc.o
 .debug_macro   0x0000000000023b98      0x393 ./USB_DEVICE/Target/usbd_conf.o

.debug_line     0x0000000000000000    0x1e6e2
 .debug_line    0x0000000000000000     0x129f ./Core/Src/MotorCtrl.o
 .debug_line    0x000000000000129f     0x1033 ./Core/Src/can_usb.o
 .debug_line    0x00000000000022d2      0x808 ./Core/Src/led.o
 .debug_line    0x0000000000002ada      0xd1c ./Core/Src/main.o
 .debug_line    0x00000000000037f6      0x892 ./Core/Src/stm32f3xx_hal_msp.o
 .debug_line    0x0000000000004088      0x905 ./Core/Src/stm32f3xx_it.o
 .debug_line    0x000000000000498d      0x81b ./Core/Src/system_stm32f3xx.o
 .debug_line    0x00000000000051a8      0xe46 ./Core/Src/usbcan_main.o
 .debug_line    0x0000000000005fee       0x7a ./Core/Startup/startup_stm32f302cbtx.o
 .debug_line    0x0000000000006068      0xab8 ./Drivers/STM32F3xx_HAL_Driver/Src/stm32f3xx_hal.o
 .debug_line    0x0000000000006b20     0x1633 ./Drivers/STM32F3xx_HAL_Driver/Src/stm32f3xx_hal_can.o
 .debug_line    0x0000000000008153      0xcea ./Drivers/STM32F3xx_HAL_Driver/Src/stm32f3xx_hal_cortex.o
 .debug_line    0x0000000000008e3d      0xcc6 ./Drivers/STM32F3xx_HAL_Driver/Src/stm32f3xx_hal_gpio.o
 .debug_line    0x0000000000009b03     0x1845 ./Drivers/STM32F3xx_HAL_Driver/Src/stm32f3xx_hal_pcd.o
 .debug_line    0x000000000000b348      0x850 ./Drivers/STM32F3xx_HAL_Driver/Src/stm32f3xx_hal_pcd_ex.o
 .debug_line    0x000000000000bb98     0x1716 ./Drivers/STM32F3xx_HAL_Driver/Src/stm32f3xx_hal_rcc.o
 .debug_line    0x000000000000d2ae      0xf41 ./Drivers/STM32F3xx_HAL_Driver/Src/stm32f3xx_hal_rcc_ex.o
 .debug_line    0x000000000000e1ef     0x5879 ./Drivers/STM32F3xx_HAL_Driver/Src/stm32f3xx_hal_tim.o
 .debug_line    0x0000000000013a68     0x23d7 ./Drivers/STM32F3xx_HAL_Driver/Src/stm32f3xx_hal_tim_ex.o
 .debug_line    0x0000000000015e3f     0x1d15 ./Drivers/STM32F3xx_HAL_Driver/Src/stm32f3xx_ll_usb.o
 .debug_line    0x0000000000017b54      0xf00 ./Middlewares/ST/STM32_USB_Device_Library/Class/CDC/Src/usbd_cdc.o