Archive member included to satisfy reference by file (symbol)

c:/st/stm32cubeide_1.9.0/stm32cubeide/plugins/com.st.stm32cube.ide.mcu.externaltools.gnu-tools-for-stm32.10.3-2021.10.win32_1.0.200.202301161003/tools/bin/../lib/gcc/arm-none-eabi/10.3.1/../../../../arm-none-eabi/lib/thumb/v7e-m+fp/hard\libc_nano.a(lib_a-errno.o)
                              ./Core/Src/syscalls.o (__errno)
c:/st/stm32cubeide_1.9.0/stm32cubeide/plugins/com.st.stm32cube.ide.mcu.externaltools.gnu-tools-for-stm32.10.3-2021.10.win32_1.0.200.202301161003/tools/bin/../lib/gcc/arm-none-eabi/10.3.1/../../../../arm-none-eabi/lib/thumb/v7e-m+fp/hard\libc_nano.a(lib_a-exit.o)
                              c:/st/stm32cubeide_1.9.0/stm32cubeide/plugins/com.st.stm32cube.ide.mcu.externaltools.gnu-tools-for-stm32.10.3-2021.10.win32_1.0.200.202301161003/tools/bin/../lib/gcc/arm-none-eabi/10.3.1/../../../../arm-none-eabi/lib/thumb/v7e-m+fp/hard/crt0.o (exit)
c:/st/stm32cubeide_1.9.0/stm32cubeide/plugins/com.st.stm32cube.ide.mcu.externaltools.gnu-tools-for-stm32.10.3-2021.10.win32_1.0.200.202301161003/tools/bin/../lib/gcc/arm-none-eabi/10.3.1/../../../../arm-none-eabi/lib/thumb/v7e-m+fp/hard\libc_nano.a(lib_a-impure.o)
                              c:/st/stm32cubeide_1.9.0/stm32cubeide/plugins/com.st.stm32cube.ide.mcu.externaltools.gnu-tools-for-stm32.10.3-2021.10.win32_1.0.200.202301161003/tools/bin/../lib/gcc/arm-none-eabi/10.3.1/../../../../arm-none-eabi/lib/thumb/v7e-m+fp/hard\libc_nano.a(lib_a-exit.o) (_global_impure_ptr)
c:/st/stm32cubeide_1.9.0/stm32cubeide/plugins/com.st.stm32cube.ide.mcu.externaltools.gnu-tools-for-stm32.10.3-2021.10.win32_1.0.200.202301161003/tools/bin/../lib/gcc/arm-none-eabi/10.3.1/../../../../arm-none-eabi/lib/thumb/v7e-m+fp/hard\libc_nano.a(lib_a-init.o)
                              c:/st/stm32cubeide_1.9.0/stm32cubeide/plugins/com.st.stm32cube.ide.mcu.externaltools.gnu-tools-for-stm32.10.3-2021.10.win32_1.0.200.202301161003/tools/bin/../lib/gcc/arm-none-eabi/10.3.1/../../../../arm-none-eabi/lib/thumb/v7e-m+fp/hard/crt0.o (__libc_init_array)
c:/st/stm32cubeide_1.9.0/stm32cubeide/plugins/com.st.stm32cube.ide.mcu.externaltools.gnu-tools-for-stm32.10.3-2021.10.win32_1.0.200.202301161003/tools/bin/../lib/gcc/arm-none-eabi/10.3.1/../../../../arm-none-eabi/lib/thumb/v7e-m+fp/hard\libc_nano.a(lib_a-memset.o)
                              c:/st/stm32cubeide_1.9.0/stm32cubeide/plugins/com.st.stm32cube.ide.mcu.externaltools.gnu-tools-for-stm32.10.3-2021.10.win32_1.0.200.202301161003/tools/bin/../lib/gcc/arm-none-eabi/10.3.1/../../../../arm-none-eabi/lib/thumb/v7e-m+fp/hard/crt0.o (memset)

Discarded input sections

 .text          0x0000000000000000        0x0 c:/st/stm32cubeide_1.9.0/stm32cubeide/plugins/com.st.stm32cube.ide.mcu.externaltools.gnu-tools-for-stm32.10.3-2021.10.win32_1.0.200.202301161003/tools/bin/../lib/gcc/arm-none-eabi/10.3.1/thumb/v7e-m+fp/hard/crti.o
 .data          0x0000000000000000        0x0 c:/st/stm32cubeide_1.9.0/stm32cubeide/plugins/com.st.stm32cube.ide.mcu.externaltools.gnu-tools-for-stm32.10.3-2021.10.win32_1.0.200.202301161003/tools/bin/../lib/gcc/arm-none-eabi/10.3.1/thumb/v7e-m+fp/hard/crti.o
 .bss           0x0000000000000000        0x0 c:/st/stm32cubeide_1.9.0/stm32cubeide/plugins/com.st.stm32cube.ide.mcu.externaltools.gnu-tools-for-stm32.10.3-2021.10.win32_1.0.200.202301161003/tools/bin/../lib/gcc/arm-none-eabi/10.3.1/thumb/v7e-m+fp/hard/crti.o
 .data          0x0000000000000000        0x4 c:/st/stm32cubeide_1.9.0/stm32cubeide/plugins/com.st.stm32cube.ide.mcu.externaltools.gnu-tools-for-stm32.10.3-2021.10.win32_1.0.200.202301161003/tools/bin/../lib/gcc/arm-none-eabi/10.3.1/thumb/v7e-m+fp/hard/crtbegin.o
 .rodata        0x0000000000000000       0x24 c:/st/stm32cubeide_1.9.0/stm32cubeide/plugins/com.st.stm32cube.ide.mcu.externaltools.gnu-tools-for-stm32.10.3-2021.10.win32_1.0.200.202301161003/tools/bin/../lib/gcc/arm-none-eabi/10.3.1/thumb/v7e-m+fp/hard/crtbegin.o
 .text          0x0000000000000000       0x7c c:/st/stm32cubeide_1.9.0/stm32cubeide/plugins/com.st.stm32cube.ide.mcu.externaltools.gnu-tools-for-stm32.10.3-2021.10.win32_1.0.200.202301161003/tools/bin/../lib/gcc/arm-none-eabi/10.3.1/../../../../arm-none-eabi/lib/thumb/v7e-m+fp/hard/crt0.o
 .data          0x0000000000000000        0x0 c:/st/stm32cubeide_1.9.0/stm32cubeide/plugins/com.st.stm32cube.ide.mcu.externaltools.gnu-tools-for-stm32.10.3-2021.10.win32_1.0.200.202301161003/tools/bin/../lib/gcc/arm-none-eabi/10.3.1/../../../../arm-none-eabi/lib/thumb/v7e-m+fp/hard/crt0.o
 .bss           0x0000000000000000        0x0 c:/st/stm32cubeide_1.9.0/stm32cubeide/plugins/com.st.stm32cube.ide.mcu.externaltools.gnu-tools-for-stm32.10.3-2021.10.win32_1.0.200.202301161003/tools/bin/../lib/gcc/arm-none-eabi/10.3.1/../../../../arm-none-eabi/lib/thumb/v7e-m+fp/hard/crt0.o
[...]
Memory Configuration

Name             Origin             Length             Attributes
RAM              0x0000000020000000 0x0000000000008000 xrw
FLASH            0x0000000008000000 0x0000000000020000 xr
*default*        0x0000000000000000 0xffffffffffffffff

Linker script and memory map

LOAD c:/st/stm32cubeide_1.9.0/stm32cubeide/plugins/com.st.stm32cube.ide.mcu.externaltools.gnu-tools-for-stm32.10.3-2021.10.win32_1.0.200.202301161003/tools/bin/../lib/gcc/arm-none-eabi/10.3.1/thumb/v7e-m+fp/hard/crti.o
LOAD c:/st/stm32cubeide_1.9.0/stm32cubeide/plugins/com.st.stm32cube.ide.mcu.externaltools.gnu-tools-for-stm32.10.3-2021.10.win32_1.0.200.202301161003/tools/bin/../lib/gcc/arm-none-eabi/10.3.1/thumb/v7e-m+fp/hard/crtbegin.o
LOAD c:/st/stm32cubeide_1.9.0/stm32cubeide/plugins/com.st.stm32cube.ide.mcu.externaltools.gnu-tools-for-stm32.10.3-2021.10.win32_1.0.200.202301161003/tools/bin/../lib/gcc/arm-none-eabi/10.3.1/../../../../arm-none-eabi/lib/thumb/v7e-m+fp/hard/crt0.o
LOAD ./Core/Src/can_usb.o
LOAD ./Core/Src/led.o
LOAD ./Core/Src/main.o
LOAD ./Core/Src/stm32f3xx_hal_msp.o
LOAD ./Core/Src/stm32f3xx_it.o
LOAD ./Core/Src/syscalls.o
LOAD ./Core/Src/sysmem.o
LOAD ./Core/Src/system_stm32f3xx.o
LOAD ./Core/Src/usbcan_main.o
LOAD ./Core/Startup/startup_stm32f302cbtx.o
LOAD ./Drivers/STM32F3xx_HAL_Driver/Src/stm32f3xx_hal.o
LOAD ./Drivers/STM32F3xx_HAL_Driver/Src/stm32f3xx_hal_can.o
LOAD ./Drivers/STM32F3xx_HAL_Driver/Src/stm32f3xx_hal_cortex.o
LOAD ./Drivers/STM32F3xx_HAL_Driver/Src/stm32f3xx_hal_dma.o
LOAD ./Drivers/STM32F3xx_HAL_Driver/Src/stm32f3xx_hal_exti.o
LOAD ./Drivers/STM32F3xx_HAL_Driver/Src/stm32f3xx_hal_flash.o
LOAD ./Drivers/STM32F3xx_HAL_Driver/Src/stm32f3xx_hal_flash_ex.o
LOAD ./Drivers/STM32F3xx_HAL_Driver/Src/stm32f3xx_hal_gpio.o
LOAD ./Drivers/STM32F3xx_HAL_Driver/Src/stm32f3xx_hal_i2c.o
LOAD ./Drivers/STM32F3xx_HAL_Driver/Src/stm32f3xx_hal_i2c_ex.o
LOAD ./Drivers/STM32F3xx_HAL_Driver/Src/stm32f3xx_hal_pcd.o
LOAD ./Drivers/STM32F3xx_HAL_Driver/Src/stm32f3xx_hal_pcd_ex.o
LOAD ./Drivers/STM32F3xx_HAL_Driver/Src/stm32f3xx_hal_pwr.o
LOAD ./Drivers/STM32F3xx_HAL_Driver/Src/stm32f3xx_hal_pwr_ex.o
LOAD ./Drivers/STM32F3xx_HAL_Driver/Src/stm32f3xx_hal_rcc.o
LOAD ./Drivers/STM32F3xx_HAL_Driver/Src/stm32f3xx_hal_rcc_ex.o
LOAD ./Drivers/STM32F3xx_HAL_Driver/Src/stm32f3xx_hal_tim.o
LOAD ./Drivers/STM32F3xx_HAL_Driver/Src/stm32f3xx_hal_tim_ex.o
LOAD ./Drivers/STM32F3xx_HAL_Driver/Src/stm32f3xx_ll_usb.o
LOAD ./Middlewares/ST/STM32_USB_Device_Library/Class/CDC/Src/usbd_cdc.o
LOAD ./Middlewares/ST/STM32_USB_Device_Library/Core/Src/usbd_core.o
LOAD ./Middlewares/ST/STM32_USB_Device_Library/Core/Src/usbd_ctlreq.o
LOAD ./Middlewares/ST/STM32_USB_Device_Library/Core/Src/usbd_ioreq.o
LOAD ./USB_DEVICE/App/usb_device.o
LOAD ./USB_DEVICE/App/usbd_cdc_if.o
LOAD ./USB_DEVICE/App/usbd_desc.o
LOAD ./USB_DEVICE/Target/usbd_conf.o
START GROUP
LOAD c:/st/stm32cubeide_1.9.0/stm32cubeide/plugins/com.st.stm32cube.ide.mcu.externaltools.gnu-tools-for-stm32.10.3-2021.10.win32_1.0.200.202301161003/tools/bin/../lib/gcc/arm-none-eabi/10.3.1/../../../../arm-none-eabi/lib/thumb/v7e-m+fp/hard\libstdc++_nano.a
LOAD c:/st/stm32cubeide_1.9.0/stm32cubeide/plugins/com.st.stm32cube.ide.mcu.externaltools.gnu-tools-for-stm32.10.3-2021.10.win32_1.0.200.202301161003/tools/bin/../lib/gcc/arm-none-eabi/10.3.1/../../../../arm-none-eabi/lib/thumb/v7e-m+fp/hard\libsupc++_nano.a
END GROUP
LOAD c:/st/stm32cubeide_1.9.0/stm32cubeide/plugins/com.st.stm32cube.ide.mcu.externaltools.gnu-tools-for-stm32.10.3-2021.10.win32_1.0.200.202301161003/tools/bin/../lib/gcc/arm-none-eabi/10.3.1/../../../../arm-none-eabi/lib/thumb/v7e-m+fp/hard\libstdc++_nano.a
LOAD c:/st/stm32cubeide_1.9.0/stm32cubeide/plugins/com.st.stm32cube.ide.mcu.externaltools.gnu-tools-for-stm32.10.3-2021.10.win32_1.0.200.202301161003/tools/bin/../lib/gcc/arm-none-eabi/10.3.1/../../../../arm-none-eabi/lib/thumb/v7e-m+fp/hard\libm.a
LOAD c:/st/stm32cubeide_1.9.0/stm32cubeide/plugins/com.st.stm32cube.ide.mcu.externaltools.gnu-tools-for-stm32.10.3-2021.10.win32_1.0.200.202301161003/tools/bin/../lib/gcc/arm-none-eabi/10.3.1/../../../../arm-none-eabi/lib/thumb/v7e-m+fp/hard\libc_nano.a
START GROUP
LOAD c:/st/stm32cubeide_1.9.0/stm32cubeide/plugins/com.st.stm32cube.ide.mcu.externaltools.gnu-tools-for-stm32.10.3-2021.10.win32_1.0.200.202301161003/tools/bin/../lib/gcc/arm-none-eabi/10.3.1/thumb/v7e-m+fp/hard\libgcc.a
LOAD c:/st/stm32cubeide_1.9.0/stm32cubeide/plugins/com.st.stm32cube.ide.mcu.externaltools.gnu-tools-for-stm32.10.3-2021.10.win32_1.0.200.202301161003/tools/bin/../lib/gcc/arm-none-eabi/10.3.1/../../../../arm-none-eabi/lib/thumb/v7e-m+fp/hard\libc_nano.a
END GROUP
START GROUP
LOAD c:/st/stm32cubeide_1.9.0/stm32cubeide/plugins/com.st.stm32cube.ide.mcu.externaltools.gnu-tools-for-stm32.10.3-2021.10.win32_1.0.200.202301161003/tools/bin/../lib/gcc/arm-none-eabi/10.3.1/thumb/v7e-m+fp/hard\libgcc.a
LOAD c:/st/stm32cubeide_1.9.0/stm32cubeide/plugins/com.st.stm32cube.ide.mcu.externaltools.gnu-tools-for-stm32.10.3-2021.10.win32_1.0.200.202301161003/tools/bin/../lib/gcc/arm-none-eabi/10.3.1/../../../../arm-none-eabi/lib/thumb/v7e-m+fp/hard\libc_nano.a
LOAD c:/st/stm32cubeide_1.9.0/stm32cubeide/plugins/com.st.stm32cube.ide.mcu.externaltools.gnu-tools-for-stm32.10.3-2021.10.win32_1.0.200.202301161003/tools/bin/../lib/gcc/arm-none-eabi/10.3.1/../../../../arm-none-eabi/lib/thumb/v7e-m+fp/hard\libnosys.a
END GROUP
START GROUP
LOAD c:/st/stm32cubeide_1.9.0/stm32cubeide/plugins/com.st.stm32cube.ide.mcu.externaltools.gnu-tools-for-stm32.10.3-2021.10.win32_1.0.200.202301161003/tools/bin/../lib/gcc/arm-none-eabi/10.3.1/thumb/v7e-m+fp/hard\libgcc.a
LOAD c:/st/stm32cubeide_1.9.0/stm32cubeide/plugins/com.st.stm32cube.ide.mcu.externaltools.gnu-tools-for-stm32.10.3-2021.10.win32_1.0.200.202301161003/tools/bin/../lib/gcc/arm-none-eabi/10.3.1/../../../../arm-none-eabi/lib/thumb/v7e-m+fp/hard\libc_nano.a
LOAD c:/st/stm32cubeide_1.9.0/stm32cubeide/plugins/com.st.stm32cube.ide.mcu.externaltools.gnu-tools-for-stm32.10.3-2021.10.win32_1.0.200.202301161003/tools/bin/../lib/gcc/arm-none-eabi/10.3.1/../../../../arm-none-eabi/lib/thumb/v7e-m+fp/hard\libnosys.a
END GROUP
LOAD c:/st/stm32cubeide_1.9.0/stm32cubeide/plugins/com.st.stm32cube.ide.mcu.externaltools.gnu-tools-for-stm32.10.3-2021.10.win32_1.0.200.202301161003/tools/bin/../lib/gcc/arm-none-eabi/10.3.1/thumb/v7e-m+fp/hard/crtend.o
LOAD c:/st/stm32cubeide_1.9.0/stm32cubeide/plugins/com.st.stm32cube.ide.mcu.externaltools.gnu-tools-for-stm32.10.3-2021.10.win32_1.0.200.202301161003/tools/bin/../lib/gcc/arm-none-eabi/10.3.1/thumb/v7e-m+fp/hard/crtn.o
                0x0000000020008000                _estack = (ORIGIN (RAM) + LENGTH (RAM))
                0x0000000000002000                _Min_Heap_Size = 0x2000
                0x0000000000001000                _Min_Stack_Size = 0x1000

.isr_vector     0x0000000008000000      0x188
                0x0000000008000000                . = ALIGN (0x4)
 *(.isr_vector)
 .isr_vector    0x0000000008000000      0x188 ./Core/Startup/startup_stm32f302cbtx.o
                0x0000000008000000                g_pfnVectors
                0x0000000008000188                . = ALIGN (0x4)

.text           0x0000000008000188     0x57dc
                0x0000000008000188                . = ALIGN (0x4)
 *(.text)
 .text          0x0000000008000188       0x40 c:/st/stm32cubeide_1.9.0/stm32cubeide/plugins/com.st.stm32cube.ide.mcu.externaltools.gnu-tools-for-stm32.10.3-2021.10.win32_1.0.200.202301161003/tools/bin/../lib/gcc/arm-none-eabi/10.3.1/thumb/v7e-m+fp/hard/crtbegin.o
 *(.text*)
 .text._ZN9MotorCtrl7setModeEPh
                0x00000000080001c8       0xac ./Core/Src/can_usb.o
                0x00000000080001c8                MotorCtrl::setMode(unsigned char*)
 .text._ZN9MotorCtrl7setTempEPh
                0x0000000008000274       0x3c ./Core/Src/can_usb.o
                0x0000000008000274                MotorCtrl::setTemp(unsigned char*)
 .text._ZN9MotorCtrl9setTargetEPh
                0x00000000080002b0       0x74 ./Core/Src/can_usb.o
                0x00000000080002b0                MotorCtrl::setTarget(unsigned char*)
 .text._ZN9MotorCtrl5setKpEPh
                0x0000000008000324       0x74 ./Core/Src/can_usb.o
                0x0000000008000324                MotorCtrl::setKp(unsigned char*)
 .text._ZN9MotorCtrl5setKiEPh
                0x0000000008000398       0x74 ./Core/Src/can_usb.o
                0x0000000008000398                MotorCtrl::setKi(unsigned char*)
 .text._ZN9MotorCtrl5setKdEPh
                0x000000000800040c       0x74 ./Core/Src/can_usb.o
                0x000000000800040c                MotorCtrl::setKd(unsigned char*)
 .text.usb_process
                0x0000000008000480       0x54 ./Core/Src/can_usb.o
                0x0000000008000480                usb_process
 .text._Z10usb_to_canPhh
                0x00000000080004d4       0xe4 ./Core/Src/can_usb.o
                0x00000000080004d4                usb_to_can(unsigned char*, unsigned char)
 .text._Z10robomasterPhh
                0x00000000080005b8       0x80 ./Core/Src/can_usb.o
                0x00000000080005b8                robomaster(unsigned char*, unsigned char)
 .text.led_on   0x0000000008000638       0x30 ./Core/Src/led.o
                0x0000000008000638                led_on
 .text.led_process
                0x0000000008000668       0x3c ./Core/Src/led.o
                0x0000000008000668                led_process
 .text.Error_Handler
                0x00000000080006a4       0x1c ./Core/Src/main.o
                0x00000000080006a4                Error_Handler
 .text.SystemClock_Config
                0x00000000080006c0       0x80 ./Core/Src/main.o
                0x00000000080006c0                SystemClock_Config
 .text.main     0x0000000008000740      0x1f0 ./Core/Src/main.o
                0x0000000008000740                main
 .text.HAL_MspInit
                0x0000000008000930       0x30 ./Core/Src/stm32f3xx_hal_msp.o
                0x0000000008000930                HAL_MspInit
 .text.HAL_CAN_MspInit
                0x0000000008000960       0x7c ./Core/Src/stm32f3xx_hal_msp.o
                0x0000000008000960                HAL_CAN_MspInit
 .text.HAL_TIM_Base_MspInit
                0x00000000080009dc       0x40 ./Core/Src/stm32f3xx_hal_msp.o
                0x00000000080009dc                HAL_TIM_Base_MspInit
 .text.NMI_Handler
                0x0000000008000a1c        0x2 ./Core/Src/stm32f3xx_it.o
                0x0000000008000a1c                NMI_Handler
 .text.HardFault_Handler
                0x0000000008000a1e        0x2 ./Core/Src/stm32f3xx_it.o
                0x0000000008000a1e                HardFault_Handler
 .text.MemManage_Handler
                0x0000000008000a20        0x2 ./Core/Src/stm32f3xx_it.o
                0x0000000008000a20                MemManage_Handler
 .text.BusFault_Handler
                0x0000000008000a22        0x2 ./Core/Src/stm32f3xx_it.o
                0x0000000008000a22                BusFault_Handler
 .text.UsageFault_Handler
                0x0000000008000a24        0x2 ./Core/Src/stm32f3xx_it.o
                0x0000000008000a24                UsageFault_Handler
 .text.SVC_Handler
                0x0000000008000a26        0x2 ./Core/Src/stm32f3xx_it.o
                0x0000000008000a26                SVC_Handler
 .text.DebugMon_Handler
                0x0000000008000a28        0x2 ./Core/Src/stm32f3xx_it.o
                0x0000000008000a28                DebugMon_Handler
 .text.PendSV_Handler
                0x0000000008000a2a        0x2 ./Core/Src/stm32f3xx_it.o
                0x0000000008000a2a                PendSV_Handler
 .text.SysTick_Handler
                0x0000000008000a2c        0x8 ./Core/Src/stm32f3xx_it.o
                0x0000000008000a2c                SysTick_Handler
 .text.EXTI1_IRQHandler
                0x0000000008000a34        0xa ./Core/Src/stm32f3xx_it.o
                0x0000000008000a34                EXTI1_IRQHandler
 *fill*         0x0000000008000a3e        0x2 
 .text.USB_LP_CAN_RX0_IRQHandler
                0x0000000008000a40       0x14 ./Core/Src/stm32f3xx_it.o
                0x0000000008000a40                USB_LP_CAN_RX0_IRQHandler
 .text.TIM3_IRQHandler
                0x0000000008000a54       0x10 ./Core/Src/stm32f3xx_it.o
                0x0000000008000a54                TIM3_IRQHandler
 .text.USB_LP_IRQHandler
                0x0000000008000a64       0x10 ./Core/Src/stm32f3xx_it.o
                0x0000000008000a64                USB_LP_IRQHandler
 .text.SystemInit
                0x0000000008000a74       0x14 ./Core/Src/system_stm32f3xx.o
                0x0000000008000a74                SystemInit
 .text._ZN9MotorCtrlC2Ev
                0x0000000008000a88       0x1e ./Core/Src/usbcan_main.o
                0x0000000008000a88                MotorCtrl::MotorCtrl()
                0x0000000008000a88                MotorCtrl::MotorCtrl()
 *fill*         0x0000000008000aa6        0x2 
 .text.main_cpp
                0x0000000008000aa8      0x108 ./Core/Src/usbcan_main.o
                0x0000000008000aa8                main_cpp
 .text._Z41__static_initialization_and_destruction_0ii
                0x0000000008000bb0       0x2c ./Core/Src/usbcan_main.o
 .text._GLOBAL__sub_I_motor
                0x0000000008000bdc       0x10 ./Core/Src/usbcan_main.o
 .text.Reset_Handler
                0x0000000008000bec       0x50 ./Core/Startup/startup_stm32f302cbtx.o
                0x0000000008000bec                Reset_Handler
 .text.Default_Handler
                0x0000000008000c3c        0x2 ./Core/Startup/startup_stm32f302cbtx.o
                0x0000000008000c3c                RTC_Alarm_IRQHandler
                0x0000000008000c3c                TIM1_CC_IRQHandler
                0x0000000008000c3c                USB_HP_IRQHandler
                0x0000000008000c3c                PVD_IRQHandler
                0x0000000008000c3c                TAMP_STAMP_IRQHandler
                0x0000000008000c3c                EXTI3_IRQHandler
                0x0000000008000c3c                USB_HP_CAN_TX_IRQHandler
                0x0000000008000c3c                EXTI0_IRQHandler
                0x0000000008000c3c                I2C2_EV_IRQHandler
                0x0000000008000c3c                FPU_IRQHandler
                0x0000000008000c3c                TIM1_UP_TIM16_IRQHandler
                0x0000000008000c3c                ADC1_2_IRQHandler
                0x0000000008000c3c                SPI1_IRQHandler
                0x0000000008000c3c                CAN_SCE_IRQHandler
                0x0000000008000c3c                TIM6_DAC_IRQHandler
                0x0000000008000c3c                DMA2_Channel2_IRQHandler
                0x0000000008000c3c                DMA1_Channel4_IRQHandler
                0x0000000008000c3c                USART3_IRQHandler
                0x0000000008000c3c                DMA1_Channel7_IRQHandler
                0x0000000008000c3c                UART5_IRQHandler
                0x0000000008000c3c                TIM4_IRQHandler
                0x0000000008000c3c                CAN_RX1_IRQHandler
                0x0000000008000c3c                DMA2_Channel1_IRQHandler
                0x0000000008000c3c                I2C1_EV_IRQHandler
                0x0000000008000c3c                DMA1_Channel6_IRQHandler
                0x0000000008000c3c                UART4_IRQHandler
                0x0000000008000c3c                DMA2_Channel4_IRQHandler
                0x0000000008000c3c                RCC_IRQHandler
                0x0000000008000c3c                DMA1_Channel1_IRQHandler
                0x0000000008000c3c                Default_Handler
                0x0000000008000c3c                USBWakeUp_RMP_IRQHandler
                0x0000000008000c3c                EXTI15_10_IRQHandler
                0x0000000008000c3c                EXTI9_5_IRQHandler
                0x0000000008000c3c                RTC_WKUP_IRQHandler
                0x0000000008000c3c                SPI2_IRQHandler
                0x0000000008000c3c                DMA2_Channel5_IRQHandler
                0x0000000008000c3c                DMA1_Channel5_IRQHandler
                0x0000000008000c3c                EXTI4_IRQHandler
                0x0000000008000c3c                COMP1_2_IRQHandler
                0x0000000008000c3c                TIM1_TRG_COM_TIM17_IRQHandler
                0x0000000008000c3c                DMA1_Channel3_IRQHandler
                0x0000000008000c3c                WWDG_IRQHandler
                0x0000000008000c3c                TIM2_IRQHandler
                0x0000000008000c3c                COMP4_6_IRQHandler
                0x0000000008000c3c                USART2_IRQHandler
                0x0000000008000c3c                I2C2_ER_IRQHandler
                0x0000000008000c3c                DMA1_Channel2_IRQHandler
                0x0000000008000c3c                FLASH_IRQHandler
                0x0000000008000c3c                USART1_IRQHandler
                0x0000000008000c3c                SPI3_IRQHandler
                0x0000000008000c3c                I2C1_ER_IRQHandler
                0x0000000008000c3c                USBWakeUp_IRQHandler
                0x0000000008000c3c                DMA2_Channel3_IRQHandler
                0x0000000008000c3c                EXTI2_TSC_IRQHandler
                0x0000000008000c3c                TIM1_BRK_TIM15_IRQHandler
 *fill*         0x0000000008000c3e        0x2 
 .text.HAL_InitTick
                0x0000000008000c40       0x4c ./Drivers/STM32F3xx_HAL_Driver/Src/stm32f3xx_hal.o
                0x0000000008000c40                HAL_InitTick
 .text.HAL_Init
                0x0000000008000c8c       0x24 ./Drivers/STM32F3xx_HAL_Driver/Src/stm32f3xx_hal.o
                0x0000000008000c8c                HAL_Init
 .text.HAL_IncTick
                0x0000000008000cb0       0x18 ./Drivers/STM32F3xx_HAL_Driver/Src/stm32f3xx_hal.o
                0x0000000008000cb0                HAL_IncTick
 .text.HAL_GetTick
                0x0000000008000cc8        0xc ./Drivers/STM32F3xx_HAL_Driver/Src/stm32f3xx_hal.o
                0x0000000008000cc8                HAL_GetTick
 .text.HAL_CAN_Init
                0x0000000008000cd4      0x11e ./Drivers/STM32F3xx_HAL_Driver/Src/stm32f3xx_hal_can.o
                0x0000000008000cd4                HAL_CAN_Init
 .text.HAL_CAN_ConfigFilter
                0x0000000008000df2      0x106 ./Drivers/STM32F3xx_HAL_Driver/Src/stm32f3xx_hal_can.o
                0x0000000008000df2                HAL_CAN_ConfigFilter
 .text.HAL_CAN_Start
                0x0000000008000ef8       0x5c ./Drivers/STM32F3xx_HAL_Driver/Src/stm32f3xx_hal_can.o
                0x0000000008000ef8                HAL_CAN_Start
 .text.HAL_CAN_AddTxMessage
                0x0000000008000f54       0xee ./Drivers/STM32F3xx_HAL_Driver/Src/stm32f3xx_hal_can.o
                0x0000000008000f54                HAL_CAN_AddTxMessage
 .text.HAL_CAN_GetTxMailboxesFreeLevel
                0x0000000008001042       0x2e ./Drivers/STM32F3xx_HAL_Driver/Src/stm32f3xx_hal_can.o
                0x0000000008001042                HAL_CAN_GetTxMailboxesFreeLevel
 .text.HAL_CAN_ActivateNotification
                0x0000000008001070       0x24 ./Drivers/STM32F3xx_HAL_Driver/Src/stm32f3xx_hal_can.o
                0x0000000008001070                HAL_CAN_ActivateNotification
 .text.HAL_CAN_TxMailbox0CompleteCallback
                0x0000000008001094        0x2 ./Drivers/STM32F3xx_HAL_Driver/Src/stm32f3xx_hal_can.o
                0x0000000008001094                HAL_CAN_TxMailbox0CompleteCallback
 .text.HAL_CAN_TxMailbox1CompleteCallback
                0x0000000008001096        0x2 ./Drivers/STM32F3xx_HAL_Driver/Src/stm32f3xx_hal_can.o
                0x0000000008001096                HAL_CAN_TxMailbox1CompleteCallback
 .text.HAL_CAN_TxMailbox2CompleteCallback
                0x0000000008001098        0x2 ./Drivers/STM32F3xx_HAL_Driver/Src/stm32f3xx_hal_can.o
                0x0000000008001098                HAL_CAN_TxMailbox2CompleteCallback
 .text.HAL_CAN_TxMailbox0AbortCallback
                0x000000000800109a        0x2 ./Drivers/STM32F3xx_HAL_Driver/Src/stm32f3xx_hal_can.o
                0x000000000800109a                HAL_CAN_TxMailbox0AbortCallback
 .text.HAL_CAN_TxMailbox1AbortCallback
                0x000000000800109c        0x2 ./Drivers/STM32F3xx_HAL_Driver/Src/stm32f3xx_hal_can.o
                0x000000000800109c                HAL_CAN_TxMailbox1AbortCallback
 .text.HAL_CAN_TxMailbox2AbortCallback
                0x000000000800109e        0x2 ./Drivers/STM32F3xx_HAL_Driver/Src/stm32f3xx_hal_can.o
                0x000000000800109e                HAL_CAN_TxMailbox2AbortCallback
 .text.HAL_CAN_RxFifo0MsgPendingCallback
                0x00000000080010a0        0x2 ./Drivers/STM32F3xx_HAL_Driver/Src/stm32f3xx_hal_can.o
                0x00000000080010a0                HAL_CAN_RxFifo0MsgPendingCallback
 .text.HAL_CAN_RxFifo0FullCallback
                0x00000000080010a2        0x2 ./Drivers/STM32F3xx_HAL_Driver/Src/stm32f3xx_hal_can.o
                0x00000000080010a2                HAL_CAN_RxFifo0FullCallback
 .text.HAL_CAN_RxFifo1MsgPendingCallback
                0x00000000080010a4        0x2 ./Drivers/STM32F3xx_HAL_Driver/Src/stm32f3xx_hal_can.o
                0x00000000080010a4                HAL_CAN_RxFifo1MsgPendingCallback
 .text.HAL_CAN_RxFifo1FullCallback
                0x00000000080010a6        0x2 ./Drivers/STM32F3xx_HAL_Driver/Src/stm32f3xx_hal_can.o
                0x00000000080010a6                HAL_CAN_RxFifo1FullCallback
 .text.HAL_CAN_SleepCallback
                0x00000000080010a8        0x2 ./Drivers/STM32F3xx_HAL_Driver/Src/stm32f3xx_hal_can.o
                0x00000000080010a8                HAL_CAN_SleepCallback
 .text.HAL_CAN_WakeUpFromRxMsgCallback
                0x00000000080010aa        0x2 ./Drivers/STM32F3xx_HAL_Driver/Src/stm32f3xx_hal_can.o
                0x00000000080010aa                HAL_CAN_WakeUpFromRxMsgCallback
 .text.HAL_CAN_ErrorCallback
                0x00000000080010ac        0x2 ./Drivers/STM32F3xx_HAL_Driver/Src/stm32f3xx_hal_can.o
                0x00000000080010ac                HAL_CAN_ErrorCallback
 .text.HAL_CAN_IRQHandler
                0x00000000080010ae      0x24c ./Drivers/STM32F3xx_HAL_Driver/Src/stm32f3xx_hal_can.o
                0x00000000080010ae                HAL_CAN_IRQHandler
 *fill*         0x00000000080012fa        0x2 
 .text.HAL_NVIC_SetPriorityGrouping
                0x00000000080012fc       0x24 ./Drivers/STM32F3xx_HAL_Driver/Src/stm32f3xx_hal_cortex.o
                0x00000000080012fc                HAL_NVIC_SetPriorityGrouping
 .text.HAL_NVIC_SetPriority
                0x0000000008001320       0x6c ./Drivers/STM32F3xx_HAL_Driver/Src/stm32f3xx_hal_cortex.o
                0x0000000008001320                HAL_NVIC_SetPriority
 .text.HAL_NVIC_EnableIRQ
                0x000000000800138c       0x1c ./Drivers/STM32F3xx_HAL_Driver/Src/stm32f3xx_hal_cortex.o
                0x000000000800138c                HAL_NVIC_EnableIRQ
 .text.HAL_SYSTICK_Config
                0x00000000080013a8       0x28 ./Drivers/STM32F3xx_HAL_Driver/Src/stm32f3xx_hal_cortex.o
                0x00000000080013a8                HAL_SYSTICK_Config
 .text.HAL_GPIO_Init
                0x00000000080013d0      0x1b4 ./Drivers/STM32F3xx_HAL_Driver/Src/stm32f3xx_hal_gpio.o
                0x00000000080013d0                HAL_GPIO_Init
 .text.HAL_GPIO_WritePin
                0x0000000008001584        0xa ./Drivers/STM32F3xx_HAL_Driver/Src/stm32f3xx_hal_gpio.o
                0x0000000008001584                HAL_GPIO_WritePin
 .text.HAL_GPIO_EXTI_Callback
                0x000000000800158e        0x2 ./Drivers/STM32F3xx_HAL_Driver/Src/stm32f3xx_hal_gpio.o
                0x000000000800158e                HAL_GPIO_EXTI_Callback
 .text.HAL_GPIO_EXTI_IRQHandler
                0x0000000008001590       0x1c ./Drivers/STM32F3xx_HAL_Driver/Src/stm32f3xx_hal_gpio.o
                0x0000000008001590                HAL_GPIO_EXTI_IRQHandler
 .text.HAL_PCD_Init
                0x00000000080015ac       0xc8 ./Drivers/STM32F3xx_HAL_Driver/Src/stm32f3xx_hal_pcd.o
                0x00000000080015ac                HAL_PCD_Init
 .text.HAL_PCD_Start
                0x0000000008001674       0x32 ./Drivers/STM32F3xx_HAL_Driver/Src/stm32f3xx_hal_pcd.o
                0x0000000008001674                HAL_PCD_Start
 .text.HAL_PCD_SetAddress
                0x00000000080016a6       0x28 ./Drivers/STM32F3xx_HAL_Driver/Src/stm32f3xx_hal_pcd.o
                0x00000000080016a6                HAL_PCD_SetAddress
 .text.HAL_PCD_IRQHandler
                0x00000000080016ce      0xc26 ./Drivers/STM32F3xx_HAL_Driver/Src/stm32f3xx_hal_pcd.o
                0x00000000080016ce                HAL_PCD_IRQHandler
 .text.HAL_PCD_EP_Open
                0x00000000080022f4       0x78 ./Drivers/STM32F3xx_HAL_Driver/Src/stm32f3xx_hal_pcd.o
                0x00000000080022f4                HAL_PCD_EP_Open
 .text.HAL_PCD_EP_Close
                0x000000000800236c       0x5e ./Drivers/STM32F3xx_HAL_Driver/Src/stm32f3xx_hal_pcd.o
                0x000000000800236c                HAL_PCD_EP_Close
 .text.HAL_PCD_EP_Receive
                0x00000000080023ca       0x32 ./Drivers/STM32F3xx_HAL_Driver/Src/stm32f3xx_hal_pcd.o
                0x00000000080023ca                HAL_PCD_EP_Receive
 .text.HAL_PCD_EP_GetRxCount
                0x00000000080023fc       0x12 ./Drivers/STM32F3xx_HAL_Driver/Src/stm32f3xx_hal_pcd.o
                0x00000000080023fc                HAL_PCD_EP_GetRxCount
 .text.HAL_PCD_EP_Transmit
                0x000000000800240e       0x42 ./Drivers/STM32F3xx_HAL_Driver/Src/stm32f3xx_hal_pcd.o
                0x000000000800240e                HAL_PCD_EP_Transmit
 .text.HAL_PCD_EP_SetStall
                0x0000000008002450       0x6a ./Drivers/STM32F3xx_HAL_Driver/Src/stm32f3xx_hal_pcd.o
                0x0000000008002450                HAL_PCD_EP_SetStall
 .text.HAL_PCD_EP_ClrStall
                0x00000000080024ba       0x76 ./Drivers/STM32F3xx_HAL_Driver/Src/stm32f3xx_hal_pcd.o
                0x00000000080024ba                HAL_PCD_EP_ClrStall
 .text.HAL_PCDEx_PMAConfig
                0x0000000008002530       0x38 ./Drivers/STM32F3xx_HAL_Driver/Src/stm32f3xx_hal_pcd_ex.o
                0x0000000008002530                HAL_PCDEx_PMAConfig
 .text.HAL_RCC_OscConfig
                0x0000000008002568      0x638 ./Drivers/STM32F3xx_HAL_Driver/Src/stm32f3xx_hal_rcc.o
                0x0000000008002568                HAL_RCC_OscConfig
 .text.HAL_RCC_GetSysClockFreq
                0x0000000008002ba0       0x68 ./Drivers/STM32F3xx_HAL_Driver/Src/stm32f3xx_hal_rcc.o
                0x0000000008002ba0                HAL_RCC_GetSysClockFreq
 .text.HAL_RCC_ClockConfig
                0x0000000008002c08      0x1a0 ./Drivers/STM32F3xx_HAL_Driver/Src/stm32f3xx_hal_rcc.o
                0x0000000008002c08                HAL_RCC_ClockConfig
 .text.HAL_RCCEx_PeriphCLKConfig
                0x0000000008002da8      0x238 ./Drivers/STM32F3xx_HAL_Driver/Src/stm32f3xx_hal_rcc_ex.o
                0x0000000008002da8                HAL_RCCEx_PeriphCLKConfig
 .text.TIM_OC1_SetConfig
                0x0000000008002fe0       0x9c ./Drivers/STM32F3xx_HAL_Driver/Src/stm32f3xx_hal_tim.o
 .text.TIM_OC3_SetConfig
                0x000000000800307c       0x7c ./Drivers/STM32F3xx_HAL_Driver/Src/stm32f3xx_hal_tim.o
 .text.TIM_OC4_SetConfig
                0x00000000080030f8       0x64 ./Drivers/STM32F3xx_HAL_Driver/Src/stm32f3xx_hal_tim.o
 .text.TIM_OC5_SetConfig
                0x000000000800315c       0x60 ./Drivers/STM32F3xx_HAL_Driver/Src/stm32f3xx_hal_tim.o
 .text.TIM_OC6_SetConfig
                0x00000000080031bc       0x64 ./Drivers/STM32F3xx_HAL_Driver/Src/stm32f3xx_hal_tim.o
 .text.HAL_TIM_PWM_MspInit
                0x0000000008003220        0x2 ./Drivers/STM32F3xx_HAL_Driver/Src/stm32f3xx_hal_tim.o
                0x0000000008003220                HAL_TIM_PWM_MspInit
 .text.HAL_TIM_PeriodElapsedCallback
                0x0000000008003222        0x2 ./Drivers/STM32F3xx_HAL_Driver/Src/stm32f3xx_hal_tim.o
                0x0000000008003222                HAL_TIM_PeriodElapsedCallback
 .text.HAL_TIM_OC_DelayElapsedCallback
                0x0000000008003224        0x2 ./Drivers/STM32F3xx_HAL_Driver/Src/stm32f3xx_hal_tim.o
                0x0000000008003224                HAL_TIM_OC_DelayElapsedCallback
 .text.HAL_TIM_IC_CaptureCallback
                0x0000000008003226        0x2 ./Drivers/STM32F3xx_HAL_Driver/Src/stm32f3xx_hal_tim.o
                0x0000000008003226                HAL_TIM_IC_CaptureCallback
 .text.HAL_TIM_PWM_PulseFinishedCallback
                0x0000000008003228        0x2 ./Drivers/STM32F3xx_HAL_Driver/Src/stm32f3xx_hal_tim.o
                0x0000000008003228                HAL_TIM_PWM_PulseFinishedCallback
 .text.HAL_TIM_TriggerCallback
                0x000000000800322a        0x2 ./Drivers/STM32F3xx_HAL_Driver/Src/stm32f3xx_hal_tim.o
                0x000000000800322a                HAL_TIM_TriggerCallback
 .text.HAL_TIM_IRQHandler
                0x000000000800322c      0x19a ./Drivers/STM32F3xx_HAL_Driver/Src/stm32f3xx_hal_tim.o
                0x000000000800322c                HAL_TIM_IRQHandler
 *fill*         0x00000000080033c6        0x2 
 .text.TIM_Base_SetConfig
                0x00000000080033c8      0x108 ./Drivers/STM32F3xx_HAL_Driver/Src/stm32f3xx_hal_tim.o
                0x00000000080033c8                TIM_Base_SetConfig
 .text.HAL_TIM_Base_Init
                0x00000000080034d0       0x60 ./Drivers/STM32F3xx_HAL_Driver/Src/stm32f3xx_hal_tim.o
                0x00000000080034d0                HAL_TIM_Base_Init
 .text.HAL_TIM_PWM_Init
                0x0000000008003530       0x60 ./Drivers/STM32F3xx_HAL_Driver/Src/stm32f3xx_hal_tim.o
                0x0000000008003530                HAL_TIM_PWM_Init
 .text.TIM_OC2_SetConfig
                0x0000000008003590       0x7c ./Drivers/STM32F3xx_HAL_Driver/Src/stm32f3xx_hal_tim.o
                0x0000000008003590                TIM_OC2_SetConfig
 .text.HAL_TIM_PWM_ConfigChannel
                0x000000000800360c      0x13a ./Drivers/STM32F3xx_HAL_Driver/Src/stm32f3xx_hal_tim.o
                0x000000000800360c                HAL_TIM_PWM_ConfigChannel
 .text.TIM_ETR_SetConfig
                0x0000000008003746       0x1a ./Drivers/STM32F3xx_HAL_Driver/Src/stm32f3xx_hal_tim.o
                0x0000000008003746                TIM_ETR_SetConfig
 .text.HAL_TIM_ConfigClockSource
                0x0000000008003760      0x16c ./Drivers/STM32F3xx_HAL_Driver/Src/stm32f3xx_hal_tim.o
                0x0000000008003760                HAL_TIM_ConfigClockSource
 .text.HAL_TIMEx_MasterConfigSynchronization
                0x00000000080038cc       0x80 ./Drivers/STM32F3xx_HAL_Driver/Src/stm32f3xx_hal_tim_ex.o
                0x00000000080038cc                HAL_TIMEx_MasterConfigSynchronization
 .text.HAL_TIMEx_CommutCallback
                0x000000000800394c        0x2 ./Drivers/STM32F3xx_HAL_Driver/Src/stm32f3xx_hal_tim_ex.o
                0x000000000800394c                HAL_TIMEx_CommutCallback
 .text.HAL_TIMEx_BreakCallback
                0x000000000800394e        0x2 ./Drivers/STM32F3xx_HAL_Driver/Src/stm32f3xx_hal_tim_ex.o
                0x000000000800394e                HAL_TIMEx_BreakCallback
 .text.HAL_TIMEx_Break2Callback
                0x0000000008003950        0x2 ./Drivers/STM32F3xx_HAL_Driver/Src/stm32f3xx_hal_tim_ex.o
                0x0000000008003950                HAL_TIMEx_Break2Callback
 .text.USB_EnableGlobalInt
                0x0000000008003952       0x12 ./Drivers/STM32F3xx_HAL_Driver/Src/stm32f3xx_ll_usb.o
                0x0000000008003952                USB_EnableGlobalInt
 .text.USB_DisableGlobalInt
                0x0000000008003964       0x14 ./Drivers/STM32F3xx_HAL_Driver/Src/stm32f3xx_ll_usb.o
                0x0000000008003964                USB_DisableGlobalInt
 .text.USB_DevInit
                0x0000000008003978       0x22 ./Drivers/STM32F3xx_HAL_Driver/Src/stm32f3xx_ll_usb.o
                0x0000000008003978                USB_DevInit
 .text.USB_ActivateEndpoint
                0x000000000800399a      0x390 ./Drivers/STM32F3xx_HAL_Driver/Src/stm32f3xx_ll_usb.o
                0x000000000800399a                USB_ActivateEndpoint
 .text.USB_DeactivateEndpoint
                0x0000000008003d2a      0x1d2 ./Drivers/STM32F3xx_HAL_Driver/Src/stm32f3xx_ll_usb.o
                0x0000000008003d2a                USB_DeactivateEndpoint
 .text.USB_EPSetStall
                0x0000000008003efc       0x4a ./Drivers/STM32F3xx_HAL_Driver/Src/stm32f3xx_ll_usb.o
                0x0000000008003efc                USB_EPSetStall
 .text.USB_EPClearStall
                0x0000000008003f46       0xa2 ./Drivers/STM32F3xx_HAL_Driver/Src/stm32f3xx_ll_usb.o
                0x0000000008003f46                USB_EPClearStall
 .text.USB_SetDevAddress
                0x0000000008003fe8        0xc ./Drivers/STM32F3xx_HAL_Driver/Src/stm32f3xx_ll_usb.o
                0x0000000008003fe8                USB_SetDevAddress
 .text.USB_DevConnect
                0x0000000008003ff4        0x4 ./Drivers/STM32F3xx_HAL_Driver/Src/stm32f3xx_ll_usb.o
                0x0000000008003ff4                USB_DevConnect
 .text.USB_ReadInterrupts
                0x0000000008003ff8        0x8 ./Drivers/STM32F3xx_HAL_Driver/Src/stm32f3xx_ll_usb.o
                0x0000000008003ff8                USB_ReadInterrupts
 .text.USB_WritePMA
                0x0000000008004000       0x2e ./Drivers/STM32F3xx_HAL_Driver/Src/stm32f3xx_ll_usb.o
                0x0000000008004000                USB_WritePMA
 .text.USB_EPStartXfer
                0x000000000800402e      0x6b6 ./Drivers/STM32F3xx_HAL_Driver/Src/stm32f3xx_ll_usb.o
                0x000000000800402e                USB_EPStartXfer
 .text.USB_ReadPMA
                0x00000000080046e4       0x40 ./Drivers/STM32F3xx_HAL_Driver/Src/stm32f3xx_ll_usb.o
                0x00000000080046e4                USB_ReadPMA
 .text.USBD_CDC_EP0_RxReady
                0x0000000008004724       0x2c ./Middlewares/ST/STM32_USB_Device_Library/Class/CDC/Src/usbd_cdc.o
 .text.USBD_CDC_GetFSCfgDesc
                0x0000000008004750        0xc ./Middlewares/ST/STM32_USB_Device_Library/Class/CDC/Src/usbd_cdc.o
 .text.USBD_CDC_GetHSCfgDesc
                0x000000000800475c        0xc ./Middlewares/ST/STM32_USB_Device_Library/Class/CDC/Src/usbd_cdc.o
 .text.USBD_CDC_GetOtherSpeedCfgDesc
                0x0000000008004768        0xc ./Middlewares/ST/STM32_USB_Device_Library/Class/CDC/Src/usbd_cdc.o
 .text.USBD_CDC_GetDeviceQualifierDescriptor
                0x0000000008004774        0xc ./Middlewares/ST/STM32_USB_Device_Library/Class/CDC/Src/usbd_cdc.o
                0x0000000008004774                USBD_CDC_GetDeviceQualifierDescriptor
 .text.USBD_CDC_DataOut
                0x0000000008004780       0x2e ./Middlewares/ST/STM32_USB_Device_Library/Class/CDC/Src/usbd_cdc.o
 .text.USBD_CDC_DataIn
                0x00000000080047ae       0x58 ./Middlewares/ST/STM32_USB_Device_Library/Class/CDC/Src/usbd_cdc.o
 .text.USBD_CDC_Setup
                0x0000000008004806       0xd6 ./Middlewares/ST/STM32_USB_Device_Library/Class/CDC/Src/usbd_cdc.o
 .text.USBD_CDC_DeInit
                0x00000000080048dc       0x42 ./Middlewares/ST/STM32_USB_Device_Library/Class/CDC/Src/usbd_cdc.o
 .text.USBD_CDC_Init
                0x000000000800491e       0xaa ./Middlewares/ST/STM32_USB_Device_Library/Class/CDC/Src/usbd_cdc.o
 .text.USBD_CDC_RegisterInterface
                0x00000000080049c8        0xe ./Middlewares/ST/STM32_USB_Device_Library/Class/CDC/Src/usbd_cdc.o
                0x00000000080049c8                USBD_CDC_RegisterInterface
 .text.USBD_CDC_SetTxBuffer
                0x00000000080049d6       0x10 ./Middlewares/ST/STM32_USB_Device_Library/Class/CDC/Src/usbd_cdc.o
                0x00000000080049d6                USBD_CDC_SetTxBuffer
 .text.USBD_CDC_SetRxBuffer
                0x00000000080049e6        0xc ./Middlewares/ST/STM32_USB_Device_Library/Class/CDC/Src/usbd_cdc.o
                0x00000000080049e6                USBD_CDC_SetRxBuffer
 .text.USBD_CDC_TransmitPacket
                0x00000000080049f2       0x34 ./Middlewares/ST/STM32_USB_Device_Library/Class/CDC/Src/usbd_cdc.o
                0x00000000080049f2                USBD_CDC_TransmitPacket
 .text.USBD_CDC_ReceivePacket
                0x0000000008004a26       0x32 ./Middlewares/ST/STM32_USB_Device_Library/Class/CDC/Src/usbd_cdc.o
                0x0000000008004a26                USBD_CDC_ReceivePacket
 .text.USBD_Init
                0x0000000008004a58       0x2e ./Middlewares/ST/STM32_USB_Device_Library/Core/Src/usbd_core.o
                0x0000000008004a58                USBD_Init
 .text.USBD_RegisterClass
                0x0000000008004a86        0xe ./Middlewares/ST/STM32_USB_Device_Library/Core/Src/usbd_core.o
                0x0000000008004a86                USBD_RegisterClass
 .text.USBD_Start
                0x0000000008004a94        0xa ./Middlewares/ST/STM32_USB_Device_Library/Core/Src/usbd_core.o
                0x0000000008004a94                USBD_Start
 .text.USBD_SetClassConfig
                0x0000000008004a9e       0x18 ./Middlewares/ST/STM32_USB_Device_Library/Core/Src/usbd_core.o
                0x0000000008004a9e                USBD_SetClassConfig
 .text.USBD_ClrClassConfig
                0x0000000008004ab6        0xe ./Middlewares/ST/STM32_USB_Device_Library/Core/Src/usbd_core.o
                0x0000000008004ab6                USBD_ClrClassConfig
 .text.USBD_LL_SetupStage
                0x0000000008004ac4       0x5a ./Middlewares/ST/STM32_USB_Device_Library/Core/Src/usbd_core.o
                0x0000000008004ac4                USBD_LL_SetupStage
 .text.USBD_LL_DataOutStage
                0x0000000008004b1e       0x88 ./Middlewares/ST/STM32_USB_Device_Library/Core/Src/usbd_core.o
                0x0000000008004b1e                USBD_LL_DataOutStage
 .text.USBD_LL_DataInStage
                0x0000000008004ba6       0xce ./Middlewares/ST/STM32_USB_Device_Library/Core/Src/usbd_core.o
                0x0000000008004ba6                USBD_LL_DataInStage
 .text.USBD_LL_Reset
                0x0000000008004c74       0x50 ./Middlewares/ST/STM32_USB_Device_Library/Core/Src/usbd_core.o
                0x0000000008004c74                USBD_LL_Reset
 .text.USBD_LL_SetSpeed
                0x0000000008004cc4        0x6 ./Middlewares/ST/STM32_USB_Device_Library/Core/Src/usbd_core.o
                0x0000000008004cc4                USBD_LL_SetSpeed
 .text.USBD_LL_Suspend
                0x0000000008004cca       0x12 ./Middlewares/ST/STM32_USB_Device_Library/Core/Src/usbd_core.o
                0x0000000008004cca                USBD_LL_Suspend
 .text.USBD_LL_Resume
                0x0000000008004cdc       0x14 ./Middlewares/ST/STM32_USB_Device_Library/Core/Src/usbd_core.o
                0x0000000008004cdc                USBD_LL_Resume
 .text.USBD_LL_SOF
                0x0000000008004cf0       0x1c ./Middlewares/ST/STM32_USB_Device_Library/Core/Src/usbd_core.o
                0x0000000008004cf0                USBD_LL_SOF
 .text.USBD_ParseSetupRequest
                0x0000000008004d0c       0x28 ./Middlewares/ST/STM32_USB_Device_Library/Core/Src/usbd_ctlreq.o
                0x0000000008004d0c                USBD_ParseSetupRequest
 .text.USBD_CtlError
                0x0000000008004d34       0x14 ./Middlewares/ST/STM32_USB_Device_Library/Core/Src/usbd_ctlreq.o
                0x0000000008004d34                USBD_CtlError
 .text.USBD_StdDevReq
                0x0000000008004d48      0x374 ./Middlewares/ST/STM32_USB_Device_Library/Core/Src/usbd_ctlreq.o
                0x0000000008004d48                USBD_StdDevReq
 .text.USBD_StdItfReq
                0x00000000080050bc       0x60 ./Middlewares/ST/STM32_USB_Device_Library/Core/Src/usbd_ctlreq.o
                0x00000000080050bc                USBD_StdItfReq
 .text.USBD_StdEPReq
                0x000000000800511c      0x1aa ./Middlewares/ST/STM32_USB_Device_Library/Core/Src/usbd_ctlreq.o
                0x000000000800511c                USBD_StdEPReq
 .text.USBD_GetString
                0x00000000080052c6       0x4a ./Middlewares/ST/STM32_USB_Device_Library/Core/Src/usbd_ctlreq.o
                0x00000000080052c6                USBD_GetString
 .text.USBD_CtlSendData
                0x0000000008005310       0x1a ./Middlewares/ST/STM32_USB_Device_Library/Core/Src/usbd_ioreq.o
                0x0000000008005310                USBD_CtlSendData
 .text.USBD_CtlContinueSendData
                0x000000000800532a       0x10 ./Middlewares/ST/STM32_USB_Device_Library/Core/Src/usbd_ioreq.o
                0x000000000800532a                USBD_CtlContinueSendData
 .text.USBD_CtlPrepareRx
                0x000000000800533a       0x1e ./Middlewares/ST/STM32_USB_Device_Library/Core/Src/usbd_ioreq.o
                0x000000000800533a                USBD_CtlPrepareRx
 .text.USBD_CtlContinueRx
                0x0000000008005358       0x10 ./Middlewares/ST/STM32_USB_Device_Library/Core/Src/usbd_ioreq.o
                0x0000000008005358                USBD_CtlContinueRx
 .text.USBD_CtlSendStatus
                0x0000000008005368       0x16 ./Middlewares/ST/STM32_USB_Device_Library/Core/Src/usbd_ioreq.o
                0x0000000008005368                USBD_CtlSendStatus
 .text.USBD_CtlReceiveStatus
                0x000000000800537e       0x16 ./Middlewares/ST/STM32_USB_Device_Library/Core/Src/usbd_ioreq.o
                0x000000000800537e                USBD_CtlReceiveStatus
 .text.MX_USB_DEVICE_Init
                0x0000000008005394       0x54 ./USB_DEVICE/App/usb_device.o
                0x0000000008005394                MX_USB_DEVICE_Init
 .text.CDC_DeInit_FS
                0x00000000080053e8        0x4 ./USB_DEVICE/App/usbd_cdc_if.o
 .text.CDC_Receive_FS
                0x00000000080053ec       0xb4 ./USB_DEVICE/App/usbd_cdc_if.o
 .text.CDC_Control_FS
                0x00000000080054a0       0x74 ./USB_DEVICE/App/usbd_cdc_if.o
 .text.CDC_Init_FS
                0x0000000008005514       0x28 ./USB_DEVICE/App/usbd_cdc_if.o
 .text.CDC_Transmit_FS
                0x000000000800553c       0x2c ./USB_DEVICE/App/usbd_cdc_if.o
                0x000000000800553c                CDC_Transmit_FS
 .text.USBD_FS_DeviceDescriptor
                0x0000000008005568        0xc ./USB_DEVICE/App/usbd_desc.o
                0x0000000008005568                USBD_FS_DeviceDescriptor
 .text.USBD_FS_LangIDStrDescriptor
                0x0000000008005574        0xc ./USB_DEVICE/App/usbd_desc.o
                0x0000000008005574                USBD_FS_LangIDStrDescriptor
 .text.IntToUnicode
                0x0000000008005580       0x32 ./USB_DEVICE/App/usbd_desc.o
 *fill*         0x00000000080055b2        0x2 
 .text.USBD_FS_SerialStrDescriptor
                0x00000000080055b4       0x40 ./USB_DEVICE/App/usbd_desc.o
                0x00000000080055b4                USBD_FS_SerialStrDescriptor
 .text.USBD_FS_ProductStrDescriptor
                0x00000000080055f4       0x18 ./USB_DEVICE/App/usbd_desc.o
                0x00000000080055f4                USBD_FS_ProductStrDescriptor
 .text.USBD_FS_ManufacturerStrDescriptor
                0x000000000800560c       0x1c ./USB_DEVICE/App/usbd_desc.o
                0x000000000800560c                USBD_FS_ManufacturerStrDescriptor
 .text.USBD_FS_ConfigStrDescriptor
                0x0000000008005628       0x18 ./USB_DEVICE/App/usbd_desc.o
                0x0000000008005628                USBD_FS_ConfigStrDescriptor
 .text.USBD_FS_InterfaceStrDescriptor
                0x0000000008005640       0x18 ./USB_DEVICE/App/usbd_desc.o
                0x0000000008005640                USBD_FS_InterfaceStrDescriptor
 .text.USBD_Get_USB_Status
                0x0000000008005658        0xe ./USB_DEVICE/Target/usbd_conf.o
 *fill*         0x0000000008005666        0x2 
 .text.HAL_PCD_MspInit
                0x0000000008005668       0x88 ./USB_DEVICE/Target/usbd_conf.o
                0x0000000008005668                HAL_PCD_MspInit
 .text.HAL_PCD_SetupStageCallback
                0x00000000080056f0       0x10 ./USB_DEVICE/Target/usbd_conf.o
                0x00000000080056f0                HAL_PCD_SetupStageCallback
 .text.HAL_PCD_DataOutStageCallback
                0x0000000008005700       0x18 ./USB_DEVICE/Target/usbd_conf.o
                0x0000000008005700                HAL_PCD_DataOutStageCallback
 .text.HAL_PCD_DataInStageCallback
                0x0000000008005718       0x16 ./USB_DEVICE/Target/usbd_conf.o
                0x0000000008005718                HAL_PCD_DataInStageCallback
 .text.HAL_PCD_SOFCallback
                0x000000000800572e        0xc ./USB_DEVICE/Target/usbd_conf.o
                0x000000000800572e                HAL_PCD_SOFCallback
 .text.HAL_PCD_ResetCallback
                0x000000000800573a       0x24 ./USB_DEVICE/Target/usbd_conf.o
                0x000000000800573a                HAL_PCD_ResetCallback
 *fill*         0x000000000800575e        0x2 
 .text.HAL_PCD_SuspendCallback
                0x0000000008005760       0x20 ./USB_DEVICE/Target/usbd_conf.o
                0x0000000008005760                HAL_PCD_SuspendCallback
 .text.HAL_PCD_ResumeCallback
                0x0000000008005780        0xc ./USB_DEVICE/Target/usbd_conf.o
                0x0000000008005780                HAL_PCD_ResumeCallback
 .text.USBD_LL_Init
                0x000000000800578c       0x84 ./USB_DEVICE/Target/usbd_conf.o
                0x000000000800578c                USBD_LL_Init
 .text.USBD_LL_Start
                0x0000000008005810       0x10 ./USB_DEVICE/Target/usbd_conf.o
                0x0000000008005810                USBD_LL_Start
 .text.USBD_LL_OpenEP
                0x0000000008005820       0x16 ./USB_DEVICE/Target/usbd_conf.o
                0x0000000008005820                USBD_LL_OpenEP
 .text.USBD_LL_CloseEP
                0x0000000008005836       0x10 ./USB_DEVICE/Target/usbd_conf.o
                0x0000000008005836                USBD_LL_CloseEP
 .text.USBD_LL_StallEP
                0x0000000008005846       0x10 ./USB_DEVICE/Target/usbd_conf.o
                0x0000000008005846                USBD_LL_StallEP
 .text.USBD_LL_ClearStallEP
                0x0000000008005856       0x10 ./USB_DEVICE/Target/usbd_conf.o
                0x0000000008005856                USBD_LL_ClearStallEP
 .text.USBD_LL_IsStallEP
                0x0000000008005866       0x2e ./USB_DEVICE/Target/usbd_conf.o
                0x0000000008005866                USBD_LL_IsStallEP
 .text.USBD_LL_SetUSBAddress
                0x0000000008005894       0x10 ./USB_DEVICE/Target/usbd_conf.o
                0x0000000008005894                USBD_LL_SetUSBAddress
 .text.USBD_LL_Transmit
                0x00000000080058a4       0x10 ./USB_DEVICE/Target/usbd_conf.o
                0x00000000080058a4                USBD_LL_Transmit
 .text.USBD_LL_PrepareReceive
                0x00000000080058b4       0x10 ./USB_DEVICE/Target/usbd_conf.o
                0x00000000080058b4                USBD_LL_PrepareReceive
 .text.USBD_LL_GetRxDataSize
                0x00000000080058c4        0xc ./USB_DEVICE/Target/usbd_conf.o
                0x00000000080058c4                USBD_LL_GetRxDataSize
 .text.USBD_static_malloc
                0x00000000080058d0        0x8 ./USB_DEVICE/Target/usbd_conf.o
                0x00000000080058d0                USBD_static_malloc
 .text.USBD_static_free
                0x00000000080058d8        0x2 ./USB_DEVICE/Target/usbd_conf.o
                0x00000000080058d8                USBD_static_free
 .text.HAL_PCDEx_SetConnectionState
                0x00000000080058da       0x18 ./USB_DEVICE/Target/usbd_conf.o
                0x00000000080058da                HAL_PCDEx_SetConnectionState
 *fill*         0x00000000080058f2        0x2 
 .text.__libc_init_array
                0x00000000080058f4       0x48 c:/st/stm32cubeide_1.9.0/stm32cubeide/plugins/com.st.stm32cube.ide.mcu.externaltools.gnu-tools-for-stm32.10.3-2021.10.win32_1.0.200.202301161003/tools/bin/../lib/gcc/arm-none-eabi/10.3.1/../../../../arm-none-eabi/lib/thumb/v7e-m+fp/hard\libc_nano.a(lib_a-init.o)
                0x00000000080058f4                __libc_init_array
 .text.memset   0x000000000800593c       0x10 c:/st/stm32cubeide_1.9.0/stm32cubeide/plugins/com.st.stm32cube.ide.mcu.externaltools.gnu-tools-for-stm32.10.3-2021.10.win32_1.0.200.202301161003/tools/bin/../lib/gcc/arm-none-eabi/10.3.1/../../../../arm-none-eabi/lib/thumb/v7e-m+fp/hard\libc_nano.a(lib_a-memset.o)
                0x000000000800593c                memset
 *(.glue_7)
 .glue_7        0x000000000800594c        0x0 linker stubs
 *(.glue_7t)
 .glue_7t       0x000000000800594c        0x0 linker stubs
 *(.eh_frame)
 .eh_frame      0x000000000800594c        0x0 c:/st/stm32cubeide_1.9.0/stm32cubeide/plugins/com.st.stm32cube.ide.mcu.externaltools.gnu-tools-for-stm32.10.3-2021.10.win32_1.0.200.202301161003/tools/bin/../lib/gcc/arm-none-eabi/10.3.1/thumb/v7e-m+fp/hard/crtbegin.o
 *(.init)
 .init          0x000000000800594c        0x4 c:/st/stm32cubeide_1.9.0/stm32cubeide/plugins/com.st.stm32cube.ide.mcu.externaltools.gnu-tools-for-stm32.10.3-2021.10.win32_1.0.200.202301161003/tools/bin/../lib/gcc/arm-none-eabi/10.3.1/thumb/v7e-m+fp/hard/crti.o
                0x000000000800594c                _init
 .init          0x0000000008005950        0x8 c:/st/stm32cubeide_1.9.0/stm32cubeide/plugins/com.st.stm32cube.ide.mcu.externaltools.gnu-tools-for-stm32.10.3-2021.10.win32_1.0.200.202301161003/tools/bin/../lib/gcc/arm-none-eabi/10.3.1/thumb/v7e-m+fp/hard/crtn.o
 *(.fini)
 .fini          0x0000000008005958        0x4 c:/st/stm32cubeide_1.9.0/stm32cubeide/plugins/com.st.stm32cube.ide.mcu.externaltools.gnu-tools-for-stm32.10.3-2021.10.win32_1.0.200.202301161003/tools/bin/../lib/gcc/arm-none-eabi/10.3.1/thumb/v7e-m+fp/hard/crti.o
                0x0000000008005958                _fini
 .fini          0x000000000800595c        0x8 c:/st/stm32cubeide_1.9.0/stm32cubeide/plugins/com.st.stm32cube.ide.mcu.externaltools.gnu-tools-for-stm32.10.3-2021.10.win32_1.0.200.202301161003/tools/bin/../lib/gcc/arm-none-eabi/10.3.1/thumb/v7e-m+fp/hard/crtn.o
                0x0000000008005964                . = ALIGN (0x4)
                0x0000000008005964                _etext = .

.vfp11_veneer   0x0000000008005964        0x0
 .vfp11_veneer  0x0000000008005964        0x0 linker stubs

.v4_bx          0x0000000008005964        0x0
 .v4_bx         0x0000000008005964        0x0 linker stubs

.iplt           0x0000000008005964        0x0
 .iplt          0x0000000008005964        0x0 c:/st/stm32cubeide_1.9.0/stm32cubeide/plugins/com.st.stm32cube.ide.mcu.externaltools.gnu-tools-for-stm32.10.3-2021.10.win32_1.0.200.202301161003/tools/bin/../lib/gcc/arm-none-eabi/10.3.1/thumb/v7e-m+fp/hard/crtbegin.o

.rodata         0x0000000008005964       0x68
                0x0000000008005964                . = ALIGN (0x4)
 *(.rodata)
 *(.rodata*)
 .rodata.AHBPrescTable
                0x0000000008005964       0x10 ./Core/Src/system_stm32f3xx.o
                0x0000000008005964                AHBPrescTable
 .rodata.aPLLMULFactorTable
                0x0000000008005974       0x10 ./Drivers/STM32F3xx_HAL_Driver/Src/stm32f3xx_hal_rcc.o
 .rodata.aPredivFactorTable
                0x0000000008005984       0x10 ./Drivers/STM32F3xx_HAL_Driver/Src/stm32f3xx_hal_rcc.o
 .rodata.USBD_FS_ProductStrDescriptor.str1.4
                0x0000000008005994       0x16 ./USB_DEVICE/App/usbd_desc.o
 *fill*         0x00000000080059aa        0x2 
 .rodata.USBD_FS_ManufacturerStrDescriptor.str1.4
                0x00000000080059ac        0x4 ./USB_DEVICE/App/usbd_desc.o
 .rodata.USBD_FS_ConfigStrDescriptor.str1.4
                0x00000000080059b0        0xb ./USB_DEVICE/App/usbd_desc.o
 *fill*         0x00000000080059bb        0x1 
 .rodata.USBD_FS_InterfaceStrDescriptor.str1.4
                0x00000000080059bc        0xe ./USB_DEVICE/App/usbd_desc.o
                0x00000000080059cc                . = ALIGN (0x4)
 *fill*         0x00000000080059ca        0x2 

.rel.dyn        0x00000000080059cc        0x0
 .rel.iplt      0x00000000080059cc        0x0 c:/st/stm32cubeide_1.9.0/stm32cubeide/plugins/com.st.stm32cube.ide.mcu.externaltools.gnu-tools-for-stm32.10.3-2021.10.win32_1.0.200.202301161003/tools/bin/../lib/gcc/arm-none-eabi/10.3.1/thumb/v7e-m+fp/hard/crtbegin.o

.ARM.extab      0x00000000080059cc        0x0
                0x00000000080059cc                . = ALIGN (0x4)
 *(.ARM.extab* .gnu.linkonce.armextab.*)
                0x00000000080059cc                . = ALIGN (0x4)

.ARM            0x00000000080059cc        0x0
                0x00000000080059cc                . = ALIGN (0x4)
                0x00000000080059cc                __exidx_start = .
 *(.ARM.exidx*)
                0x00000000080059cc                __exidx_end = .
                0x00000000080059cc                . = ALIGN (0x4)

.preinit_array  0x00000000080059cc        0x0
                0x00000000080059cc                . = ALIGN (0x4)
                0x00000000080059cc                PROVIDE (__preinit_array_start = .)
 *(.preinit_array*)
                0x00000000080059cc                PROVIDE (__preinit_array_end = .)
                0x00000000080059cc                . = ALIGN (0x4)

.init_array     0x00000000080059cc        0x8
                0x00000000080059cc                . = ALIGN (0x4)
                0x00000000080059cc                PROVIDE (__init_array_start = .)
 *(SORT_BY_NAME(.init_array.*))
 *(.init_array*)
 .init_array    0x00000000080059cc        0x4 c:/st/stm32cubeide_1.9.0/stm32cubeide/plugins/com.st.stm32cube.ide.mcu.externaltools.gnu-tools-for-stm32.10.3-2021.10.win32_1.0.200.202301161003/tools/bin/../lib/gcc/arm-none-eabi/10.3.1/thumb/v7e-m+fp/hard/crtbegin.o
 .init_array    0x00000000080059d0        0x4 ./Core/Src/usbcan_main.o
                0x00000000080059d4                PROVIDE (__init_array_end = .)
                0x00000000080059d4                . = ALIGN (0x4)

.fini_array     0x00000000080059d4        0x4
                0x00000000080059d4                . = ALIGN (0x4)
                [!provide]                        PROVIDE (__fini_array_start = .)
 *(SORT_BY_NAME(.fini_array.*))
 *(.fini_array*)
 .fini_array    0x00000000080059d4        0x4 c:/st/stm32cubeide_1.9.0/stm32cubeide/plugins/com.st.stm32cube.ide.mcu.externaltools.gnu-tools-for-stm32.10.3-2021.10.win32_1.0.200.202301161003/tools/bin/../lib/gcc/arm-none-eabi/10.3.1/thumb/v7e-m+fp/hard/crtbegin.o
                [!provide]                        PROVIDE (__fini_array_end = .)
                0x00000000080059d8                . = ALIGN (0x4)
                0x00000000080059d8                _sidata = LOADADDR (.data)

.data           0x0000000020000000      0x1d8 load address 0x00000000080059d8
                0x0000000020000000                . = ALIGN (0x4)
                0x0000000020000000                _sdata = .
 *(.data)
 *(.data*)
 .data._ZZ11usb_processE18HelloSLCAN_encoded
                0x0000000020000000        0xd ./Core/Src/can_usb.o
 *fill*         0x000000002000000d        0x3 
 .data.led_list
                0x0000000020000010       0x40 ./Core/Src/led.o
                0x0000000020000010                led_list
 .data.SystemCoreClock
                0x0000000020000050        0x4 ./Core/Src/system_stm32f3xx.o
                0x0000000020000050                SystemCoreClock
 .data.uwTickFreq
                0x0000000020000054        0x1 ./Drivers/STM32F3xx_HAL_Driver/Src/stm32f3xx_hal.o
                0x0000000020000054                uwTickFreq
 *fill*         0x0000000020000055        0x3 
 .data.uwTickPrio
                0x0000000020000058        0x4 ./Drivers/STM32F3xx_HAL_Driver/Src/stm32f3xx_hal.o
                0x0000000020000058                uwTickPrio
 .data.USBD_CDC
                0x000000002000005c       0x38 ./Middlewares/ST/STM32_USB_Device_Library/Class/CDC/Src/usbd_cdc.o
                0x000000002000005c                USBD_CDC
 .data.USBD_CDC_CfgFSDesc
                0x0000000020000094       0x43 ./Middlewares/ST/STM32_USB_Device_Library/Class/CDC/Src/usbd_cdc.o
                0x0000000020000094                USBD_CDC_CfgFSDesc
 *fill*         0x00000000200000d7        0x1 
 .data.USBD_CDC_CfgHSDesc
                0x00000000200000d8       0x43 ./Middlewares/ST/STM32_USB_Device_Library/Class/CDC/Src/usbd_cdc.o
                0x00000000200000d8                USBD_CDC_CfgHSDesc
 *fill*         0x000000002000011b        0x1 
 .data.USBD_CDC_DeviceQualifierDesc
                0x000000002000011c        0xa ./Middlewares/ST/STM32_USB_Device_Library/Class/CDC/Src/usbd_cdc.o
 *fill*         0x0000000020000126        0x2 
 .data.USBD_CDC_OtherSpeedCfgDesc
                0x0000000020000128       0x43 ./Middlewares/ST/STM32_USB_Device_Library/Class/CDC/Src/usbd_cdc.o
                0x0000000020000128                USBD_CDC_OtherSpeedCfgDesc
 *fill*         0x000000002000016b        0x1 
 .data.USBD_Interface_fops_FS
                0x000000002000016c       0x10 ./USB_DEVICE/App/usbd_cdc_if.o
                0x000000002000016c                USBD_Interface_fops_FS
 .data.linecoding
                0x000000002000017c        0x8 ./USB_DEVICE/App/usbd_cdc_if.o
                0x000000002000017c                linecoding
 .data.zero_count
                0x0000000020000184        0x1 ./USB_DEVICE/App/usbd_cdc_if.o
                0x0000000020000184                zero_count
 *fill*         0x0000000020000185        0x3 
 .data.FS_Desc  0x0000000020000188       0x1c ./USB_DEVICE/App/usbd_desc.o
                0x0000000020000188                FS_Desc
 .data.USBD_FS_DeviceDesc
                0x00000000200001a4       0x12 ./USB_DEVICE/App/usbd_desc.o
                0x00000000200001a4                USBD_FS_DeviceDesc
 *fill*         0x00000000200001b6        0x2 
 .data.USBD_LangIDDesc
                0x00000000200001b8        0x4 ./USB_DEVICE/App/usbd_desc.o
                0x00000000200001b8                USBD_LangIDDesc
 .data.USBD_StringSerial
                0x00000000200001bc       0x1a ./USB_DEVICE/App/usbd_desc.o
                0x00000000200001bc                USBD_StringSerial
 *(.RamFunc)
 *(.RamFunc*)
                0x00000000200001d8                . = ALIGN (0x4)
 *fill*         0x00000000200001d6        0x2 
                0x00000000200001d8                _edata = .

.igot.plt       0x00000000200001d8        0x0 load address 0x0000000008005bb0
 .igot.plt      0x00000000200001d8        0x0 c:/st/stm32cubeide_1.9.0/stm32cubeide/plugins/com.st.stm32cube.ide.mcu.externaltools.gnu-tools-for-stm32.10.3-2021.10.win32_1.0.200.202301161003/tools/bin/../lib/gcc/arm-none-eabi/10.3.1/thumb/v7e-m+fp/hard/crtbegin.o
                0x00000000200001d8                . = ALIGN (0x4)

.bss            0x00000000200001d8     0x145c load address 0x0000000008005bb0
                0x00000000200001d8                _sbss = .
                0x00000000200001d8                __bss_start__ = _sbss
 *(.bss)
 .bss           0x00000000200001d8       0x1c c:/st/stm32cubeide_1.9.0/stm32cubeide/plugins/com.st.stm32cube.ide.mcu.externaltools.gnu-tools-for-stm32.10.3-2021.10.win32_1.0.200.202301161003/tools/bin/../lib/gcc/arm-none-eabi/10.3.1/thumb/v7e-m+fp/hard/crtbegin.o
 *(.bss*)
 .bss.TxHeader  0x00000000200001f4       0x18 ./Core/Src/can_usb.o
                0x00000000200001f4                TxHeader
 .bss.TxMailbox
                0x000000002000020c        0x4 ./Core/Src/can_usb.o
                0x000000002000020c                TxMailbox
 .bss.hcan      0x0000000020000210       0x28 ./Core/Src/main.o
                0x0000000020000210                hcan
 .bss.htim3     0x0000000020000238       0x4c ./Core/Src/main.o
                0x0000000020000238                htim3
 .bss.motor     0x0000000020000284      0x164 ./Core/Src/usbcan_main.o
                0x0000000020000284                motor
 .bss.TxHeader1
                0x00000000200003e8       0x18 ./Core/Src/usbcan_main.o
                0x00000000200003e8                TxHeader1
 .bss.TxHeader2
                0x0000000020000400       0x18 ./Core/Src/usbcan_main.o
                0x0000000020000400                TxHeader2
 .bss.uwTick    0x0000000020000418        0x4 ./Drivers/STM32F3xx_HAL_Driver/Src/stm32f3xx_hal.o
                0x0000000020000418                uwTick
 .bss.cfgidx.0  0x000000002000041c        0x1 ./Middlewares/ST/STM32_USB_Device_Library/Core/Src/usbd_ctlreq.o
 *fill*         0x000000002000041d        0x3 
 .bss.hUsbDeviceFS
                0x0000000020000420      0x2c4 ./USB_DEVICE/App/usb_device.o
                0x0000000020000420                hUsbDeviceFS
 .bss.DecodedData
                0x00000000200006e4       0x40 ./USB_DEVICE/App/usbd_cdc_if.o
                0x00000000200006e4                DecodedData
 .bss.UserRxBufferFS
                0x0000000020000724      0x400 ./USB_DEVICE/App/usbd_cdc_if.o
                0x0000000020000724                UserRxBufferFS
 .bss.UserTxBufferFS
                0x0000000020000b24      0x400 ./USB_DEVICE/App/usbd_cdc_if.o
                0x0000000020000b24                UserTxBufferFS
 .bss.data_index
                0x0000000020000f24        0x1 ./USB_DEVICE/App/usbd_cdc_if.o
                0x0000000020000f24                data_index
 .bss.is_first  0x0000000020000f25        0x1 ./USB_DEVICE/App/usbd_cdc_if.o
                0x0000000020000f25                is_first
 *fill*         0x0000000020000f26        0x2 
 .bss.USBD_StrDesc
                0x0000000020000f28      0x200 ./USB_DEVICE/App/usbd_desc.o
                0x0000000020000f28                USBD_StrDesc
 .bss.hpcd_USB_FS
                0x0000000020001128      0x2ec ./USB_DEVICE/Target/usbd_conf.o
                0x0000000020001128                hpcd_USB_FS
 .bss.mem.0     0x0000000020001414      0x220 ./USB_DEVICE/Target/usbd_conf.o
 *(COMMON)
                0x0000000020001634                . = ALIGN (0x4)
                0x0000000020001634                _ebss = .
                0x0000000020001634                __bss_end__ = _ebss

._user_heap_stack
                0x0000000020001634     0x3004 load address 0x0000000008005bb0
                0x0000000020001638                . = ALIGN (0x8)
 *fill*         0x0000000020001634        0x4 
                [!provide]                        PROVIDE (end = .)
                0x0000000020001638                PROVIDE (_end = .)
                0x0000000020003638                . = (. + _Min_Heap_Size)
 *fill*         0x0000000020001638     0x2000 
                0x0000000020004638                . = (. + _Min_Stack_Size)
 *fill*         0x0000000020003638     0x1000 
                0x0000000020004638                . = ALIGN (0x8)

/DISCARD/
 libc.a(*)
 libm.a(*)
 libgcc.a(*)

.ARM.attributes
                0x0000000000000000       0x30
 *(.ARM.attributes)
 .ARM.attributes
                0x0000000000000000       0x1e c:/st/stm32cubeide_1.9.0/stm32cubeide/plugins/com.st.stm32cube.ide.mcu.externaltools.gnu-tools-for-stm32.10.3-2021.10.win32_1.0.200.202301161003/tools/bin/../lib/gcc/arm-none-eabi/10.3.1/thumb/v7e-m+fp/hard/crti.o
 .ARM.attributes
                0x000000000000001e       0x34 c:/st/stm32cubeide_1.9.0/stm32cubeide/plugins/com.st.stm32cube.ide.mcu.externaltools.gnu-tools-for-stm32.10.3-2021.10.win32_1.0.200.202301161003/tools/bin/../lib/gcc/arm-none-eabi/10.3.1/thumb/v7e-m+fp/hard/crtbegin.o
 .ARM.attributes
                0x0000000000000052       0x34 ./Core/Src/can_usb.o
 .ARM.attributes
                0x0000000000000086       0x34 ./Core/Src/led.o
 .ARM.attributes
                0x00000000000000ba       0x34 ./Core/Src/main.o
 .ARM.attributes
                0x00000000000000ee       0x34 ./Core/Src/stm32f3xx_hal_msp.o
 .ARM.attributes
                0x0000000000000122       0x34 ./Core/Src/stm32f3xx_it.o
 .ARM.attributes
                0x0000000000000156       0x34 ./Core/Src/system_stm32f3xx.o
 .ARM.attributes
                0x000000000000018a       0x34 ./Core/Src/usbcan_main.o
 .ARM.attributes
                0x00000000000001be       0x21 ./Core/Startup/startup_stm32f302cbtx.o
 .ARM.attributes
                0x00000000000001df       0x34 ./Drivers/STM32F3xx_HAL_Driver/Src/stm32f3xx_hal.o
 .ARM.attributes
                0x0000000000000213       0x34 ./Drivers/STM32F3xx_HAL_Driver/Src/stm32f3xx_hal_can.o
 .ARM.attributes
                0x0000000000000247       0x34 ./Drivers/STM32F3xx_HAL_Driver/Src/stm32f3xx_hal_cortex.o
 .ARM.attributes
                0x000000000000027b       0x34 ./Drivers/STM32F3xx_HAL_Driver/Src/stm32f3xx_hal_gpio.o
 .ARM.attributes
                0x00000000000002af       0x34 ./Drivers/STM32F3xx_HAL_Driver/Src/stm32f3xx_hal_pcd.o
 .ARM.attributes
                0x00000000000002e3       0x34 ./Drivers/STM32F3xx_HAL_Driver/Src/stm32f3xx_hal_pcd_ex.o
 .ARM.attributes
                0x0000000000000317       0x34 ./Drivers/STM32F3xx_HAL_Driver/Src/stm32f3xx_hal_rcc.o
 .ARM.attributes
                0x000000000000034b       0x34 ./Drivers/STM32F3xx_HAL_Driver/Src/stm32f3xx_hal_rcc_ex.o
 .ARM.attributes
                0x000000000000037f       0x34 ./Drivers/STM32F3xx_HAL_Driver/Src/stm32f3xx_hal_tim.o
 .ARM.attributes
                0x00000000000003b3       0x34 ./Drivers/STM32F3xx_HAL_Driver/Src/stm32f3xx_hal_tim_ex.o
 .ARM.attributes
                0x00000000000003e7       0x34 ./Drivers/STM32F3xx_HAL_Driver/Src/stm32f3xx_ll_usb.o
 .ARM.attributes
                0x000000000000041b       0x34 ./Middlewares/ST/STM32_USB_Device_Library/Class/CDC/Src/usbd_cdc.o
 .ARM.attributes
                0x000000000000044f       0x34 ./Middlewares/ST/STM32_USB_Device_Library/Core/Src/usbd_core.o
 .ARM.attributes
                0x0000000000000483       0x34 ./Middlewares/ST/STM32_USB_Device_Library/Core/Src/usbd_ctlreq.o
 .ARM.attributes
                0x00000000000004b7       0x34 ./Middlewares/ST/STM32_USB_Device_Library/Core/Src/usbd_ioreq.o
 .ARM.attributes
                0x00000000000004eb       0x34 ./USB_DEVICE/App/usb_device.o
 .ARM.attributes
                0x000000000000051f       0x34 ./USB_DEVICE/App/usbd_cdc_if.o
 .ARM.attributes
                0x0000000000000553       0x34 ./USB_DEVICE/App/usbd_desc.o
 .ARM.attributes
                0x0000000000000587       0x34 ./USB_DEVICE/Target/usbd_conf.o
 .ARM.attributes
                0x00000000000005bb       0x34 c:/st/stm32cubeide_1.9.0/stm32cubeide/plugins/com.st.stm32cube.ide.mcu.externaltools.gnu-tools-for-stm32.10.3-2021.10.win32_1.0.200.202301161003/tools/bin/../lib/gcc/arm-none-eabi/10.3.1/../../../../arm-none-eabi/lib/thumb/v7e-m+fp/hard\libc_nano.a(lib_a-init.o)
 .ARM.attributes
                0x00000000000005ef       0x34 c:/st/stm32cubeide_1.9.0/stm32cubeide/plugins/com.st.stm32cube.ide.mcu.externaltools.gnu-tools-for-stm32.10.3-2021.10.win32_1.0.200.202301161003/tools/bin/../lib/gcc/arm-none-eabi/10.3.1/../../../../arm-none-eabi/lib/thumb/v7e-m+fp/hard\libc_nano.a(lib_a-memset.o)
 .ARM.attributes
                0x0000000000000623       0x1e c:/st/stm32cubeide_1.9.0/stm32cubeide/plugins/com.st.stm32cube.ide.mcu.externaltools.gnu-tools-for-stm32.10.3-2021.10.win32_1.0.200.202301161003/tools/bin/../lib/gcc/arm-none-eabi/10.3.1/thumb/v7e-m+fp/hard/crtn.o
OUTPUT(usbcan_fw_v2.elf elf32-littlearm)
LOAD linker stubs
LOAD c:/st/stm32cubeide_1.9.0/stm32cubeide/plugins/com.st.stm32cube.ide.mcu.externaltools.gnu-tools-for-stm32.10.3-2021.10.win32_1.0.200.202301161003/tools/bin/../lib/gcc/arm-none-eabi/10.3.1/../../../../arm-none-eabi/lib/thumb/v7e-m+fp/hard\libc.a
LOAD c:/st/stm32cubeide_1.9.0/stm32cubeide/plugins/com.st.stm32cube.ide.mcu.externaltools.gnu-tools-for-stm32.10.3-2021.10.win32_1.0.200.202301161003/tools/bin/../lib/gcc/arm-none-eabi/10.3.1/../../../../arm-none-eabi/lib/thumb/v7e-m+fp/hard\libm.a
LOAD c:/st/stm32cubeide_1.9.0/stm32cubeide/plugins/com.st.stm32cube.ide.mcu.externaltools.gnu-tools-for-stm32.10.3-2021.10.win32_1.0.200.202301161003/tools/bin/../lib/gcc/arm-none-eabi/10.3.1/thumb/v7e-m+fp/hard\libgcc.a

.debug_info     0x0000000000000000    0x1d033
 .debug_info    0x0000000000000000     0x158b ./Core/Src/can_usb.o
 .debug_info    0x000000000000158b      0x302 ./Core/Src/led.o
 .debug_info    0x000000000000188d     0x190a ./Core/Src/main.o
 .debug_info    0x0000000000003197     0x1063 ./Core/Src/stm32f3xx_hal_msp.o
 .debug_info    0x00000000000041fa     0x10d8 ./Core/Src/stm32f3xx_it.o
 .debug_info    0x00000000000052d2      0x42a ./Core/Src/system_stm32f3xx.o
 .debug_info    0x00000000000056fc     0x15a3 ./Core/Src/usbcan_main.o
 .debug_info    0x0000000000006c9f       0x22 ./Core/Startup/startup_stm32f302cbtx.o
 .debug_info    0x0000000000006cc1      0x877 ./Drivers/STM32F3xx_HAL_Driver/Src/stm32f3xx_hal.o
 .debug_info    0x0000000000007538     0x1272 ./Drivers/STM32F3xx_HAL_Driver/Src/stm32f3xx_hal_can.o
 .debug_info    0x00000000000087aa      0xfc4 ./Drivers/STM32F3xx_HAL_Driver/Src/stm32f3xx_hal_cortex.o
 .debug_info    0x000000000000976e      0x6ca ./Drivers/STM32F3xx_HAL_Driver/Src/stm32f3xx_hal_gpio.o
 .debug_info    0x0000000000009e38     0x1f80 ./Drivers/STM32F3xx_HAL_Driver/Src/stm32f3xx_hal_pcd.o
 .debug_info    0x000000000000bdb8      0x71f ./Drivers/STM32F3xx_HAL_Driver/Src/stm32f3xx_hal_pcd_ex.o
 .debug_info    0x000000000000c4d7     0x1670 ./Drivers/STM32F3xx_HAL_Driver/Src/stm32f3xx_hal_rcc.o
 .debug_info    0x000000000000db47      0x739 ./Drivers/STM32F3xx_HAL_Driver/Src/stm32f3xx_hal_rcc_ex.o
 .debug_info    0x000000000000e280     0x42f5 ./Drivers/STM32F3xx_HAL_Driver/Src/stm32f3xx_hal_tim.o
 .debug_info    0x0000000000012575     0x1c87 ./Drivers/STM32F3xx_HAL_Driver/Src/stm32f3xx_hal_tim_ex.o
 .debug_info    0x00000000000141fc     0x19dc ./Drivers/STM32F3xx_HAL_Driver/Src/stm32f3xx_ll_usb.o
 .debug_info    0x0000000000015bd8     0x1443 ./Middlewares/ST/STM32_USB_Device_Library/Class/CDC/Src/usbd_cdc.o
 .debug_info    0x000000000001701b      0xe51 ./Middlewares/ST/STM32_USB_Device_Library/Core/Src/usbd_core.o
 .debug_info    0x0000000000017e6c     0x11ac ./Middlewares/ST/STM32_USB_Device_Library/Core/Src/usbd_ctlreq.o
 .debug_info    0x0000000000019018      0x82a ./Middlewares/ST/STM32_USB_Device_Library/Core/Src/usbd_ioreq.o
 .debug_info    0x0000000000019842      0x6ff ./USB_DEVICE/App/usb_device.o
 .debug_info    0x0000000000019f41      0xb2d ./USB_DEVICE/App/usbd_cdc_if.o
 .debug_info    0x000000000001aa6e      0x5bd ./USB_DEVICE/App/usbd_desc.o
 .debug_info    0x000000000001b02b     0x2008 ./USB_DEVICE/Target/usbd_conf.o

.debug_abbrev   0x0000000000000000     0x4478
 .debug_abbrev  0x0000000000000000      0x3ee ./Core/Src/can_usb.o
 .debug_abbrev  0x00000000000003ee      0x1e9 ./Core/Src/led.o
 .debug_abbrev  0x00000000000005d7      0x3a2 ./Core/Src/main.o
 .debug_abbrev  0x0000000000000979      0x219 ./Core/Src/stm32f3xx_hal_msp.o
 .debug_abbrev  0x0000000000000b92      0x24a ./Core/Src/stm32f3xx_it.o
 .debug_abbrev  0x0000000000000ddc      0x11c ./Core/Src/system_stm32f3xx.o
 .debug_abbrev  0x0000000000000ef8      0x3da ./Core/Src/usbcan_main.o
 .debug_abbrev  0x00000000000012d2       0x12 ./Core/Startup/startup_stm32f302cbtx.o
 .debug_abbrev  0x00000000000012e4      0x246 ./Drivers/STM32F3xx_HAL_Driver/Src/stm32f3xx_hal.o
 .debug_abbrev  0x000000000000152a      0x271 ./Drivers/STM32F3xx_HAL_Driver/Src/stm32f3xx_hal_can.o
 .debug_abbrev  0x000000000000179b      0x354 ./Drivers/STM32F3xx_HAL_Driver/Src/stm32f3xx_hal_cortex.o
 .debug_abbrev  0x0000000000001aef      0x1e9 ./Drivers/STM32F3xx_HAL_Driver/Src/stm32f3xx_hal_gpio.o
 .debug_abbrev  0x0000000000001cd8      0x38c ./Drivers/STM32F3xx_HAL_Driver/Src/stm32f3xx_hal_pcd.o
 .debug_abbrev  0x0000000000002064      0x196 ./Drivers/STM32F3xx_HAL_Driver/Src/stm32f3xx_hal_pcd_ex.o
 .debug_abbrev  0x00000000000021fa      0x358 ./Drivers/STM32F3xx_HAL_Driver/Src/stm32f3xx_hal_rcc.o
 .debug_abbrev  0x0000000000002552      0x29c ./Drivers/STM32F3xx_HAL_Driver/Src/stm32f3xx_hal_rcc_ex.o
 .debug_abbrev  0x00000000000027ee      0x2e8 ./Drivers/STM32F3xx_HAL_Driver/Src/stm32f3xx_hal_tim.o
 .debug_abbrev  0x0000000000002ad6      0x264 ./Drivers/STM32F3xx_HAL_Driver/Src/stm32f3xx_hal_tim_ex.o
 .debug_abbrev  0x0000000000002d3a      0x2c6 ./Drivers/STM32F3xx_HAL_Driver/Src/stm32f3xx_ll_usb.o
 .debug_abbrev  0x0000000000003000      0x324 ./Middlewares/ST/STM32_USB_Device_Library/Class/CDC/Src/usbd_cdc.o
 .debug_abbrev  0x0000000000003324      0x284 ./Middlewares/ST/STM32_USB_Device_Library/Core/Src/usbd_core.o
 .debug_abbrev  0x00000000000035a8      0x335 ./Middlewares/ST/STM32_USB_Device_Library/Core/Src/usbd_ctlreq.o
 .debug_abbrev  0x00000000000038dd      0x1a0 ./Middlewares/ST/STM32_USB_Device_Library/Core/Src/usbd_ioreq.o
 .debug_abbrev  0x0000000000003a7d      0x1a7 ./USB_DEVICE/App/usb_device.o
 .debug_abbrev  0x0000000000003c24      0x303 ./USB_DEVICE/App/usbd_cdc_if.o
 .debug_abbrev  0x0000000000003f27      0x23b ./USB_DEVICE/App/usbd_desc.o
 .debug_abbrev  0x0000000000004162      0x316 ./USB_DEVICE/Target/usbd_conf.o

.debug_aranges  0x0000000000000000     0x10d8
 .debug_aranges
                0x0000000000000000       0x70 ./Core/Src/can_usb.o
 .debug_aranges
                0x0000000000000070       0x28 ./Core/Src/led.o
 .debug_aranges
                0x0000000000000098       0x30 ./Core/Src/main.o
 .debug_aranges
                0x00000000000000c8       0x40 ./Core/Src/stm32f3xx_hal_msp.o
 .debug_aranges
                0x0000000000000108       0x80 ./Core/Src/stm32f3xx_it.o
 .debug_aranges
                0x0000000000000188       0x28 ./Core/Src/system_stm32f3xx.o
 .debug_aranges
                0x00000000000001b0       0x38 ./Core/Src/usbcan_main.o
 .debug_aranges
                0x00000000000001e8       0x28 ./Core/Startup/startup_stm32f302cbtx.o
 .debug_aranges
                0x0000000000000210       0xe0 ./Drivers/STM32F3xx_HAL_Driver/Src/stm32f3xx_hal.o
 .debug_aranges
                0x00000000000002f0      0x138 ./Drivers/STM32F3xx_HAL_Driver/Src/stm32f3xx_hal_can.o
 .debug_aranges
                0x0000000000000428       0xa8 ./Drivers/STM32F3xx_HAL_Driver/Src/stm32f3xx_hal_cortex.o
 .debug_aranges
                0x00000000000004d0       0x58 ./Drivers/STM32F3xx_HAL_Driver/Src/stm32f3xx_hal_gpio.o
 .debug_aranges
                0x0000000000000528      0x128 ./Drivers/STM32F3xx_HAL_Driver/Src/stm32f3xx_hal_pcd.o
 .debug_aranges
                0x0000000000000650       0x38 ./Drivers/STM32F3xx_HAL_Driver/Src/stm32f3xx_hal_pcd_ex.o
 .debug_aranges
                0x0000000000000688       0x88 ./Drivers/STM32F3xx_HAL_Driver/Src/stm32f3xx_hal_rcc.o
 .debug_aranges
                0x0000000000000710       0x38 ./Drivers/STM32F3xx_HAL_Driver/Src/stm32f3xx_hal_rcc_ex.o
 .debug_aranges
                0x0000000000000748      0x3b0 ./Drivers/STM32F3xx_HAL_Driver/Src/stm32f3xx_hal_tim.o
 .debug_aranges
                0x0000000000000af8      0x178 ./Drivers/STM32F3xx_HAL_Driver/Src/stm32f3xx_hal_tim_ex.o
 .debug_aranges
                0x0000000000000c70       0xb8 ./Drivers/STM32F3xx_HAL_Driver/Src/stm32f3xx_ll_usb.o
 .debug_aranges
                0x0000000000000d28       0x90 ./Middlewares/ST/STM32_USB_Device_Library/Class/CDC/Src/usbd_cdc.o
 .debug_aranges
                0x0000000000000db8       0xb8 ./Middlewares/ST/STM32_USB_Device_Library/Core/Src/usbd_core.o
 .debug_aranges
                0x0000000000000e70       0x48 ./Middlewares/ST/STM32_USB_Device_Library/Core/Src/usbd_ctlreq.o
 .debug_aranges
                0x0000000000000eb8       0x50 ./Middlewares/ST/STM32_USB_Device_Library/Core/Src/usbd_ioreq.o
 .debug_aranges
                0x0000000000000f08       0x20 ./USB_DEVICE/App/usb_device.o
 .debug_aranges
                0x0000000000000f28       0x40 ./USB_DEVICE/App/usbd_cdc_if.o
 .debug_aranges
                0x0000000000000f68       0x58 ./USB_DEVICE/App/usbd_desc.o
 .debug_aranges
                0x0000000000000fc0      0x118 ./USB_DEVICE/Target/usbd_conf.o

.debug_ranges   0x0000000000000000     0x14e8
 .debug_ranges  0x0000000000000000       0x60 ./Core/Src/can_usb.o
 .debug_ranges  0x0000000000000060       0x18 ./Core/Src/led.o
 .debug_ranges  0x0000000000000078       0x50 ./Core/Src/main.o
 .debug_ranges  0x00000000000000c8       0x30 ./Core/Src/stm32f3xx_hal_msp.o
 .debug_ranges  0x00000000000000f8       0x70 ./Core/Src/stm32f3xx_it.o
 .debug_ranges  0x0000000000000168       0x18 ./Core/Src/system_stm32f3xx.o
 .debug_ranges  0x0000000000000180       0x28 ./Core/Src/usbcan_main.o
 .debug_ranges  0x00000000000001a8       0x20 ./Core/Startup/startup_stm32f302cbtx.o
 .debug_ranges  0x00000000000001c8       0xd0 ./Drivers/STM32F3xx_HAL_Driver/Src/stm32f3xx_hal.o
 .debug_ranges  0x0000000000000298      0x128 ./Drivers/STM32F3xx_HAL_Driver/Src/stm32f3xx_hal_can.o
 .debug_ranges  0x00000000000003c0       0xc8 ./Drivers/STM32F3xx_HAL_Driver/Src/stm32f3xx_hal_cortex.o
 .debug_ranges  0x0000000000000488       0x48 ./Drivers/STM32F3xx_HAL_Driver/Src/stm32f3xx_hal_gpio.o
 .debug_ranges  0x00000000000004d0      0x278 ./Drivers/STM32F3xx_HAL_Driver/Src/stm32f3xx_hal_pcd.o
 .debug_ranges  0x0000000000000748       0x28 ./Drivers/STM32F3xx_HAL_Driver/Src/stm32f3xx_hal_pcd_ex.o
 .debug_ranges  0x0000000000000770      0x1a0 ./Drivers/STM32F3xx_HAL_Driver/Src/stm32f3xx_hal_rcc.o
 .debug_ranges  0x0000000000000910       0x40 ./Drivers/STM32F3xx_HAL_Driver/Src/stm32f3xx_hal_rcc_ex.o
 .debug_ranges  0x0000000000000950      0x430 ./Drivers/STM32F3xx_HAL_Driver/Src/stm32f3xx_hal_tim.o
 .debug_ranges  0x0000000000000d80      0x168 ./Drivers/STM32F3xx_HAL_Driver/Src/stm32f3xx_hal_tim_ex.o
 .debug_ranges  0x0000000000000ee8      0x2b8 ./Drivers/STM32F3xx_HAL_Driver/Src/stm32f3xx_ll_usb.o
 .debug_ranges  0x00000000000011a0       0x80 ./Middlewares/ST/STM32_USB_Device_Library/Class/CDC/Src/usbd_cdc.o
 .debug_ranges  0x0000000000001220       0xa8 ./Middlewares/ST/STM32_USB_Device_Library/Core/Src/usbd_core.o
 .debug_ranges  0x00000000000012c8       0x38 ./Middlewares/ST/STM32_USB_Device_Library/Core/Src/usbd_ctlreq.o
 .debug_ranges  0x0000000000001300       0x40 ./Middlewares/ST/STM32_USB_Device_Library/Core/Src/usbd_ioreq.o
 .debug_ranges  0x0000000000001340       0x10 ./USB_DEVICE/App/usb_device.o
 .debug_ranges  0x0000000000001350       0x30 ./USB_DEVICE/App/usbd_cdc_if.o
 .debug_ranges  0x0000000000001380       0x60 ./USB_DEVICE/App/usbd_desc.o
 .debug_ranges  0x00000000000013e0      0x108 ./USB_DEVICE/Target/usbd_conf.o

.debug_macro    0x0000000000000000    0x24144
 .debug_macro   0x0000000000000000      0x41b ./Core/Src/can_usb.o
 .debug_macro   0x000000000000041b      0xbc8 ./Core/Src/can_usb.o
 .debug_macro   0x0000000000000fe3      0x15d ./Core/Src/can_usb.o
 .debug_macro   0x0000000000001140       0x2e ./Core/Src/can_usb.o
 .debug_macro   0x000000000000116e       0x28 ./Core/Src/can_usb.o
 .debug_macro   0x0000000000001196       0x1c ./Core/Src/can_usb.o
 .debug_macro   0x00000000000011b2       0x22 ./Core/Src/can_usb.o
 .debug_macro   0x00000000000011d4       0x56 ./Core/Src/can_usb.o
 .debug_macro   0x000000000000122a       0x51 ./Core/Src/can_usb.o
 .debug_macro   0x000000000000127b      0x103 ./Core/Src/can_usb.o
 .debug_macro   0x000000000000137e       0x6a ./Core/Src/can_usb.o
 .debug_macro   0x00000000000013e8      0x1df ./Core/Src/can_usb.o
 .debug_macro   0x00000000000015c7       0x1c ./Core/Src/can_usb.o
 .debug_macro   0x00000000000015e3       0x22 ./Core/Src/can_usb.o
 .debug_macro   0x0000000000001605       0xd9 ./Core/Src/can_usb.o
 .debug_macro   0x00000000000016de     0x102d ./Core/Src/can_usb.o
 .debug_macro   0x000000000000270b      0x11f ./Core/Src/can_usb.o
 .debug_macro   0x000000000000282a    0x11851 ./Core/Src/can_usb.o
 .debug_macro   0x000000000001407b       0x6d ./Core/Src/can_usb.o
 .debug_macro   0x00000000000140e8     0x3558 ./Core/Src/can_usb.o
 .debug_macro   0x0000000000017640      0x17b ./Core/Src/can_usb.o
 .debug_macro   0x00000000000177bb       0x55 ./Core/Src/can_usb.o
 .debug_macro   0x0000000000017810      0x961 ./Core/Src/can_usb.o
 .debug_macro   0x0000000000018171      0x4df ./Core/Src/can_usb.o
 .debug_macro   0x0000000000018650      0x1b5 ./Core/Src/can_usb.o
 .debug_macro   0x0000000000018805      0x173 ./Core/Src/can_usb.o
 .debug_macro   0x0000000000018978      0x1dc ./Core/Src/can_usb.o
 .debug_macro   0x0000000000018b54      0x1bc ./Core/Src/can_usb.o
 .debug_macro   0x0000000000018d10       0x30 ./Core/Src/can_usb.o
 .debug_macro   0x0000000000018d40       0x3c ./Core/Src/can_usb.o
 .debug_macro   0x0000000000018d7c      0x235 ./Core/Src/can_usb.o
 .debug_macro   0x0000000000018fb1      0x408 ./Core/Src/can_usb.o
 .debug_macro   0x00000000000193b9       0xc5 ./Core/Src/can_usb.o
 .debug_macro   0x000000000001947e      0x21d ./Core/Src/can_usb.o
 .debug_macro   0x000000000001969b      0x22c ./Core/Src/can_usb.o
 .debug_macro   0x00000000000198c7       0x5b ./Core/Src/can_usb.o
 .debug_macro   0x0000000000019922       0xa5 ./Core/Src/can_usb.o
 .debug_macro   0x00000000000199c7       0x73 ./Core/Src/can_usb.o
 .debug_macro   0x0000000000019a3a      0x242 ./Core/Src/can_usb.o
 .debug_macro   0x0000000000019c7c       0x81 ./Core/Src/can_usb.o
 .debug_macro   0x0000000000019cfd       0xd3 ./Core/Src/can_usb.o
 .debug_macro   0x0000000000019dd0      0xa59 ./Core/Src/can_usb.o
 .debug_macro   0x000000000001a829       0x59 ./Core/Src/can_usb.o
 .debug_macro   0x000000000001a882      0x213 ./Core/Src/can_usb.o
 .debug_macro   0x000000000001aa95       0x52 ./Core/Src/can_usb.o
 .debug_macro   0x000000000001aae7       0x52 ./Core/Src/can_usb.o
 .debug_macro   0x000000000001ab39       0x1e ./Core/Src/can_usb.o
 .debug_macro   0x000000000001ab57       0x3c ./Core/Src/can_usb.o
 .debug_macro   0x000000000001ab93       0x34 ./Core/Src/can_usb.o
 .debug_macro   0x000000000001abc7       0x16 ./Core/Src/can_usb.o
 .debug_macro   0x000000000001abdd       0x35 ./Core/Src/can_usb.o
 .debug_macro   0x000000000001ac12      0x364 ./Core/Src/can_usb.o
 .debug_macro   0x000000000001af76       0x10 ./Core/Src/can_usb.o
 .debug_macro   0x000000000001af86       0x16 ./Core/Src/can_usb.o
 .debug_macro   0x000000000001af9c       0x43 ./Core/Src/can_usb.o
 .debug_macro   0x000000000001afdf       0x34 ./Core/Src/can_usb.o
 .debug_macro   0x000000000001b013       0x10 ./Core/Src/can_usb.o
 .debug_macro   0x000000000001b023       0x58 ./Core/Src/can_usb.o
 .debug_macro   0x000000000001b07b       0x71 ./Core/Src/can_usb.o
 .debug_macro   0x000000000001b0ec       0x16 ./Core/Src/can_usb.o
 .debug_macro   0x000000000001b102      0x12a ./Core/Src/can_usb.o
 .debug_macro   0x000000000001b22c       0xbe ./Core/Src/can_usb.o
 .debug_macro   0x000000000001b2ea       0x16 ./Core/Src/can_usb.o
 .debug_macro   0x000000000001b300      0x114 ./Core/Src/can_usb.o
 .debug_macro   0x000000000001b414      0x18a ./Core/Src/can_usb.o
 .debug_macro   0x000000000001b59e       0x10 ./Core/Src/can_usb.o
 .debug_macro   0x000000000001b5ae       0xac ./Core/Src/can_usb.o
 .debug_macro   0x000000000001b65a       0xf7 ./Core/Src/can_usb.o
 .debug_macro   0x000000000001b751      0x34c ./Core/Src/can_usb.o
 .debug_macro   0x000000000001ba9d       0x10 ./Core/Src/can_usb.o
 .debug_macro   0x000000000001baad       0x16 ./Core/Src/can_usb.o
 .debug_macro   0x000000000001bac3       0x22 ./Core/Src/can_usb.o
 .debug_macro   0x000000000001bae5       0x1c ./Core/Src/can_usb.o
 .debug_macro   0x000000000001bb01       0xde ./Core/Src/can_usb.o
 .debug_macro   0x000000000001bbdf       0x16 ./Core/Src/can_usb.o
 .debug_macro   0x000000000001bbf5       0x20 ./Core/Src/can_usb.o
 .debug_macro   0x000000000001bc15       0x59 ./Core/Src/can_usb.o
 .debug_macro   0x000000000001bc6e      0x1c8 ./Core/Src/can_usb.o
 .debug_macro   0x000000000001be36       0x8f ./Core/Src/can_usb.o
 .debug_macro   0x000000000001bec5       0x10 ./Core/Src/can_usb.o
 .debug_macro   0x000000000001bed5       0x8e ./Core/Src/can_usb.o
 .debug_macro   0x000000000001bf63      0x210 ./Core/Src/led.o
 .debug_macro   0x000000000001c173      0xa78 ./Core/Src/led.o
 .debug_macro   0x000000000001cbeb       0x8e ./Core/Src/led.o
 .debug_macro   0x000000000001cc79     0x102d ./Core/Src/led.o
 .debug_macro   0x000000000001dca6      0x174 ./Core/Src/led.o
 .debug_macro   0x000000000001de1a      0x3f5 ./Core/Src/main.o
 .debug_macro   0x000000000001e20f       0x34 ./Core/Src/main.o
 .debug_macro   0x000000000001e243       0x35 ./Core/Src/main.o
 .debug_macro   0x000000000001e278      0x341 ./Core/Src/main.o
 .debug_macro   0x000000000001e5b9       0x43 ./Core/Src/main.o
 .debug_macro   0x000000000001e5fc       0x1c ./Core/Src/main.o
 .debug_macro   0x000000000001e618       0x10 ./Core/Src/main.o
 .debug_macro   0x000000000001e628       0x1c ./Core/Src/main.o
 .debug_macro   0x000000000001e644       0x52 ./Core/Src/main.o
 .debug_macro   0x000000000001e696       0x22 ./Core/Src/main.o
 .debug_macro   0x000000000001e6b8       0x10 ./Core/Src/main.o
 .debug_macro   0x000000000001e6c8       0x52 ./Core/Src/main.o
 .debug_macro   0x000000000001e71a       0xd5 ./Core/Src/main.o
 .debug_macro   0x000000000001e7ef       0x1c ./Core/Src/main.o
 .debug_macro   0x000000000001e80b       0x3d ./Core/Src/main.o
 .debug_macro   0x000000000001e848      0x145 ./Core/Src/main.o
 .debug_macro   0x000000000001e98d       0x16 ./Core/Src/main.o
 .debug_macro   0x000000000001e9a3       0x29 ./Core/Src/main.o
 .debug_macro   0x000000000001e9cc      0x200 ./Core/Src/stm32f3xx_hal_msp.o
 .debug_macro   0x000000000001ebcc      0x214 ./Core/Src/stm32f3xx_it.o
 .debug_macro   0x000000000001ede0      0x1f1 ./Core/Src/system_stm32f3xx.o
 .debug_macro   0x000000000001efd1      0x49f ./Core/Src/usbcan_main.o
 .debug_macro   0x000000000001f470      0xb50 ./Core/Src/usbcan_main.o
 .debug_macro   0x000000000001ffc0      0x137 ./Core/Src/usbcan_main.o
 .debug_macro   0x00000000000200f7      0x18a ./Core/Src/usbcan_main.o
 .debug_macro   0x0000000000020281      0x3d1 ./Core/Src/usbcan_main.o
 .debug_macro   0x0000000000020652      0x215 ./Drivers/STM32F3xx_HAL_Driver/Src/stm32f3xx_hal.o
 .debug_macro   0x0000000000020867      0x1f9 ./Drivers/STM32F3xx_HAL_Driver/Src/stm32f3xx_hal_can.o
 .debug_macro   0x0000000000020a60      0x1f1 ./Drivers/STM32F3xx_HAL_Driver/Src/stm32f3xx_hal_cortex.o
 .debug_macro   0x0000000000020c51      0x1f8 ./Drivers/STM32F3xx_HAL_Driver/Src/stm32f3xx_hal_gpio.o
 .debug_macro   0x0000000000020e49      0x1fd ./Drivers/STM32F3xx_HAL_Driver/Src/stm32f3xx_hal_pcd.o
 .debug_macro   0x0000000000021046      0x1f1 ./Drivers/STM32F3xx_HAL_Driver/Src/stm32f3xx_hal_pcd_ex.o
 .debug_macro   0x0000000000021237      0x215 ./Drivers/STM32F3xx_HAL_Driver/Src/stm32f3xx_hal_rcc.o
 .debug_macro   0x000000000002144c      0x1f1 ./Drivers/STM32F3xx_HAL_Driver/Src/stm32f3xx_hal_rcc_ex.o
 .debug_macro   0x000000000002163d      0x1f2 ./Drivers/STM32F3xx_HAL_Driver/Src/stm32f3xx_hal_tim.o
 .debug_macro   0x000000000002182f      0x1f1 ./Drivers/STM32F3xx_HAL_Driver/Src/stm32f3xx_hal_tim_ex.o
 .debug_macro   0x0000000000021a20      0x1f1 ./Drivers/STM32F3xx_HAL_Driver/Src/stm32f3xx_ll_usb.o
 .debug_macro   0x0000000000021c11      0x416 ./Middlewares/ST/STM32_USB_Device_Library/Class/CDC/Src/usbd_cdc.o
 .debug_macro   0x0000000000022027       0x97 ./Middlewares/ST/STM32_USB_Device_Library/Class/CDC/Src/usbd_cdc.o
 .debug_macro   0x00000000000220be       0xfd ./Middlewares/ST/STM32_USB_Device_Library/Class/CDC/Src/usbd_cdc.o
 .debug_macro   0x00000000000221bb       0x4f ./Middlewares/ST/STM32_USB_Device_Library/Class/CDC/Src/usbd_cdc.o
 .debug_macro   0x000000000002220a      0x3fd ./Middlewares/ST/STM32_USB_Device_Library/Core/Src/usbd_core.o
 .debug_macro   0x0000000000022607      0x1ce ./Middlewares/ST/STM32_USB_Device_Library/Core/Src/usbd_core.o
 .debug_macro   0x00000000000227d5      0x407 ./Middlewares/ST/STM32_USB_Device_Library/Core/Src/usbd_ctlreq.o
 .debug_macro   0x0000000000022bdc      0x403 ./Middlewares/ST/STM32_USB_Device_Library/Core/Src/usbd_ioreq.o
 .debug_macro   0x0000000000022fdf      0x436 ./USB_DEVICE/App/usb_device.o
 .debug_macro   0x0000000000023415       0x58 ./USB_DEVICE/App/usb_device.o
 .debug_macro   0x000000000002346d       0x22 ./USB_DEVICE/App/usb_device.o
 .debug_macro   0x000000000002348f       0x16 ./USB_DEVICE/App/usb_device.o
 .debug_macro   0x00000000000234a5      0x42f ./USB_DEVICE/App/usbd_cdc_if.o
 .debug_macro   0x00000000000238d4      0x43a ./USB_DEVICE/App/usbd_desc.o
 .debug_macro   0x0000000000023d0e       0x1c ./USB_DEVICE/App/usbd_desc.o
 .debug_macro   0x0000000000023d2a      0x41a ./USB_DEVICE/Target/usbd_conf.o

.debug_line     0x0000000000000000    0x1d19f
 .debug_line    0x0000000000000000     0x12bd ./Core/Src/can_usb.o
 .debug_line    0x00000000000012bd      0x784 ./Core/Src/led.o
 .debug_line    0x0000000000001a41      0xd2e ./Core/Src/main.o
 .debug_line    0x000000000000276f      0x80f ./Core/Src/stm32f3xx_hal_msp.o
 .debug_line    0x0000000000002f7e      0x885 ./Core/Src/stm32f3xx_it.o
 .debug_line    0x0000000000003803      0x7c0 ./Core/Src/system_stm32f3xx.o
 .debug_line    0x0000000000003fc3      0xe2a ./Core/Src/usbcan_main.o
 .debug_line    0x0000000000004ded       0x88 ./Core/Startup/startup_stm32f302cbtx.o
 .debug_line    0x0000000000004e75      0xa35 ./Drivers/STM32F3xx_HAL_Driver/Src/stm32f3xx_hal.o
 .debug_line    0x00000000000058aa     0x15b5 ./Drivers/STM32F3xx_HAL_Driver/Src/stm32f3xx_hal_can.o
 .debug_line    0x0000000000006e5f      0xc69 ./Drivers/STM32F3xx_HAL_Driver/Src/stm32f3xx_hal_cortex.o
 .debug_line    0x0000000000007ac8      0xc44 ./Drivers/STM32F3xx_HAL_Driver/Src/stm32f3xx_hal_gpio.o
 .debug_line    0x000000000000870c     0x17d4 ./Drivers/STM32F3xx_HAL_Driver/Src/stm32f3xx_hal_pcd.o
 .debug_line    0x0000000000009ee0      0x7cc ./Drivers/STM32F3xx_HAL_Driver/Src/stm32f3xx_hal_pcd_ex.o
 .debug_line    0x000000000000a6ac     0x1756 ./Drivers/STM32F3xx_HAL_Driver/Src/stm32f3xx_hal_rcc.o
 .debug_line    0x000000000000be02      0xf0c ./Drivers/STM32F3xx_HAL_Driver/Src/stm32f3xx_hal_rcc_ex.o
 .debug_line    0x000000000000cd0e     0x5886 ./Drivers/STM32F3xx_HAL_Driver/Src/stm32f3xx_hal_tim.o
 .debug_line    0x0000000000012594     0x2347 ./Drivers/STM32F3xx_HAL_Driver/Src/stm32f3xx_hal_tim_ex.o
 .debug_line    0x00000000000148db     0x1cac ./Drivers/STM32F3xx_HAL_Driver/Src/stm32f3xx_ll_usb.o
 .debug_line    0x0000000000016587      0xf20 ./Middlewares/ST/STM32_USB_Device_Library/Class/CDC/Src/usbd_cdc.o
 .debug_line    0x00000000000174a7      0xf10 ./Middlewares/ST/STM32_USB_Device_Library/Core/Src/usbd_core.o
 .debug_line    0x00000000000183b7     0x113d ./Middlewares/ST/STM32_USB_Device_Library/Core/Src/usbd_ctlreq.o
 .debug_line    0x00000000000194f4      0xb06 ./Middlewares/ST/STM32_USB_Device_Library/Core/Src/usbd_ioreq.o
 .debug_line    0x0000000000019ffa      0xa8b ./USB_DEVICE/App/usb_device.o
 .debug_line    0x000000000001aa85      0xc48 ./USB_DEVICE/App/usbd_cdc_if.o
 .debug_line    0x000000000001b6cd      0xb72 ./USB_DEVICE/App/usbd_desc.o
 .debug_line    0x000000000001c23f      0xf60 ./USB_DEVICE/Target/usbd_conf.o

.debug_str      0x0000000000000000    0xb3b77
 .debug_str     0x0000000000000000    0xae035 ./Core/Src/can_usb.o
                                      0xae92d (size before relaxing)
 .debug_str     0x00000000000ae035      0x3cc ./Core/Src/led.o
                                      0xa7519 (size before relaxing)
 .debug_str     0x00000000000ae401     0x17ce ./Core/Src/main.o
                                      0xacece (size before relaxing)
 .debug_str     0x00000000000afbcf       0xa8 ./Core/Src/stm32f3xx_hal_msp.o
                                      0xa80f2 (size before relaxing)
 .debug_str     0x00000000000afc77      0x401 ./Core/Src/stm32f3xx_it.o
                                      0xa7fd9 (size before relaxing)
 .debug_str     0x00000000000b0078       0xdf ./Core/Src/system_stm32f3xx.o
                                      0xa73f7 (size before relaxing)
 .debug_str     0x00000000000b0157      0x5d5 ./Core/Src/usbcan_main.o
                                      0xae966 (size before relaxing)
 .debug_str     0x00000000000b072c       0x36 ./Core/Startup/startup_stm32f302cbtx.o
                                         0x5c (size before relaxing)
 .debug_str     0x00000000000b0762      0x327 ./Drivers/STM32F3xx_HAL_Driver/Src/stm32f3xx_hal.o
                                      0xa7bce (size before relaxing)
 .debug_str     0x00000000000b0a89      0x3ea ./Drivers/STM32F3xx_HAL_Driver/Src/stm32f3xx_hal_can.o
                                      0xa7b7e (size before relaxing)
 .debug_str     0x00000000000b0e73      0x31e ./Drivers/STM32F3xx_HAL_Driver/Src/stm32f3xx_hal_cortex.o
                                      0xa7c20 (size before relaxing)
 .debug_str     0x00000000000b1191      0x112 ./Drivers/STM32F3xx_HAL_Driver/Src/stm32f3xx_hal_gpio.o
                                      0xa756d (size before relaxing)
 .debug_str     0x00000000000b12a3      0x528 ./Drivers/STM32F3xx_HAL_Driver/Src/stm32f3xx_hal_pcd.o
                                      0xa7c0c (size before relaxing)
 .debug_str     0x00000000000b17cb      0x170 ./Drivers/STM32F3xx_HAL_Driver/Src/stm32f3xx_hal_pcd_ex.o
                                      0xa77e6 (size before relaxing)
 .debug_str     0x00000000000b193b      0x2b3 ./Drivers/STM32F3xx_HAL_Driver/Src/stm32f3xx_hal_rcc.o
                                      0xa7897 (size before relaxing)
 .debug_str     0x00000000000b1bee       0xbe ./Drivers/STM32F3xx_HAL_Driver/Src/stm32f3xx_hal_rcc_ex.o
                                      0xa7634 (size before relaxing)
 .debug_str     0x00000000000b1cac      0xdb2 ./Drivers/STM32F3xx_HAL_Driver/Src/stm32f3xx_hal_tim.o
                                      0xa881e (size before relaxing)
 .debug_str     0x00000000000b2a5e      0x4dc ./Drivers/STM32F3xx_HAL_Driver/Src/stm32f3xx_hal_tim_ex.o
                                      0xa8074 (size before relaxing)
 .debug_str     0x00000000000b2f3a       0xd8 ./Drivers/STM32F3xx_HAL_Driver/Src/stm32f3xx_ll_usb.o
                                      0xa7761 (size before relaxing)
 .debug_str     0x00000000000b3012      0x31d ./Middlewares/ST/STM32_USB_Device_Library/Class/CDC/Src/usbd_cdc.o
                                      0xac9ca (size before relaxing)
 .debug_str     0x00000000000b332f      0x288 ./Middlewares/ST/STM32_USB_Device_Library/Core/Src/usbd_core.o
                                      0xac311 (size before relaxing)