../Drivers/STM32F3xx_HAL_Driver/Src/stm32f3xx_hal_pcd.c:248:13:HAL_PCD_MspInit	0	static
../Drivers/STM32F3xx_HAL_Driver/Src/stm32f3xx_hal_pcd.c:122:19:HAL_PCD_Init	40	static
../Drivers/STM32F3xx_HAL_Driver/Src/stm32f3xx_hal_pcd.c:263:13:HAL_PCD_MspDeInit	0	static
../Drivers/STM32F3xx_HAL_Driver/Src/stm32f3xx_hal_pcd.c:209:19:HAL_PCD_DeInit	16	static
../Drivers/STM32F3xx_HAL_Driver/Src/stm32f3xx_hal_pcd.c:821:19:HAL_PCD_Start	16	static
../Drivers/STM32F3xx_HAL_Driver/Src/stm32f3xx_hal_pcd.c:839:19:HAL_PCD_Stop	8	static
../Drivers/STM32F3xx_HAL_Driver/Src/stm32f3xx_hal_pcd.c:950:6:HAL_PCD_WKUP_IRQHandler	0	static
../Drivers/STM32F3xx_HAL_Driver/Src/stm32f3xx_hal_pcd.c:963:13:HAL_PCD_DataOutStageCallback	0	static
../Drivers/STM32F3xx_HAL_Driver/Src/stm32f3xx_hal_pcd.c:980:13:HAL_PCD_DataInStageCallback	0	static
../Drivers/STM32F3xx_HAL_Driver/Src/stm32f3xx_hal_pcd.c:995:13:HAL_PCD_SetupStageCallback	0	static
../Drivers/STM32F3xx_HAL_Driver/Src/stm32f3xx_hal_pcd.c:1010:13:HAL_PCD_SOFCallback	0	static
../Drivers/STM32F3xx_HAL_Driver/Src/stm32f3xx_hal_pcd.c:1025:13:HAL_PCD_ResetCallback	0	static
../Drivers/STM32F3xx_HAL_Driver/Src/stm32f3xx_hal_pcd.c:1040:13:HAL_PCD_SuspendCallback	0	static
../Drivers/STM32F3xx_HAL_Driver/Src/stm32f3xx_hal_pcd.c:1055:13:HAL_PCD_ResumeCallback	0	static
../Drivers/STM32F3xx_HAL_Driver/Src/stm32f3xx_hal_pcd.c:1071:13:HAL_PCD_ISOOUTIncompleteCallback	0	static
../Drivers/STM32F3xx_HAL_Driver/Src/stm32f3xx_hal_pcd.c:1088:13:HAL_PCD_ISOINIncompleteCallback	0	static
../Drivers/STM32F3xx_HAL_Driver/Src/stm32f3xx_hal_pcd.c:1104:13:HAL_PCD_ConnectCallback	0	static
../Drivers/STM32F3xx_HAL_Driver/Src/stm32f3xx_hal_pcd.c:1119:13:HAL_PCD_DisconnectCallback	0	static
../Drivers/STM32F3xx_HAL_Driver/Src/stm32f3xx_hal_pcd.c:1153:19:HAL_PCD_DevConnect	8	static
../Drivers/STM32F3xx_HAL_Driver/Src/stm32f3xx_hal_pcd.c:1170:19:HAL_PCD_DevDisconnect	8	static
../Drivers/STM32F3xx_HAL_Driver/Src/stm32f3xx_hal_pcd.c:1188:19:HAL_PCD_SetAddress	8	static
../Drivers/STM32F3xx_HAL_Driver/Src/stm32f3xx_hal_pcd.c:859:6:HAL_PCD_IRQHandler	32	static
../Drivers/STM32F3xx_HAL_Driver/Src/stm32f3xx_hal_pcd.c:1205:19:HAL_PCD_EP_Open	8	static
../Drivers/STM32F3xx_HAL_Driver/Src/stm32f3xx_hal_pcd.c:1250:19:HAL_PCD_EP_Close	8	static
../Drivers/STM32F3xx_HAL_Driver/Src/stm32f3xx_hal_pcd.c:1281:19:HAL_PCD_EP_Receive	8	static
../Drivers/STM32F3xx_HAL_Driver/Src/stm32f3xx_hal_pcd.c:1312:10:HAL_PCD_EP_GetRxCount	0	static
../Drivers/STM32F3xx_HAL_Driver/Src/stm32f3xx_hal_pcd.c:1324:19:HAL_PCD_EP_Transmit	8	static
../Drivers/STM32F3xx_HAL_Driver/Src/stm32f3xx_hal_pcd.c:1357:19:HAL_PCD_EP_SetStall	8	static
../Drivers/STM32F3xx_HAL_Driver/Src/stm32f3xx_hal_pcd.c:1395:19:HAL_PCD_EP_ClrStall	8	static
../Drivers/STM32F3xx_HAL_Driver/Src/stm32f3xx_hal_pcd.c:1431:19:HAL_PCD_EP_Flush	0	static
../Drivers/STM32F3xx_HAL_Driver/Src/stm32f3xx_hal_pcd.c:1445:19:HAL_PCD_ActivateRemoteWakeup	8	static
../Drivers/STM32F3xx_HAL_Driver/Src/stm32f3xx_hal_pcd.c:1455:19:HAL_PCD_DeActivateRemoteWakeup	8	static
../Drivers/STM32F3xx_HAL_Driver/Src/stm32f3xx_hal_pcd.c:1484:18:HAL_PCD_GetState	0	static
