Archive member included to satisfy reference by file (symbol)

c:/st/stm32cubeide_1.11.0/stm32cubeide/plugins/com.st.stm32cube.ide.mcu.externaltools.gnu-tools-for-stm32.10.3-2021.10.win32_1.0.100.202210260954/tools/bin/../lib/gcc/arm-none-eabi/10.3.1/../../../../arm-none-eabi/lib/thumb/v7e-m+fp/hard\libc_nano.a(lib_a-errno.o)
                              ./Core/Src/syscalls.o (__errno)
c:/st/stm32cubeide_1.11.0/stm32cubeide/plugins/com.st.stm32cube.ide.mcu.externaltools.gnu-tools-for-stm32.10.3-2021.10.win32_1.0.100.202210260954/tools/bin/../lib/gcc/arm-none-eabi/10.3.1/../../../../arm-none-eabi/lib/thumb/v7e-m+fp/hard\libc_nano.a(lib_a-exit.o)
                              c:/st/stm32cubeide_1.11.0/stm32cubeide/plugins/com.st.stm32cube.ide.mcu.externaltools.gnu-tools-for-stm32.10.3-2021.10.win32_1.0.100.202210260954/tools/bin/../lib/gcc/arm-none-eabi/10.3.1/../../../../arm-none-eabi/lib/thumb/v7e-m+fp/hard/crt0.o (exit)
c:/st/stm32cubeide_1.11.0/stm32cubeide/plugins/com.st.stm32cube.ide.mcu.externaltools.gnu-tools-for-stm32.10.3-2021.10.win32_1.0.100.202210260954/tools/bin/../lib/gcc/arm-none-eabi/10.3.1/../../../../arm-none-eabi/lib/thumb/v7e-m+fp/hard\libc_nano.a(lib_a-impure.o)
                              c:/st/stm32cubeide_1.11.0/stm32cubeide/plugins/com.st.stm32cube.ide.mcu.externaltools.gnu-tools-for-stm32.10.3-2021.10.win32_1.0.100.202210260954/tools/bin/../lib/gcc/arm-none-eabi/10.3.1/../../../../arm-none-eabi/lib/thumb/v7e-m+fp/hard\libc_nano.a(lib_a-exit.o) (_global_impure_ptr)
c:/st/stm32cubeide_1.11.0/stm32cubeide/plugins/com.st.stm32cube.ide.mcu.externaltools.gnu-tools-for-stm32.10.3-2021.10.win32_1.0.100.202210260954/tools/bin/../lib/gcc/arm-none-eabi/10.3.1/../../../../arm-none-eabi/lib/thumb/v7e-m+fp/hard\libc_nano.a(lib_a-init.o)
                              c:/st/stm32cubeide_1.11.0/stm32cubeide/plugins/com.st.stm32cube.ide.mcu.externaltools.gnu-tools-for-stm32.10.3-2021.10.win32_1.0.100.202210260954/tools/bin/../lib/gcc/arm-none-eabi/10.3.1/../../../../arm-none-eabi/lib/thumb/v7e-m+fp/hard/crt0.o (__libc_init_array)
c:/st/stm32cubeide_1.11.0/stm32cubeide/plugins/com.st.stm32cube.ide.mcu.externaltools.gnu-tools-for-stm32.10.3-2021.10.win32_1.0.100.202210260954/tools/bin/../lib/gcc/arm-none-eabi/10.3.1/../../../../arm-none-eabi/lib/thumb/v7e-m+fp/hard\libc_nano.a(lib_a-memset.o)
                              c:/st/stm32cubeide_1.11.0/stm32cubeide/plugins/com.st.stm32cube.ide.mcu.externaltools.gnu-tools-for-stm32.10.3-2021.10.win32_1.0.100.202210260954/tools/bin/../lib/gcc/arm-none-eabi/10.3.1/../../../../arm-none-eabi/lib/thumb/v7e-m+fp/hard/crt0.o (memset)

Discarded input sections

 .text          0x0000000000000000        0x0 c:/st/stm32cubeide_1.11.0/stm32cubeide/plugins/com.st.stm32cube.ide.mcu.externaltools.gnu-tools-for-stm32.10.3-2021.10.win32_1.0.100.202210260954/tools/bin/../lib/gcc/arm-none-eabi/10.3.1/thumb/v7e-m+fp/hard/crti.o
 .data          0x0000000000000000        0x0 c:/st/stm32cubeide_1.11.0/stm32cubeide/plugins/com.st.stm32cube.ide.mcu.externaltools.gnu-tools-for-stm32.10.3-2021.10.win32_1.0.100.202210260954/tools/bin/../lib/gcc/arm-none-eabi/10.3.1/thumb/v7e-m+fp/hard/crti.o
 .bss           0x0000000000000000        0x0 c:/st/stm32cubeide_1.11.0/stm32cubeide/plugins/com.st.stm32cube.ide.mcu.externaltools.gnu-tools-for-stm32.10.3-2021.10.win32_1.0.100.202210260954/tools/bin/../lib/gcc/arm-none-eabi/10.3.1/thumb/v7e-m+fp/hard/crti.o
 .data          0x0000000000000000        0x4 c:/st/stm32cubeide_1.11.0/stm32cubeide/plugins/com.st.stm32cube.ide.mcu.externaltools.gnu-tools-for-stm32.10.3-2021.10.win32_1.0.100.202210260954/tools/bin/../lib/gcc/arm-none-eabi/10.3.1/thumb/v7e-m+fp/hard/crtbegin.o
 .rodata        0x0000000000000000       0x24 c:/st/stm32cubeide_1.11.0/stm32cubeide/plugins/com.st.stm32cube.ide.mcu.externaltools.gnu-tools-for-stm32.10.3-2021.10.win32_1.0.100.202210260954/tools/bin/../lib/gcc/arm-none-eabi/10.3.1/thumb/v7e-m+fp/hard/crtbegin.o
 .text          0x0000000000000000       0x7c c:/st/stm32cubeide_1.11.0/stm32cubeide/plugins/com.st.stm32cube.ide.mcu.externaltools.gnu-tools-for-stm32.10.3-2021.10.win32_1.0.100.202210260954/tools/bin/../lib/gcc/arm-none-eabi/10.3.1/../../../../arm-none-eabi/lib/thumb/v7e-m+fp/hard/crt0.o
 .data          0x0000000000000000        0x0 c:/st/stm32cubeide_1.11.0/stm32cubeide/plugins/com.st.stm32cube.ide.mcu.externaltools.gnu-tools-for-stm32.10.3-2021.10.win32_1.0.100.202210260954/tools/bin/../lib/gcc/arm-none-eabi/10.3.1/../../../../arm-none-eabi/lib/thumb/v7e-m+fp/hard/crt0.o
 .bss           0x0000000000000000        0x0 c:/st/stm32cubeide_1.11.0/stm32cubeide/plugins/com.st.stm32cube.ide.mcu.externaltools.gnu-tools-for-stm32.10.3-2021.10.win32_1.0.100.202210260954/tools/bin/../lib/gcc/arm-none-eabi/10.3.1/../../../../arm-none-eabi/lib/thumb/v7e-m+fp/hard/crt0.o
[...]
Memory Configuration

Name             Origin             Length             Attributes
RAM              0x0000000020000000 0x0000000000008000 xrw
FLASH            0x0000000008000000 0x0000000000020000 xr
*default*        0x0000000000000000 0xffffffffffffffff

Linker script and memory map

LOAD c:/st/stm32cubeide_1.11.0/stm32cubeide/plugins/com.st.stm32cube.ide.mcu.externaltools.gnu-tools-for-stm32.10.3-2021.10.win32_1.0.100.202210260954/tools/bin/../lib/gcc/arm-none-eabi/10.3.1/thumb/v7e-m+fp/hard/crti.o
LOAD c:/st/stm32cubeide_1.11.0/stm32cubeide/plugins/com.st.stm32cube.ide.mcu.externaltools.gnu-tools-for-stm32.10.3-2021.10.win32_1.0.100.202210260954/tools/bin/../lib/gcc/arm-none-eabi/10.3.1/thumb/v7e-m+fp/hard/crtbegin.o
LOAD c:/st/stm32cubeide_1.11.0/stm32cubeide/plugins/com.st.stm32cube.ide.mcu.externaltools.gnu-tools-for-stm32.10.3-2021.10.win32_1.0.100.202210260954/tools/bin/../lib/gcc/arm-none-eabi/10.3.1/../../../../arm-none-eabi/lib/thumb/v7e-m+fp/hard/crt0.o
LOAD ./Core/Src/can_usb.o
LOAD ./Core/Src/led.o
LOAD ./Core/Src/main.o
LOAD ./Core/Src/stm32f3xx_hal_msp.o
LOAD ./Core/Src/stm32f3xx_it.o
LOAD ./Core/Src/syscalls.o
LOAD ./Core/Src/sysmem.o
LOAD ./Core/Src/system_stm32f3xx.o
LOAD ./Core/Src/usbcan_main.o
LOAD ./Core/Src/user_if.o
LOAD ./Core/Startup/startup_stm32f302cbtx.o
LOAD ./Drivers/STM32F3xx_HAL_Driver/Src/stm32f3xx_hal.o
LOAD ./Drivers/STM32F3xx_HAL_Driver/Src/stm32f3xx_hal_can.o
LOAD ./Drivers/STM32F3xx_HAL_Driver/Src/stm32f3xx_hal_cortex.o
LOAD ./Drivers/STM32F3xx_HAL_Driver/Src/stm32f3xx_hal_dma.o
LOAD ./Drivers/STM32F3xx_HAL_Driver/Src/stm32f3xx_hal_exti.o
LOAD ./Drivers/STM32F3xx_HAL_Driver/Src/stm32f3xx_hal_flash.o
LOAD ./Drivers/STM32F3xx_HAL_Driver/Src/stm32f3xx_hal_flash_ex.o
LOAD ./Drivers/STM32F3xx_HAL_Driver/Src/stm32f3xx_hal_gpio.o
LOAD ./Drivers/STM32F3xx_HAL_Driver/Src/stm32f3xx_hal_i2c.o
LOAD ./Drivers/STM32F3xx_HAL_Driver/Src/stm32f3xx_hal_i2c_ex.o
LOAD ./Drivers/STM32F3xx_HAL_Driver/Src/stm32f3xx_hal_pcd.o
LOAD ./Drivers/STM32F3xx_HAL_Driver/Src/stm32f3xx_hal_pcd_ex.o
LOAD ./Drivers/STM32F3xx_HAL_Driver/Src/stm32f3xx_hal_pwr.o
LOAD ./Drivers/STM32F3xx_HAL_Driver/Src/stm32f3xx_hal_pwr_ex.o
LOAD ./Drivers/STM32F3xx_HAL_Driver/Src/stm32f3xx_hal_rcc.o
LOAD ./Drivers/STM32F3xx_HAL_Driver/Src/stm32f3xx_hal_rcc_ex.o
LOAD ./Drivers/STM32F3xx_HAL_Driver/Src/stm32f3xx_hal_tim.o
LOAD ./Drivers/STM32F3xx_HAL_Driver/Src/stm32f3xx_hal_tim_ex.o
LOAD ./Drivers/STM32F3xx_HAL_Driver/Src/stm32f3xx_ll_usb.o
LOAD ./Middlewares/ST/STM32_USB_Device_Library/Class/CDC/Src/usbd_cdc.o
LOAD ./Middlewares/ST/STM32_USB_Device_Library/Core/Src/usbd_core.o
LOAD ./Middlewares/ST/STM32_USB_Device_Library/Core/Src/usbd_ctlreq.o
LOAD ./Middlewares/ST/STM32_USB_Device_Library/Core/Src/usbd_ioreq.o
LOAD ./USB_DEVICE/App/usb_device.o
LOAD ./USB_DEVICE/App/usbd_cdc_if.o
LOAD ./USB_DEVICE/App/usbd_desc.o
LOAD ./USB_DEVICE/Target/usbd_conf.o
START GROUP
LOAD c:/st/stm32cubeide_1.11.0/stm32cubeide/plugins/com.st.stm32cube.ide.mcu.externaltools.gnu-tools-for-stm32.10.3-2021.10.win32_1.0.100.202210260954/tools/bin/../lib/gcc/arm-none-eabi/10.3.1/../../../../arm-none-eabi/lib/thumb/v7e-m+fp/hard\libstdc++_nano.a
LOAD c:/st/stm32cubeide_1.11.0/stm32cubeide/plugins/com.st.stm32cube.ide.mcu.externaltools.gnu-tools-for-stm32.10.3-2021.10.win32_1.0.100.202210260954/tools/bin/../lib/gcc/arm-none-eabi/10.3.1/../../../../arm-none-eabi/lib/thumb/v7e-m+fp/hard\libsupc++_nano.a
END GROUP
LOAD c:/st/stm32cubeide_1.11.0/stm32cubeide/plugins/com.st.stm32cube.ide.mcu.externaltools.gnu-tools-for-stm32.10.3-2021.10.win32_1.0.100.202210260954/tools/bin/../lib/gcc/arm-none-eabi/10.3.1/../../../../arm-none-eabi/lib/thumb/v7e-m+fp/hard\libstdc++_nano.a
LOAD c:/st/stm32cubeide_1.11.0/stm32cubeide/plugins/com.st.stm32cube.ide.mcu.externaltools.gnu-tools-for-stm32.10.3-2021.10.win32_1.0.100.202210260954/tools/bin/../lib/gcc/arm-none-eabi/10.3.1/../../../../arm-none-eabi/lib/thumb/v7e-m+fp/hard\libm.a
LOAD c:/st/stm32cubeide_1.11.0/stm32cubeide/plugins/com.st.stm32cube.ide.mcu.externaltools.gnu-tools-for-stm32.10.3-2021.10.win32_1.0.100.202210260954/tools/bin/../lib/gcc/arm-none-eabi/10.3.1/../../../../arm-none-eabi/lib/thumb/v7e-m+fp/hard\libc_nano.a
START GROUP
LOAD c:/st/stm32cubeide_1.11.0/stm32cubeide/plugins/com.st.stm32cube.ide.mcu.externaltools.gnu-tools-for-stm32.10.3-2021.10.win32_1.0.100.202210260954/tools/bin/../lib/gcc/arm-none-eabi/10.3.1/thumb/v7e-m+fp/hard\libgcc.a
LOAD c:/st/stm32cubeide_1.11.0/stm32cubeide/plugins/com.st.stm32cube.ide.mcu.externaltools.gnu-tools-for-stm32.10.3-2021.10.win32_1.0.100.202210260954/tools/bin/../lib/gcc/arm-none-eabi/10.3.1/../../../../arm-none-eabi/lib/thumb/v7e-m+fp/hard\libc_nano.a
END GROUP
START GROUP
LOAD c:/st/stm32cubeide_1.11.0/stm32cubeide/plugins/com.st.stm32cube.ide.mcu.externaltools.gnu-tools-for-stm32.10.3-2021.10.win32_1.0.100.202210260954/tools/bin/../lib/gcc/arm-none-eabi/10.3.1/thumb/v7e-m+fp/hard\libgcc.a
LOAD c:/st/stm32cubeide_1.11.0/stm32cubeide/plugins/com.st.stm32cube.ide.mcu.externaltools.gnu-tools-for-stm32.10.3-2021.10.win32_1.0.100.202210260954/tools/bin/../lib/gcc/arm-none-eabi/10.3.1/../../../../arm-none-eabi/lib/thumb/v7e-m+fp/hard\libc_nano.a
LOAD c:/st/stm32cubeide_1.11.0/stm32cubeide/plugins/com.st.stm32cube.ide.mcu.externaltools.gnu-tools-for-stm32.10.3-2021.10.win32_1.0.100.202210260954/tools/bin/../lib/gcc/arm-none-eabi/10.3.1/../../../../arm-none-eabi/lib/thumb/v7e-m+fp/hard\libnosys.a
END GROUP
START GROUP
LOAD c:/st/stm32cubeide_1.11.0/stm32cubeide/plugins/com.st.stm32cube.ide.mcu.externaltools.gnu-tools-for-stm32.10.3-2021.10.win32_1.0.100.202210260954/tools/bin/../lib/gcc/arm-none-eabi/10.3.1/thumb/v7e-m+fp/hard\libgcc.a
LOAD c:/st/stm32cubeide_1.11.0/stm32cubeide/plugins/com.st.stm32cube.ide.mcu.externaltools.gnu-tools-for-stm32.10.3-2021.10.win32_1.0.100.202210260954/tools/bin/../lib/gcc/arm-none-eabi/10.3.1/../../../../arm-none-eabi/lib/thumb/v7e-m+fp/hard\libc_nano.a
LOAD c:/st/stm32cubeide_1.11.0/stm32cubeide/plugins/com.st.stm32cube.ide.mcu.externaltools.gnu-tools-for-stm32.10.3-2021.10.win32_1.0.100.202210260954/tools/bin/../lib/gcc/arm-none-eabi/10.3.1/../../../../arm-none-eabi/lib/thumb/v7e-m+fp/hard\libnosys.a
END GROUP
LOAD c:/st/stm32cubeide_1.11.0/stm32cubeide/plugins/com.st.stm32cube.ide.mcu.externaltools.gnu-tools-for-stm32.10.3-2021.10.win32_1.0.100.202210260954/tools/bin/../lib/gcc/arm-none-eabi/10.3.1/thumb/v7e-m+fp/hard/crtend.o
LOAD c:/st/stm32cubeide_1.11.0/stm32cubeide/plugins/com.st.stm32cube.ide.mcu.externaltools.gnu-tools-for-stm32.10.3-2021.10.win32_1.0.100.202210260954/tools/bin/../lib/gcc/arm-none-eabi/10.3.1/thumb/v7e-m+fp/hard/crtn.o
                0x0000000020008000                _estack = (ORIGIN (RAM) + LENGTH (RAM))
                0x0000000000002000                _Min_Heap_Size = 0x2000
                0x0000000000001000                _Min_Stack_Size = 0x1000

.isr_vector     0x0000000008000000      0x188
                0x0000000008000000                . = ALIGN (0x4)
 *(.isr_vector)
 .isr_vector    0x0000000008000000      0x188 ./Core/Startup/startup_stm32f302cbtx.o
                0x0000000008000000                g_pfnVectors
                0x0000000008000188                . = ALIGN (0x4)

.text           0x0000000008000188     0x3e1c
                0x0000000008000188                . = ALIGN (0x4)
 *(.text)
 .text          0x0000000008000188       0x40 c:/st/stm32cubeide_1.11.0/stm32cubeide/plugins/com.st.stm32cube.ide.mcu.externaltools.gnu-tools-for-stm32.10.3-2021.10.win32_1.0.100.202210260954/tools/bin/../lib/gcc/arm-none-eabi/10.3.1/thumb/v7e-m+fp/hard/crtbegin.o
 *(.text*)
 .text.cobs_encode
                0x00000000080001c8       0x28 ./Core/Src/can_usb.o
                0x00000000080001c8                cobs_encode
 .text.can_process
                0x00000000080001f0       0x58 ./Core/Src/can_usb.o
                0x00000000080001f0                can_process
 .text.usb_to_can
                0x0000000008000248       0x4c ./Core/Src/can_usb.o
                0x0000000008000248                usb_to_can
 .text.usb_process
                0x0000000008000294       0x4c ./Core/Src/can_usb.o
                0x0000000008000294                usb_process
 .text.led_on   0x00000000080002e0       0x24 ./Core/Src/led.o
                0x00000000080002e0                led_on
 .text.led_process
                0x0000000008000304       0x38 ./Core/Src/led.o
                0x0000000008000304                led_process
 .text.Error_Handler
                0x000000000800033c       0x18 ./Core/Src/main.o
                0x000000000800033c                Error_Handler
 .text.SystemClock_Config
                0x0000000008000354       0x78 ./Core/Src/main.o
                0x0000000008000354                SystemClock_Config
 .text.startup.main
                0x00000000080003cc      0x130 ./Core/Src/main.o
                0x00000000080003cc                main
 .text.HAL_MspInit
                0x00000000080004fc       0x30 ./Core/Src/stm32f3xx_hal_msp.o
                0x00000000080004fc                HAL_MspInit
 .text.HAL_CAN_MspInit
                0x000000000800052c       0xa8 ./Core/Src/stm32f3xx_hal_msp.o
                0x000000000800052c                HAL_CAN_MspInit
 .text.NMI_Handler
                0x00000000080005d4        0x2 ./Core/Src/stm32f3xx_it.o
                0x00000000080005d4                NMI_Handler
 .text.HardFault_Handler
                0x00000000080005d6        0x2 ./Core/Src/stm32f3xx_it.o
                0x00000000080005d6                HardFault_Handler
 .text.MemManage_Handler
                0x00000000080005d8        0x2 ./Core/Src/stm32f3xx_it.o
                0x00000000080005d8                MemManage_Handler
 .text.BusFault_Handler
                0x00000000080005da        0x2 ./Core/Src/stm32f3xx_it.o
                0x00000000080005da                BusFault_Handler
 .text.UsageFault_Handler
                0x00000000080005dc        0x2 ./Core/Src/stm32f3xx_it.o
                0x00000000080005dc                UsageFault_Handler
 .text.SVC_Handler
                0x00000000080005de        0x2 ./Core/Src/stm32f3xx_it.o
                0x00000000080005de                SVC_Handler
 .text.DebugMon_Handler
                0x00000000080005e0        0x2 ./Core/Src/stm32f3xx_it.o
                0x00000000080005e0                DebugMon_Handler
 .text.PendSV_Handler
                0x00000000080005e2        0x2 ./Core/Src/stm32f3xx_it.o
                0x00000000080005e2                PendSV_Handler
 .text.SysTick_Handler
                0x00000000080005e4        0x4 ./Core/Src/stm32f3xx_it.o
                0x00000000080005e4                SysTick_Handler
 .text.USB_HP_CAN_TX_IRQHandler
                0x00000000080005e8        0xc ./Core/Src/stm32f3xx_it.o
                0x00000000080005e8                USB_HP_CAN_TX_IRQHandler
 .text.USB_LP_CAN_RX0_IRQHandler
                0x00000000080005f4       0x18 ./Core/Src/stm32f3xx_it.o
                0x00000000080005f4                USB_LP_CAN_RX0_IRQHandler
 .text.CAN_RX1_IRQHandler
                0x000000000800060c        0x4 ./Core/Src/stm32f3xx_it.o
                0x000000000800060c                CAN_RX1_IRQHandler
 .text.CAN_SCE_IRQHandler
                0x0000000008000610        0x4 ./Core/Src/stm32f3xx_it.o
                0x0000000008000610                CAN_SCE_IRQHandler
 .text.USB_LP_IRQHandler
                0x0000000008000614        0xc ./Core/Src/stm32f3xx_it.o
                0x0000000008000614                USB_LP_IRQHandler
 .text.SystemInit
                0x0000000008000620       0x14 ./Core/Src/system_stm32f3xx.o
                0x0000000008000620                SystemInit
 .text.main_cpp
                0x0000000008000634       0x80 ./Core/Src/usbcan_main.o
                0x0000000008000634                main_cpp
 .text.HAL_CAN_RxFifo0MsgPendingCallback
                0x00000000080006b4       0x28 ./Core/Src/user_if.o
                0x00000000080006b4                HAL_CAN_RxFifo0MsgPendingCallback
 .text.HAL_CAN_ErrorCallback
                0x00000000080006dc       0x28 ./Core/Src/user_if.o
                0x00000000080006dc                HAL_CAN_ErrorCallback
 .text.Reset_Handler
                0x0000000008000704       0x50 ./Core/Startup/startup_stm32f302cbtx.o
                0x0000000008000704                Reset_Handler
 .text.Default_Handler
                0x0000000008000754        0x2 ./Core/Startup/startup_stm32f302cbtx.o
                0x0000000008000754                RTC_Alarm_IRQHandler
                0x0000000008000754                TIM1_CC_IRQHandler
                0x0000000008000754                USB_HP_IRQHandler
                0x0000000008000754                PVD_IRQHandler
                0x0000000008000754                TAMP_STAMP_IRQHandler
                0x0000000008000754                EXTI3_IRQHandler
                0x0000000008000754                EXTI0_IRQHandler
                0x0000000008000754                I2C2_EV_IRQHandler
                0x0000000008000754                FPU_IRQHandler
                0x0000000008000754                TIM1_UP_TIM16_IRQHandler
                0x0000000008000754                ADC1_2_IRQHandler
                0x0000000008000754                SPI1_IRQHandler
                0x0000000008000754                TIM6_DAC_IRQHandler
                0x0000000008000754                DMA2_Channel2_IRQHandler
                0x0000000008000754                DMA1_Channel4_IRQHandler
                0x0000000008000754                USART3_IRQHandler
                0x0000000008000754                DMA1_Channel7_IRQHandler
                0x0000000008000754                UART5_IRQHandler
                0x0000000008000754                TIM4_IRQHandler
                0x0000000008000754                DMA2_Channel1_IRQHandler
                0x0000000008000754                I2C1_EV_IRQHandler
                0x0000000008000754                DMA1_Channel6_IRQHandler
                0x0000000008000754                UART4_IRQHandler
                0x0000000008000754                DMA2_Channel4_IRQHandler
                0x0000000008000754                TIM3_IRQHandler
                0x0000000008000754                RCC_IRQHandler
                0x0000000008000754                DMA1_Channel1_IRQHandler
                0x0000000008000754                Default_Handler
                0x0000000008000754                USBWakeUp_RMP_IRQHandler
                0x0000000008000754                EXTI15_10_IRQHandler
                0x0000000008000754                EXTI9_5_IRQHandler
                0x0000000008000754                RTC_WKUP_IRQHandler
                0x0000000008000754                SPI2_IRQHandler
                0x0000000008000754                DMA2_Channel5_IRQHandler
                0x0000000008000754                DMA1_Channel5_IRQHandler
                0x0000000008000754                EXTI4_IRQHandler
                0x0000000008000754                COMP1_2_IRQHandler
                0x0000000008000754                TIM1_TRG_COM_TIM17_IRQHandler
                0x0000000008000754                DMA1_Channel3_IRQHandler
                0x0000000008000754                WWDG_IRQHandler
                0x0000000008000754                TIM2_IRQHandler
                0x0000000008000754                EXTI1_IRQHandler
                0x0000000008000754                COMP4_6_IRQHandler
                0x0000000008000754                USART2_IRQHandler
                0x0000000008000754                I2C2_ER_IRQHandler
                0x0000000008000754                DMA1_Channel2_IRQHandler
                0x0000000008000754                FLASH_IRQHandler
                0x0000000008000754                USART1_IRQHandler
                0x0000000008000754                SPI3_IRQHandler
                0x0000000008000754                I2C1_ER_IRQHandler
                0x0000000008000754                USBWakeUp_IRQHandler
                0x0000000008000754                DMA2_Channel3_IRQHandler
                0x0000000008000754                EXTI2_TSC_IRQHandler
                0x0000000008000754                TIM1_BRK_TIM15_IRQHandler
 *fill*         0x0000000008000756        0x2 
 .text.HAL_InitTick
                0x0000000008000758       0x48 ./Drivers/STM32F3xx_HAL_Driver/Src/stm32f3xx_hal.o
                0x0000000008000758                HAL_InitTick
 .text.HAL_Init
                0x00000000080007a0       0x24 ./Drivers/STM32F3xx_HAL_Driver/Src/stm32f3xx_hal.o
                0x00000000080007a0                HAL_Init
 .text.HAL_IncTick
                0x00000000080007c4       0x18 ./Drivers/STM32F3xx_HAL_Driver/Src/stm32f3xx_hal.o
                0x00000000080007c4                HAL_IncTick
 .text.HAL_GetTick
                0x00000000080007dc        0xc ./Drivers/STM32F3xx_HAL_Driver/Src/stm32f3xx_hal.o
                0x00000000080007dc                HAL_GetTick
 .text.HAL_CAN_Init
                0x00000000080007e8       0xf6 ./Drivers/STM32F3xx_HAL_Driver/Src/stm32f3xx_hal_can.o
                0x00000000080007e8                HAL_CAN_Init
 .text.HAL_CAN_ConfigFilter
                0x00000000080008de       0xde ./Drivers/STM32F3xx_HAL_Driver/Src/stm32f3xx_hal_can.o
                0x00000000080008de                HAL_CAN_ConfigFilter
 .text.HAL_CAN_Start
                0x00000000080009bc       0x5c ./Drivers/STM32F3xx_HAL_Driver/Src/stm32f3xx_hal_can.o
                0x00000000080009bc                HAL_CAN_Start
 .text.HAL_CAN_AddTxMessage
                0x0000000008000a18       0xa0 ./Drivers/STM32F3xx_HAL_Driver/Src/stm32f3xx_hal_can.o
                0x0000000008000a18                HAL_CAN_AddTxMessage
 .text.HAL_CAN_GetTxMailboxesFreeLevel
                0x0000000008000ab8       0x28 ./Drivers/STM32F3xx_HAL_Driver/Src/stm32f3xx_hal_can.o
                0x0000000008000ab8                HAL_CAN_GetTxMailboxesFreeLevel
 .text.HAL_CAN_GetRxMessage
                0x0000000008000ae0       0xee ./Drivers/STM32F3xx_HAL_Driver/Src/stm32f3xx_hal_can.o
                0x0000000008000ae0                HAL_CAN_GetRxMessage
 .text.HAL_CAN_ActivateNotification
                0x0000000008000bce       0x22 ./Drivers/STM32F3xx_HAL_Driver/Src/stm32f3xx_hal_can.o
                0x0000000008000bce                HAL_CAN_ActivateNotification
 .text.HAL_CAN_TxMailbox0CompleteCallback
                0x0000000008000bf0        0x2 ./Drivers/STM32F3xx_HAL_Driver/Src/stm32f3xx_hal_can.o
                0x0000000008000bf0                HAL_CAN_TxMailbox0CompleteCallback
 .text.HAL_CAN_TxMailbox1CompleteCallback
                0x0000000008000bf2        0x2 ./Drivers/STM32F3xx_HAL_Driver/Src/stm32f3xx_hal_can.o
                0x0000000008000bf2                HAL_CAN_TxMailbox1CompleteCallback
 .text.HAL_CAN_TxMailbox2CompleteCallback
                0x0000000008000bf4        0x2 ./Drivers/STM32F3xx_HAL_Driver/Src/stm32f3xx_hal_can.o
                0x0000000008000bf4                HAL_CAN_TxMailbox2CompleteCallback
 .text.HAL_CAN_TxMailbox0AbortCallback
                0x0000000008000bf6        0x2 ./Drivers/STM32F3xx_HAL_Driver/Src/stm32f3xx_hal_can.o
                0x0000000008000bf6                HAL_CAN_TxMailbox0AbortCallback
 .text.HAL_CAN_TxMailbox1AbortCallback
                0x0000000008000bf8        0x2 ./Drivers/STM32F3xx_HAL_Driver/Src/stm32f3xx_hal_can.o
                0x0000000008000bf8                HAL_CAN_TxMailbox1AbortCallback
 .text.HAL_CAN_TxMailbox2AbortCallback
                0x0000000008000bfa        0x2 ./Drivers/STM32F3xx_HAL_Driver/Src/stm32f3xx_hal_can.o
                0x0000000008000bfa                HAL_CAN_TxMailbox2AbortCallback
 .text.HAL_CAN_RxFifo0FullCallback
                0x0000000008000bfc        0x2 ./Drivers/STM32F3xx_HAL_Driver/Src/stm32f3xx_hal_can.o
                0x0000000008000bfc                HAL_CAN_RxFifo0FullCallback
 .text.HAL_CAN_RxFifo1MsgPendingCallback
                0x0000000008000bfe        0x2 ./Drivers/STM32F3xx_HAL_Driver/Src/stm32f3xx_hal_can.o
                0x0000000008000bfe                HAL_CAN_RxFifo1MsgPendingCallback
 .text.HAL_CAN_RxFifo1FullCallback
                0x0000000008000c00        0x2 ./Drivers/STM32F3xx_HAL_Driver/Src/stm32f3xx_hal_can.o
                0x0000000008000c00                HAL_CAN_RxFifo1FullCallback
 .text.HAL_CAN_SleepCallback
                0x0000000008000c02        0x2 ./Drivers/STM32F3xx_HAL_Driver/Src/stm32f3xx_hal_can.o
                0x0000000008000c02                HAL_CAN_SleepCallback
 .text.HAL_CAN_WakeUpFromRxMsgCallback
                0x0000000008000c04        0x2 ./Drivers/STM32F3xx_HAL_Driver/Src/stm32f3xx_hal_can.o
                0x0000000008000c04                HAL_CAN_WakeUpFromRxMsgCallback
 .text.HAL_CAN_IRQHandler
                0x0000000008000c06      0x1fc ./Drivers/STM32F3xx_HAL_Driver/Src/stm32f3xx_hal_can.o
                0x0000000008000c06                HAL_CAN_IRQHandler
 *fill*         0x0000000008000e02        0x2 
 .text.HAL_NVIC_SetPriorityGrouping
                0x0000000008000e04       0x24 ./Drivers/STM32F3xx_HAL_Driver/Src/stm32f3xx_hal_cortex.o
                0x0000000008000e04                HAL_NVIC_SetPriorityGrouping
 .text.HAL_NVIC_SetPriority
                0x0000000008000e28       0x64 ./Drivers/STM32F3xx_HAL_Driver/Src/stm32f3xx_hal_cortex.o
                0x0000000008000e28                HAL_NVIC_SetPriority
 .text.HAL_NVIC_EnableIRQ
                0x0000000008000e8c       0x1c ./Drivers/STM32F3xx_HAL_Driver/Src/stm32f3xx_hal_cortex.o
                0x0000000008000e8c                HAL_NVIC_EnableIRQ
 .text.HAL_SYSTICK_Config
                0x0000000008000ea8       0x28 ./Drivers/STM32F3xx_HAL_Driver/Src/stm32f3xx_hal_cortex.o
                0x0000000008000ea8                HAL_SYSTICK_Config
 .text.HAL_GPIO_Init
                0x0000000008000ed0      0x188 ./Drivers/STM32F3xx_HAL_Driver/Src/stm32f3xx_hal_gpio.o
                0x0000000008000ed0                HAL_GPIO_Init
 .text.HAL_GPIO_WritePin
                0x0000000008001058        0xa ./Drivers/STM32F3xx_HAL_Driver/Src/stm32f3xx_hal_gpio.o
                0x0000000008001058                HAL_GPIO_WritePin
 .text.HAL_PCD_Init
                0x0000000008001062       0xae ./Drivers/STM32F3xx_HAL_Driver/Src/stm32f3xx_hal_pcd.o
                0x0000000008001062                HAL_PCD_Init
 .text.HAL_PCD_Start
                0x0000000008001110       0x32 ./Drivers/STM32F3xx_HAL_Driver/Src/stm32f3xx_hal_pcd.o
                0x0000000008001110                HAL_PCD_Start
 .text.HAL_PCD_SetAddress
                0x0000000008001142       0x28 ./Drivers/STM32F3xx_HAL_Driver/Src/stm32f3xx_hal_pcd.o
                0x0000000008001142                HAL_PCD_SetAddress
 *fill*         0x000000000800116a        0x2 
 .text.HAL_PCD_IRQHandler
                0x000000000800116c      0x994 ./Drivers/STM32F3xx_HAL_Driver/Src/stm32f3xx_hal_pcd.o
                0x000000000800116c                HAL_PCD_IRQHandler
 .text.HAL_PCD_EP_Open
                0x0000000008001b00       0x6c ./Drivers/STM32F3xx_HAL_Driver/Src/stm32f3xx_hal_pcd.o
                0x0000000008001b00                HAL_PCD_EP_Open
 .text.HAL_PCD_EP_Close
                0x0000000008001b6c       0x5a ./Drivers/STM32F3xx_HAL_Driver/Src/stm32f3xx_hal_pcd.o
                0x0000000008001b6c                HAL_PCD_EP_Close
 .text.HAL_PCD_EP_Receive
                0x0000000008001bc6       0x2c ./Drivers/STM32F3xx_HAL_Driver/Src/stm32f3xx_hal_pcd.o
                0x0000000008001bc6                HAL_PCD_EP_Receive
 .text.HAL_PCD_EP_GetRxCount
                0x0000000008001bf2       0x10 ./Drivers/STM32F3xx_HAL_Driver/Src/stm32f3xx_hal_pcd.o
                0x0000000008001bf2                HAL_PCD_EP_GetRxCount
 .text.HAL_PCD_EP_Transmit
                0x0000000008001c02       0x40 ./Drivers/STM32F3xx_HAL_Driver/Src/stm32f3xx_hal_pcd.o
                0x0000000008001c02                HAL_PCD_EP_Transmit
 .text.HAL_PCD_EP_SetStall
                0x0000000008001c42       0x64 ./Drivers/STM32F3xx_HAL_Driver/Src/stm32f3xx_hal_pcd.o
                0x0000000008001c42                HAL_PCD_EP_SetStall
 .text.HAL_PCD_EP_ClrStall
                0x0000000008001ca6       0x6c ./Drivers/STM32F3xx_HAL_Driver/Src/stm32f3xx_hal_pcd.o
                0x0000000008001ca6                HAL_PCD_EP_ClrStall
 .text.HAL_PCDEx_PMAConfig
                0x0000000008001d12       0x34 ./Drivers/STM32F3xx_HAL_Driver/Src/stm32f3xx_hal_pcd_ex.o
                0x0000000008001d12                HAL_PCDEx_PMAConfig
 *fill*         0x0000000008001d46        0x2 
 .text.HAL_RCC_OscConfig
                0x0000000008001d48      0x504 ./Drivers/STM32F3xx_HAL_Driver/Src/stm32f3xx_hal_rcc.o
                0x0000000008001d48                HAL_RCC_OscConfig
 .text.HAL_RCC_GetSysClockFreq
                0x000000000800224c       0x64 ./Drivers/STM32F3xx_HAL_Driver/Src/stm32f3xx_hal_rcc.o
                0x000000000800224c                HAL_RCC_GetSysClockFreq
 .text.HAL_RCC_ClockConfig
                0x00000000080022b0      0x158 ./Drivers/STM32F3xx_HAL_Driver/Src/stm32f3xx_hal_rcc.o
                0x00000000080022b0                HAL_RCC_ClockConfig
 .text.HAL_RCCEx_PeriphCLKConfig
                0x0000000008002408      0x1e8 ./Drivers/STM32F3xx_HAL_Driver/Src/stm32f3xx_hal_rcc_ex.o
                0x0000000008002408                HAL_RCCEx_PeriphCLKConfig
 .text.USB_EnableGlobalInt
                0x00000000080025f0       0x12 ./Drivers/STM32F3xx_HAL_Driver/Src/stm32f3xx_ll_usb.o
                0x00000000080025f0                USB_EnableGlobalInt
 .text.USB_DisableGlobalInt
                0x0000000008002602       0x14 ./Drivers/STM32F3xx_HAL_Driver/Src/stm32f3xx_ll_usb.o
                0x0000000008002602                USB_DisableGlobalInt
 .text.USB_DevInit
                0x0000000008002616       0x28 ./Drivers/STM32F3xx_HAL_Driver/Src/stm32f3xx_ll_usb.o
                0x0000000008002616                USB_DevInit
 *fill*         0x000000000800263e        0x2 
 .text.USB_ActivateEndpoint
                0x0000000008002640      0x2ac ./Drivers/STM32F3xx_HAL_Driver/Src/stm32f3xx_ll_usb.o
                0x0000000008002640                USB_ActivateEndpoint
 .text.USB_DeactivateEndpoint
                0x00000000080028ec      0x1a2 ./Drivers/STM32F3xx_HAL_Driver/Src/stm32f3xx_ll_usb.o
                0x00000000080028ec                USB_DeactivateEndpoint
 .text.USB_EPSetStall
                0x0000000008002a8e       0x40 ./Drivers/STM32F3xx_HAL_Driver/Src/stm32f3xx_ll_usb.o
                0x0000000008002a8e                USB_EPSetStall
 .text.USB_EPClearStall
                0x0000000008002ace       0x92 ./Drivers/STM32F3xx_HAL_Driver/Src/stm32f3xx_ll_usb.o
                0x0000000008002ace                USB_EPClearStall
 .text.USB_SetDevAddress
                0x0000000008002b60        0xc ./Drivers/STM32F3xx_HAL_Driver/Src/stm32f3xx_ll_usb.o
                0x0000000008002b60                USB_SetDevAddress
 .text.USB_DevConnect
                0x0000000008002b6c        0x4 ./Drivers/STM32F3xx_HAL_Driver/Src/stm32f3xx_ll_usb.o
                0x0000000008002b6c                USB_DevConnect
 .text.USB_ReadInterrupts
                0x0000000008002b70        0x8 ./Drivers/STM32F3xx_HAL_Driver/Src/stm32f3xx_ll_usb.o
                0x0000000008002b70                USB_ReadInterrupts
 .text.USB_WritePMA
                0x0000000008002b78       0x20 ./Drivers/STM32F3xx_HAL_Driver/Src/stm32f3xx_ll_usb.o
                0x0000000008002b78                USB_WritePMA
 .text.USB_EPStartXfer
                0x0000000008002b98      0x430 ./Drivers/STM32F3xx_HAL_Driver/Src/stm32f3xx_ll_usb.o
                0x0000000008002b98                USB_EPStartXfer
 .text.USB_ReadPMA
                0x0000000008002fc8       0x38 ./Drivers/STM32F3xx_HAL_Driver/Src/stm32f3xx_ll_usb.o
                0x0000000008002fc8                USB_ReadPMA
 .text.USBD_CDC_EP0_RxReady
                0x0000000008003000       0x28 ./Middlewares/ST/STM32_USB_Device_Library/Class/CDC/Src/usbd_cdc.o
 .text.USBD_CDC_GetFSCfgDesc
                0x0000000008003028        0xc ./Middlewares/ST/STM32_USB_Device_Library/Class/CDC/Src/usbd_cdc.o
 .text.USBD_CDC_GetHSCfgDesc
                0x0000000008003034        0xc ./Middlewares/ST/STM32_USB_Device_Library/Class/CDC/Src/usbd_cdc.o
 .text.USBD_CDC_GetOtherSpeedCfgDesc
                0x0000000008003040        0xc ./Middlewares/ST/STM32_USB_Device_Library/Class/CDC/Src/usbd_cdc.o
 .text.USBD_CDC_GetDeviceQualifierDescriptor
                0x000000000800304c        0xc ./Middlewares/ST/STM32_USB_Device_Library/Class/CDC/Src/usbd_cdc.o
                0x000000000800304c                USBD_CDC_GetDeviceQualifierDescriptor
 .text.USBD_CDC_DataOut
                0x0000000008003058       0x2e ./Middlewares/ST/STM32_USB_Device_Library/Class/CDC/Src/usbd_cdc.o
 .text.USBD_CDC_DataIn
                0x0000000008003086       0x42 ./Middlewares/ST/STM32_USB_Device_Library/Class/CDC/Src/usbd_cdc.o
 .text.USBD_CDC_Setup
                0x00000000080030c8       0xb6 ./Middlewares/ST/STM32_USB_Device_Library/Class/CDC/Src/usbd_cdc.o
 .text.USBD_CDC_DeInit
                0x000000000800317e       0x42 ./Middlewares/ST/STM32_USB_Device_Library/Class/CDC/Src/usbd_cdc.o
 .text.USBD_CDC_Init
                0x00000000080031c0       0xa2 ./Middlewares/ST/STM32_USB_Device_Library/Class/CDC/Src/usbd_cdc.o
 .text.USBD_CDC_RegisterInterface
                0x0000000008003262        0xe ./Middlewares/ST/STM32_USB_Device_Library/Class/CDC/Src/usbd_cdc.o
                0x0000000008003262                USBD_CDC_RegisterInterface
 .text.USBD_CDC_SetTxBuffer
                0x0000000008003270       0x10 ./Middlewares/ST/STM32_USB_Device_Library/Class/CDC/Src/usbd_cdc.o
                0x0000000008003270                USBD_CDC_SetTxBuffer
 .text.USBD_CDC_SetRxBuffer
                0x0000000008003280        0xc ./Middlewares/ST/STM32_USB_Device_Library/Class/CDC/Src/usbd_cdc.o
                0x0000000008003280                USBD_CDC_SetRxBuffer
 .text.USBD_CDC_TransmitPacket
                0x000000000800328c       0x32 ./Middlewares/ST/STM32_USB_Device_Library/Class/CDC/Src/usbd_cdc.o
                0x000000000800328c                USBD_CDC_TransmitPacket
 .text.USBD_CDC_ReceivePacket
                0x00000000080032be       0x2e ./Middlewares/ST/STM32_USB_Device_Library/Class/CDC/Src/usbd_cdc.o
                0x00000000080032be                USBD_CDC_ReceivePacket
 .text.USBD_Init
                0x00000000080032ec       0x2a ./Middlewares/ST/STM32_USB_Device_Library/Core/Src/usbd_core.o
                0x00000000080032ec                USBD_Init
 .text.USBD_RegisterClass
                0x0000000008003316        0xe ./Middlewares/ST/STM32_USB_Device_Library/Core/Src/usbd_core.o
                0x0000000008003316                USBD_RegisterClass
 .text.USBD_Start
                0x0000000008003324        0xa ./Middlewares/ST/STM32_USB_Device_Library/Core/Src/usbd_core.o
                0x0000000008003324                USBD_Start
 .text.USBD_SetClassConfig
                0x000000000800332e       0x16 ./Middlewares/ST/STM32_USB_Device_Library/Core/Src/usbd_core.o
                0x000000000800332e                USBD_SetClassConfig
 .text.USBD_ClrClassConfig
                0x0000000008003344        0xe ./Middlewares/ST/STM32_USB_Device_Library/Core/Src/usbd_core.o
                0x0000000008003344                USBD_ClrClassConfig
 .text.USBD_LL_SetupStage
                0x0000000008003352       0x5a ./Middlewares/ST/STM32_USB_Device_Library/Core/Src/usbd_core.o
                0x0000000008003352                USBD_LL_SetupStage
 .text.USBD_LL_DataOutStage
                0x00000000080033ac       0x74 ./Middlewares/ST/STM32_USB_Device_Library/Core/Src/usbd_core.o
                0x00000000080033ac                USBD_LL_DataOutStage
 .text.USBD_LL_DataInStage
                0x0000000008003420       0xb6 ./Middlewares/ST/STM32_USB_Device_Library/Core/Src/usbd_core.o
                0x0000000008003420                USBD_LL_DataInStage
 .text.USBD_LL_Reset
                0x00000000080034d6       0x4e ./Middlewares/ST/STM32_USB_Device_Library/Core/Src/usbd_core.o
                0x00000000080034d6                USBD_LL_Reset
 .text.USBD_LL_SetSpeed
                0x0000000008003524        0x6 ./Middlewares/ST/STM32_USB_Device_Library/Core/Src/usbd_core.o
                0x0000000008003524                USBD_LL_SetSpeed
 .text.USBD_LL_Suspend
                0x000000000800352a       0x12 ./Middlewares/ST/STM32_USB_Device_Library/Core/Src/usbd_core.o
                0x000000000800352a                USBD_LL_Suspend
 .text.USBD_LL_Resume
                0x000000000800353c       0x14 ./Middlewares/ST/STM32_USB_Device_Library/Core/Src/usbd_core.o
                0x000000000800353c                USBD_LL_Resume
 .text.USBD_LL_SOF
                0x0000000008003550       0x18 ./Middlewares/ST/STM32_USB_Device_Library/Core/Src/usbd_core.o
                0x0000000008003550                USBD_LL_SOF
 .text.USBD_CtlError.constprop.0
                0x0000000008003568       0x16 ./Middlewares/ST/STM32_USB_Device_Library/Core/Src/usbd_ctlreq.o
 *fill*         0x000000000800357e        0x2 
 .text.USBD_StdDevReq
                0x0000000008003580      0x254 ./Middlewares/ST/STM32_USB_Device_Library/Core/Src/usbd_ctlreq.o
                0x0000000008003580                USBD_StdDevReq
 .text.USBD_StdItfReq
                0x00000000080037d4       0x48 ./Middlewares/ST/STM32_USB_Device_Library/Core/Src/usbd_ctlreq.o
                0x00000000080037d4                USBD_StdItfReq
 .text.USBD_StdEPReq
                0x000000000800381c      0x112 ./Middlewares/ST/STM32_USB_Device_Library/Core/Src/usbd_ctlreq.o
                0x000000000800381c                USBD_StdEPReq
 .text.USBD_ParseSetupRequest
                0x000000000800392e       0x28 ./Middlewares/ST/STM32_USB_Device_Library/Core/Src/usbd_ctlreq.o
                0x000000000800392e                USBD_ParseSetupRequest
 .text.USBD_CtlError
                0x0000000008003956       0x16 ./Middlewares/ST/STM32_USB_Device_Library/Core/Src/usbd_ctlreq.o
                0x0000000008003956                USBD_CtlError
 .text.USBD_GetString
                0x000000000800396c       0x38 ./Middlewares/ST/STM32_USB_Device_Library/Core/Src/usbd_ctlreq.o
                0x000000000800396c                USBD_GetString
 .text.USBD_CtlSendData
                0x00000000080039a4       0x1a ./Middlewares/ST/STM32_USB_Device_Library/Core/Src/usbd_ioreq.o
                0x00000000080039a4                USBD_CtlSendData
 .text.USBD_CtlContinueSendData
                0x00000000080039be       0x10 ./Middlewares/ST/STM32_USB_Device_Library/Core/Src/usbd_ioreq.o
                0x00000000080039be                USBD_CtlContinueSendData
 .text.USBD_CtlPrepareRx
                0x00000000080039ce       0x1a ./Middlewares/ST/STM32_USB_Device_Library/Core/Src/usbd_ioreq.o
                0x00000000080039ce                USBD_CtlPrepareRx
 .text.USBD_CtlContinueRx
                0x00000000080039e8       0x10 ./Middlewares/ST/STM32_USB_Device_Library/Core/Src/usbd_ioreq.o
                0x00000000080039e8                USBD_CtlContinueRx
 .text.USBD_CtlSendStatus
                0x00000000080039f8       0x16 ./Middlewares/ST/STM32_USB_Device_Library/Core/Src/usbd_ioreq.o
                0x00000000080039f8                USBD_CtlSendStatus
 .text.USBD_CtlReceiveStatus
                0x0000000008003a0e       0x16 ./Middlewares/ST/STM32_USB_Device_Library/Core/Src/usbd_ioreq.o
                0x0000000008003a0e                USBD_CtlReceiveStatus
 .text.MX_USB_DEVICE_Init
                0x0000000008003a24       0x50 ./USB_DEVICE/App/usb_device.o
                0x0000000008003a24                MX_USB_DEVICE_Init
 .text.CDC_DeInit_FS
                0x0000000008003a74        0x4 ./USB_DEVICE/App/usbd_cdc_if.o
 .text.CDC_Receive_FS
                0x0000000008003a78       0x94 ./USB_DEVICE/App/usbd_cdc_if.o
 .text.CDC_Control_FS
                0x0000000008003b0c       0x64 ./USB_DEVICE/App/usbd_cdc_if.o
 .text.CDC_Init_FS
                0x0000000008003b70       0x28 ./USB_DEVICE/App/usbd_cdc_if.o
 .text.CDC_Transmit_FS
                0x0000000008003b98       0x2c ./USB_DEVICE/App/usbd_cdc_if.o
                0x0000000008003b98                CDC_Transmit_FS
 .text.USBD_FS_DeviceDescriptor
                0x0000000008003bc4        0xc ./USB_DEVICE/App/usbd_desc.o
                0x0000000008003bc4                USBD_FS_DeviceDescriptor
 .text.USBD_FS_LangIDStrDescriptor
                0x0000000008003bd0        0xc ./USB_DEVICE/App/usbd_desc.o
                0x0000000008003bd0                USBD_FS_LangIDStrDescriptor
 .text.IntToUnicode
                0x0000000008003bdc       0x2a ./USB_DEVICE/App/usbd_desc.o
 *fill*         0x0000000008003c06        0x2 
 .text.USBD_FS_SerialStrDescriptor
                0x0000000008003c08       0x3c ./USB_DEVICE/App/usbd_desc.o
                0x0000000008003c08                USBD_FS_SerialStrDescriptor
 .text.USBD_FS_ManufacturerStrDescriptor
                0x0000000008003c44       0x1c ./USB_DEVICE/App/usbd_desc.o
                0x0000000008003c44                USBD_FS_ManufacturerStrDescriptor
 .text.USBD_FS_ProductStrDescriptor
                0x0000000008003c60       0x1c ./USB_DEVICE/App/usbd_desc.o
                0x0000000008003c60                USBD_FS_ProductStrDescriptor
 .text.USBD_FS_ConfigStrDescriptor
                0x0000000008003c7c       0x1c ./USB_DEVICE/App/usbd_desc.o
                0x0000000008003c7c                USBD_FS_ConfigStrDescriptor
 .text.USBD_FS_InterfaceStrDescriptor
                0x0000000008003c98       0x1c ./USB_DEVICE/App/usbd_desc.o
                0x0000000008003c98                USBD_FS_InterfaceStrDescriptor
 .text.USBD_Get_USB_Status
                0x0000000008003cb4       0x10 ./USB_DEVICE/Target/usbd_conf.o
 .text.HAL_PCD_MspInit
                0x0000000008003cc4       0x84 ./USB_DEVICE/Target/usbd_conf.o
                0x0000000008003cc4                HAL_PCD_MspInit
 .text.HAL_PCD_SetupStageCallback
                0x0000000008003d48        0xc ./USB_DEVICE/Target/usbd_conf.o
                0x0000000008003d48                HAL_PCD_SetupStageCallback
 .text.HAL_PCD_DataOutStageCallback
                0x0000000008003d54       0x12 ./USB_DEVICE/Target/usbd_conf.o
                0x0000000008003d54                HAL_PCD_DataOutStageCallback
 .text.HAL_PCD_DataInStageCallback
                0x0000000008003d66       0x10 ./USB_DEVICE/Target/usbd_conf.o
                0x0000000008003d66                HAL_PCD_DataInStageCallback
 .text.HAL_PCD_SOFCallback
                0x0000000008003d76        0x8 ./USB_DEVICE/Target/usbd_conf.o
                0x0000000008003d76                HAL_PCD_SOFCallback
 .text.HAL_PCD_ResetCallback
                0x0000000008003d7e       0x24 ./USB_DEVICE/Target/usbd_conf.o
                0x0000000008003d7e                HAL_PCD_ResetCallback
 *fill*         0x0000000008003da2        0x2 
 .text.HAL_PCD_SuspendCallback
                0x0000000008003da4       0x20 ./USB_DEVICE/Target/usbd_conf.o
                0x0000000008003da4                HAL_PCD_SuspendCallback
 .text.HAL_PCD_ResumeCallback
                0x0000000008003dc4        0x8 ./USB_DEVICE/Target/usbd_conf.o
                0x0000000008003dc4                HAL_PCD_ResumeCallback
 .text.USBD_LL_Init
                0x0000000008003dcc       0x84 ./USB_DEVICE/Target/usbd_conf.o
                0x0000000008003dcc                USBD_LL_Init
 .text.USBD_LL_Start
                0x0000000008003e50       0x12 ./USB_DEVICE/Target/usbd_conf.o
                0x0000000008003e50                USBD_LL_Start
 .text.USBD_LL_OpenEP
                0x0000000008003e62       0x18 ./USB_DEVICE/Target/usbd_conf.o
                0x0000000008003e62                USBD_LL_OpenEP
 .text.USBD_LL_CloseEP
                0x0000000008003e7a       0x12 ./USB_DEVICE/Target/usbd_conf.o
                0x0000000008003e7a                USBD_LL_CloseEP
 .text.USBD_LL_StallEP
                0x0000000008003e8c       0x12 ./USB_DEVICE/Target/usbd_conf.o
                0x0000000008003e8c                USBD_LL_StallEP
 .text.USBD_LL_ClearStallEP
                0x0000000008003e9e       0x12 ./USB_DEVICE/Target/usbd_conf.o
                0x0000000008003e9e                USBD_LL_ClearStallEP
 .text.USBD_LL_IsStallEP
                0x0000000008003eb0       0x26 ./USB_DEVICE/Target/usbd_conf.o
                0x0000000008003eb0                USBD_LL_IsStallEP
 .text.USBD_LL_SetUSBAddress
                0x0000000008003ed6       0x12 ./USB_DEVICE/Target/usbd_conf.o
                0x0000000008003ed6                USBD_LL_SetUSBAddress
 .text.USBD_LL_Transmit
                0x0000000008003ee8       0x12 ./USB_DEVICE/Target/usbd_conf.o
                0x0000000008003ee8                USBD_LL_Transmit
 .text.USBD_LL_PrepareReceive
                0x0000000008003efa       0x12 ./USB_DEVICE/Target/usbd_conf.o
                0x0000000008003efa                USBD_LL_PrepareReceive
 .text.USBD_LL_GetRxDataSize
                0x0000000008003f0c        0x8 ./USB_DEVICE/Target/usbd_conf.o
                0x0000000008003f0c                USBD_LL_GetRxDataSize
 .text.USBD_static_malloc
                0x0000000008003f14        0x8 ./USB_DEVICE/Target/usbd_conf.o
                0x0000000008003f14                USBD_static_malloc
 .text.USBD_static_free
                0x0000000008003f1c        0x2 ./USB_DEVICE/Target/usbd_conf.o
                0x0000000008003f1c                USBD_static_free
 .text.HAL_PCDEx_SetConnectionState
                0x0000000008003f1e       0x14 ./USB_DEVICE/Target/usbd_conf.o
                0x0000000008003f1e                HAL_PCDEx_SetConnectionState
 *fill*         0x0000000008003f32        0x2 
 .text.__libc_init_array
                0x0000000008003f34       0x48 c:/st/stm32cubeide_1.11.0/stm32cubeide/plugins/com.st.stm32cube.ide.mcu.externaltools.gnu-tools-for-stm32.10.3-2021.10.win32_1.0.100.202210260954/tools/bin/../lib/gcc/arm-none-eabi/10.3.1/../../../../arm-none-eabi/lib/thumb/v7e-m+fp/hard\libc_nano.a(lib_a-init.o)
                0x0000000008003f34                __libc_init_array
 .text.memset   0x0000000008003f7c       0x10 c:/st/stm32cubeide_1.11.0/stm32cubeide/plugins/com.st.stm32cube.ide.mcu.externaltools.gnu-tools-for-stm32.10.3-2021.10.win32_1.0.100.202210260954/tools/bin/../lib/gcc/arm-none-eabi/10.3.1/../../../../arm-none-eabi/lib/thumb/v7e-m+fp/hard\libc_nano.a(lib_a-memset.o)
                0x0000000008003f7c                memset
 *(.glue_7)
 .glue_7        0x0000000008003f8c        0x0 linker stubs
 *(.glue_7t)
 .glue_7t       0x0000000008003f8c        0x0 linker stubs
 *(.eh_frame)
 .eh_frame      0x0000000008003f8c        0x0 c:/st/stm32cubeide_1.11.0/stm32cubeide/plugins/com.st.stm32cube.ide.mcu.externaltools.gnu-tools-for-stm32.10.3-2021.10.win32_1.0.100.202210260954/tools/bin/../lib/gcc/arm-none-eabi/10.3.1/thumb/v7e-m+fp/hard/crtbegin.o
 *(.init)
 .init          0x0000000008003f8c        0x4 c:/st/stm32cubeide_1.11.0/stm32cubeide/plugins/com.st.stm32cube.ide.mcu.externaltools.gnu-tools-for-stm32.10.3-2021.10.win32_1.0.100.202210260954/tools/bin/../lib/gcc/arm-none-eabi/10.3.1/thumb/v7e-m+fp/hard/crti.o
                0x0000000008003f8c                _init
 .init          0x0000000008003f90        0x8 c:/st/stm32cubeide_1.11.0/stm32cubeide/plugins/com.st.stm32cube.ide.mcu.externaltools.gnu-tools-for-stm32.10.3-2021.10.win32_1.0.100.202210260954/tools/bin/../lib/gcc/arm-none-eabi/10.3.1/thumb/v7e-m+fp/hard/crtn.o
 *(.fini)
 .fini          0x0000000008003f98        0x4 c:/st/stm32cubeide_1.11.0/stm32cubeide/plugins/com.st.stm32cube.ide.mcu.externaltools.gnu-tools-for-stm32.10.3-2021.10.win32_1.0.100.202210260954/tools/bin/../lib/gcc/arm-none-eabi/10.3.1/thumb/v7e-m+fp/hard/crti.o
                0x0000000008003f98                _fini
 .fini          0x0000000008003f9c        0x8 c:/st/stm32cubeide_1.11.0/stm32cubeide/plugins/com.st.stm32cube.ide.mcu.externaltools.gnu-tools-for-stm32.10.3-2021.10.win32_1.0.100.202210260954/tools/bin/../lib/gcc/arm-none-eabi/10.3.1/thumb/v7e-m+fp/hard/crtn.o
                0x0000000008003fa4                . = ALIGN (0x4)
                0x0000000008003fa4                _etext = .

.vfp11_veneer   0x0000000008003fa4        0x0
 .vfp11_veneer  0x0000000008003fa4        0x0 linker stubs

.v4_bx          0x0000000008003fa4        0x0
 .v4_bx         0x0000000008003fa4        0x0 linker stubs

.iplt           0x0000000008003fa4        0x0
 .iplt          0x0000000008003fa4        0x0 c:/st/stm32cubeide_1.11.0/stm32cubeide/plugins/com.st.stm32cube.ide.mcu.externaltools.gnu-tools-for-stm32.10.3-2021.10.win32_1.0.100.202210260954/tools/bin/../lib/gcc/arm-none-eabi/10.3.1/thumb/v7e-m+fp/hard/crtbegin.o

.rodata         0x0000000008003fa4       0x7c
                0x0000000008003fa4                . = ALIGN (0x4)
 *(.rodata)
 .rodata        0x0000000008003fa4        0x8 ./Core/Src/can_usb.o
 *(.rodata*)
 .rodata.usb_process.str1.1
                0x0000000008003fac        0xd ./Core/Src/can_usb.o
 .rodata.AHBPrescTable
                0x0000000008003fb9       0x10 ./Core/Src/system_stm32f3xx.o
                0x0000000008003fb9                AHBPrescTable
 .rodata.aPLLMULFactorTable
                0x0000000008003fc9       0x10 ./Drivers/STM32F3xx_HAL_Driver/Src/stm32f3xx_hal_rcc.o
                0x0000000008003fc9                aPLLMULFactorTable
 .rodata.aPredivFactorTable
                0x0000000008003fd9       0x10 ./Drivers/STM32F3xx_HAL_Driver/Src/stm32f3xx_hal_rcc.o
                0x0000000008003fd9                aPredivFactorTable
 .rodata.USBD_FS_ManufacturerStrDescriptor.str1.1
                0x0000000008003fe9        0x4 ./USB_DEVICE/App/usbd_desc.o
 .rodata.USBD_FS_ProductStrDescriptor.str1.1
                0x0000000008003fed       0x16 ./USB_DEVICE/App/usbd_desc.o
 .rodata.USBD_FS_ConfigStrDescriptor.str1.1
                0x0000000008004003        0xb ./USB_DEVICE/App/usbd_desc.o
 .rodata.USBD_FS_InterfaceStrDescriptor.str1.1
                0x000000000800400e        0xe ./USB_DEVICE/App/usbd_desc.o
 .rodata.CSWTCH.4
                0x000000000800401c        0x4 ./USB_DEVICE/Target/usbd_conf.o
                0x0000000008004020                . = ALIGN (0x4)

.rel.dyn        0x0000000008004020        0x0
 .rel.iplt      0x0000000008004020        0x0 c:/st/stm32cubeide_1.11.0/stm32cubeide/plugins/com.st.stm32cube.ide.mcu.externaltools.gnu-tools-for-stm32.10.3-2021.10.win32_1.0.100.202210260954/tools/bin/../lib/gcc/arm-none-eabi/10.3.1/thumb/v7e-m+fp/hard/crtbegin.o

.ARM.extab      0x0000000008004020        0x0
                0x0000000008004020                . = ALIGN (0x4)
 *(.ARM.extab* .gnu.linkonce.armextab.*)
                0x0000000008004020                . = ALIGN (0x4)

.ARM            0x0000000008004020        0x0
                0x0000000008004020                . = ALIGN (0x4)
                0x0000000008004020                __exidx_start = .
 *(.ARM.exidx*)
                0x0000000008004020                __exidx_end = .
                0x0000000008004020                . = ALIGN (0x4)

.preinit_array  0x0000000008004020        0x0
                0x0000000008004020                . = ALIGN (0x4)
                0x0000000008004020                PROVIDE (__preinit_array_start = .)
 *(.preinit_array*)
                0x0000000008004020                PROVIDE (__preinit_array_end = .)
                0x0000000008004020                . = ALIGN (0x4)

.init_array     0x0000000008004020        0x4
                0x0000000008004020                . = ALIGN (0x4)
                0x0000000008004020                PROVIDE (__init_array_start = .)
 *(SORT_BY_NAME(.init_array.*))
 *(.init_array*)
 .init_array    0x0000000008004020        0x4 c:/st/stm32cubeide_1.11.0/stm32cubeide/plugins/com.st.stm32cube.ide.mcu.externaltools.gnu-tools-for-stm32.10.3-2021.10.win32_1.0.100.202210260954/tools/bin/../lib/gcc/arm-none-eabi/10.3.1/thumb/v7e-m+fp/hard/crtbegin.o
                0x0000000008004024                PROVIDE (__init_array_end = .)
                0x0000000008004024                . = ALIGN (0x4)

.fini_array     0x0000000008004024        0x4
                0x0000000008004024                . = ALIGN (0x4)
                [!provide]                        PROVIDE (__fini_array_start = .)
 *(SORT_BY_NAME(.fini_array.*))
 *(.fini_array*)
 .fini_array    0x0000000008004024        0x4 c:/st/stm32cubeide_1.11.0/stm32cubeide/plugins/com.st.stm32cube.ide.mcu.externaltools.gnu-tools-for-stm32.10.3-2021.10.win32_1.0.100.202210260954/tools/bin/../lib/gcc/arm-none-eabi/10.3.1/thumb/v7e-m+fp/hard/crtbegin.o
                [!provide]                        PROVIDE (__fini_array_end = .)
                0x0000000008004028                . = ALIGN (0x4)
                0x0000000008004028                _sidata = LOADADDR (.data)

.data           0x0000000020000000      0x1c8 load address 0x0000000008004028
                0x0000000020000000                . = ALIGN (0x4)
                0x0000000020000000                _sdata = .
 *(.data)
 *(.data*)
 .data.led_list
                0x0000000020000000       0x40 ./Core/Src/led.o
                0x0000000020000000                led_list
 .data.SystemCoreClock
                0x0000000020000040        0x4 ./Core/Src/system_stm32f3xx.o
                0x0000000020000040                SystemCoreClock
 .data.uwTickFreq
                0x0000000020000044        0x1 ./Drivers/STM32F3xx_HAL_Driver/Src/stm32f3xx_hal.o
                0x0000000020000044                uwTickFreq
 *fill*         0x0000000020000045        0x3 
 .data.uwTickPrio
                0x0000000020000048        0x4 ./Drivers/STM32F3xx_HAL_Driver/Src/stm32f3xx_hal.o
                0x0000000020000048                uwTickPrio
 .data.USBD_CDC
                0x000000002000004c       0x38 ./Middlewares/ST/STM32_USB_Device_Library/Class/CDC/Src/usbd_cdc.o
                0x000000002000004c                USBD_CDC
 .data.USBD_CDC_CfgFSDesc
                0x0000000020000084       0x43 ./Middlewares/ST/STM32_USB_Device_Library/Class/CDC/Src/usbd_cdc.o
                0x0000000020000084                USBD_CDC_CfgFSDesc
 *fill*         0x00000000200000c7        0x1 
 .data.USBD_CDC_CfgHSDesc
                0x00000000200000c8       0x43 ./Middlewares/ST/STM32_USB_Device_Library/Class/CDC/Src/usbd_cdc.o
                0x00000000200000c8                USBD_CDC_CfgHSDesc
 *fill*         0x000000002000010b        0x1 
 .data.USBD_CDC_DeviceQualifierDesc
                0x000000002000010c        0xa ./Middlewares/ST/STM32_USB_Device_Library/Class/CDC/Src/usbd_cdc.o
 *fill*         0x0000000020000116        0x2 
 .data.USBD_CDC_OtherSpeedCfgDesc
                0x0000000020000118       0x43 ./Middlewares/ST/STM32_USB_Device_Library/Class/CDC/Src/usbd_cdc.o
                0x0000000020000118                USBD_CDC_OtherSpeedCfgDesc
 *fill*         0x000000002000015b        0x1 
 .data.USBD_Interface_fops_FS
                0x000000002000015c       0x10 ./USB_DEVICE/App/usbd_cdc_if.o
                0x000000002000015c                USBD_Interface_fops_FS
 .data.linecoding
                0x000000002000016c        0x8 ./USB_DEVICE/App/usbd_cdc_if.o
                0x000000002000016c                linecoding
 .data.zero_count
                0x0000000020000174        0x1 ./USB_DEVICE/App/usbd_cdc_if.o
                0x0000000020000174                zero_count
 *fill*         0x0000000020000175        0x3 
 .data.FS_Desc  0x0000000020000178       0x1c ./USB_DEVICE/App/usbd_desc.o
                0x0000000020000178                FS_Desc
 .data.USBD_FS_DeviceDesc
                0x0000000020000194       0x12 ./USB_DEVICE/App/usbd_desc.o
                0x0000000020000194                USBD_FS_DeviceDesc
 *fill*         0x00000000200001a6        0x2 
 .data.USBD_LangIDDesc
                0x00000000200001a8        0x4 ./USB_DEVICE/App/usbd_desc.o
                0x00000000200001a8                USBD_LangIDDesc
 .data.USBD_StringSerial
                0x00000000200001ac       0x1a ./USB_DEVICE/App/usbd_desc.o
                0x00000000200001ac                USBD_StringSerial
 *(.RamFunc)
 *(.RamFunc*)
                0x00000000200001c8                . = ALIGN (0x4)
 *fill*         0x00000000200001c6        0x2 
                0x00000000200001c8                _edata = .

.igot.plt       0x00000000200001c8        0x0 load address 0x00000000080041f0
 .igot.plt      0x00000000200001c8        0x0 c:/st/stm32cubeide_1.11.0/stm32cubeide/plugins/com.st.stm32cube.ide.mcu.externaltools.gnu-tools-for-stm32.10.3-2021.10.win32_1.0.100.202210260954/tools/bin/../lib/gcc/arm-none-eabi/10.3.1/thumb/v7e-m+fp/hard/crtbegin.o
                0x00000000200001c8                . = ALIGN (0x4)

.bss            0x00000000200001c8     0x1280 load address 0x00000000080041f0
                0x00000000200001c8                _sbss = .
                0x00000000200001c8                __bss_start__ = _sbss
 *(.bss)
 .bss           0x00000000200001c8       0x1c c:/st/stm32cubeide_1.11.0/stm32cubeide/plugins/com.st.stm32cube.ide.mcu.externaltools.gnu-tools-for-stm32.10.3-2021.10.win32_1.0.100.202210260954/tools/bin/../lib/gcc/arm-none-eabi/10.3.1/thumb/v7e-m+fp/hard/crtbegin.o
 *(.bss*)
 .bss.TxHeader  0x00000000200001e4       0x18 ./Core/Src/can_usb.o
                0x00000000200001e4                TxHeader
 .bss.TxMailbox
                0x00000000200001fc        0x4 ./Core/Src/can_usb.o
                0x00000000200001fc                TxMailbox
 .bss.hcan      0x0000000020000200       0x28 ./Core/Src/main.o
                0x0000000020000200                hcan
 .bss._ZZ8main_cppE8send_buf
                0x0000000020000228        0x4 ./Core/Src/usbcan_main.o
 .bss.uwTick    0x000000002000022c        0x4 ./Drivers/STM32F3xx_HAL_Driver/Src/stm32f3xx_hal.o
                0x000000002000022c                uwTick
 .bss.cfgidx.0  0x0000000020000230        0x1 ./Middlewares/ST/STM32_USB_Device_Library/Core/Src/usbd_ctlreq.o
 *fill*         0x0000000020000231        0x3 
 .bss.hUsbDeviceFS
                0x0000000020000234      0x2c4 ./USB_DEVICE/App/usb_device.o
                0x0000000020000234                hUsbDeviceFS
 .bss.DecodedData
                0x00000000200004f8       0x40 ./USB_DEVICE/App/usbd_cdc_if.o
                0x00000000200004f8                DecodedData
 .bss.UserRxBufferFS
                0x0000000020000538      0x400 ./USB_DEVICE/App/usbd_cdc_if.o
                0x0000000020000538                UserRxBufferFS
 .bss.UserTxBufferFS
                0x0000000020000938      0x400 ./USB_DEVICE/App/usbd_cdc_if.o
                0x0000000020000938                UserTxBufferFS
 .bss.data_index
                0x0000000020000d38        0x1 ./USB_DEVICE/App/usbd_cdc_if.o
                0x0000000020000d38                data_index
 .bss.is_first  0x0000000020000d39        0x1 ./USB_DEVICE/App/usbd_cdc_if.o
                0x0000000020000d39                is_first
 *fill*         0x0000000020000d3a        0x2 
 .bss.USBD_StrDesc
                0x0000000020000d3c      0x200 ./USB_DEVICE/App/usbd_desc.o
                0x0000000020000d3c                USBD_StrDesc
 .bss.hpcd_USB_FS
                0x0000000020000f3c      0x2ec ./USB_DEVICE/Target/usbd_conf.o
                0x0000000020000f3c                hpcd_USB_FS
 .bss.mem.0     0x0000000020001228      0x220 ./USB_DEVICE/Target/usbd_conf.o
 *(COMMON)
                0x0000000020001448                . = ALIGN (0x4)
                0x0000000020001448                _ebss = .
                0x0000000020001448                __bss_end__ = _ebss

._user_heap_stack
                0x0000000020001448     0x3000 load address 0x00000000080041f0
                0x0000000020001448                . = ALIGN (0x8)
                [!provide]                        PROVIDE (end = .)
                0x0000000020001448                PROVIDE (_end = .)
                0x0000000020003448                . = (. + _Min_Heap_Size)
 *fill*         0x0000000020001448     0x2000 
                0x0000000020004448                . = (. + _Min_Stack_Size)
 *fill*         0x0000000020003448     0x1000 
                0x0000000020004448                . = ALIGN (0x8)

/DISCARD/
 libc.a(*)
 libm.a(*)
 libgcc.a(*)

.ARM.attributes
                0x0000000000000000       0x30
 *(.ARM.attributes)
 .ARM.attributes
                0x0000000000000000       0x1e c:/st/stm32cubeide_1.11.0/stm32cubeide/plugins/com.st.stm32cube.ide.mcu.externaltools.gnu-tools-for-stm32.10.3-2021.10.win32_1.0.100.202210260954/tools/bin/../lib/gcc/arm-none-eabi/10.3.1/thumb/v7e-m+fp/hard/crti.o
 .ARM.attributes
                0x000000000000001e       0x34 c:/st/stm32cubeide_1.11.0/stm32cubeide/plugins/com.st.stm32cube.ide.mcu.externaltools.gnu-tools-for-stm32.10.3-2021.10.win32_1.0.100.202210260954/tools/bin/../lib/gcc/arm-none-eabi/10.3.1/thumb/v7e-m+fp/hard/crtbegin.o
 .ARM.attributes
                0x0000000000000052       0x34 ./Core/Src/can_usb.o
 .ARM.attributes
                0x0000000000000086       0x34 ./Core/Src/led.o
 .ARM.attributes
                0x00000000000000ba       0x34 ./Core/Src/main.o
 .ARM.attributes
                0x00000000000000ee       0x34 ./Core/Src/stm32f3xx_hal_msp.o
 .ARM.attributes
                0x0000000000000122       0x34 ./Core/Src/stm32f3xx_it.o
 .ARM.attributes
                0x0000000000000156       0x34 ./Core/Src/system_stm32f3xx.o
 .ARM.attributes
                0x000000000000018a       0x34 ./Core/Src/usbcan_main.o
 .ARM.attributes
                0x00000000000001be       0x34 ./Core/Src/user_if.o
 .ARM.attributes
                0x00000000000001f2       0x21 ./Core/Startup/startup_stm32f302cbtx.o
 .ARM.attributes
                0x0000000000000213       0x34 ./Drivers/STM32F3xx_HAL_Driver/Src/stm32f3xx_hal.o
 .ARM.attributes
                0x0000000000000247       0x34 ./Drivers/STM32F3xx_HAL_Driver/Src/stm32f3xx_hal_can.o
 .ARM.attributes
                0x000000000000027b       0x34 ./Drivers/STM32F3xx_HAL_Driver/Src/stm32f3xx_hal_cortex.o
 .ARM.attributes
                0x00000000000002af       0x34 ./Drivers/STM32F3xx_HAL_Driver/Src/stm32f3xx_hal_gpio.o
 .ARM.attributes
                0x00000000000002e3       0x34 ./Drivers/STM32F3xx_HAL_Driver/Src/stm32f3xx_hal_pcd.o
 .ARM.attributes
                0x0000000000000317       0x34 ./Drivers/STM32F3xx_HAL_Driver/Src/stm32f3xx_hal_pcd_ex.o
 .ARM.attributes
                0x000000000000034b       0x34 ./Drivers/STM32F3xx_HAL_Driver/Src/stm32f3xx_hal_rcc.o
 .ARM.attributes
                0x000000000000037f       0x34 ./Drivers/STM32F3xx_HAL_Driver/Src/stm32f3xx_hal_rcc_ex.o
 .ARM.attributes
                0x00000000000003b3       0x34 ./Drivers/STM32F3xx_HAL_Driver/Src/stm32f3xx_ll_usb.o
 .ARM.attributes
                0x00000000000003e7       0x34 ./Middlewares/ST/STM32_USB_Device_Library/Class/CDC/Src/usbd_cdc.o
 .ARM.attributes
                0x000000000000041b       0x34 ./Middlewares/ST/STM32_USB_Device_Library/Core/Src/usbd_core.o
 .ARM.attributes
                0x000000000000044f       0x34 ./Middlewares/ST/STM32_USB_Device_Library/Core/Src/usbd_ctlreq.o
 .ARM.attributes
                0x0000000000000483       0x34 ./Middlewares/ST/STM32_USB_Device_Library/Core/Src/usbd_ioreq.o
 .ARM.attributes
                0x00000000000004b7       0x34 ./USB_DEVICE/App/usb_device.o
 .ARM.attributes
                0x00000000000004eb       0x34 ./USB_DEVICE/App/usbd_cdc_if.o
 .ARM.attributes
                0x000000000000051f       0x34 ./USB_DEVICE/App/usbd_desc.o
 .ARM.attributes
                0x0000000000000553       0x34 ./USB_DEVICE/Target/usbd_conf.o
 .ARM.attributes
                0x0000000000000587       0x34 c:/st/stm32cubeide_1.11.0/stm32cubeide/plugins/com.st.stm32cube.ide.mcu.externaltools.gnu-tools-for-stm32.10.3-2021.10.win32_1.0.100.202210260954/tools/bin/../lib/gcc/arm-none-eabi/10.3.1/../../../../arm-none-eabi/lib/thumb/v7e-m+fp/hard\libc_nano.a(lib_a-init.o)
 .ARM.attributes
                0x00000000000005bb       0x34 c:/st/stm32cubeide_1.11.0/stm32cubeide/plugins/com.st.stm32cube.ide.mcu.externaltools.gnu-tools-for-stm32.10.3-2021.10.win32_1.0.100.202210260954/tools/bin/../lib/gcc/arm-none-eabi/10.3.1/../../../../arm-none-eabi/lib/thumb/v7e-m+fp/hard\libc_nano.a(lib_a-memset.o)
 .ARM.attributes
                0x00000000000005ef       0x1e c:/st/stm32cubeide_1.11.0/stm32cubeide/plugins/com.st.stm32cube.ide.mcu.externaltools.gnu-tools-for-stm32.10.3-2021.10.win32_1.0.100.202210260954/tools/bin/../lib/gcc/arm-none-eabi/10.3.1/thumb/v7e-m+fp/hard/crtn.o
OUTPUT(usbcan_fw_v2.elf elf32-littlearm)
LOAD linker stubs
LOAD c:/st/stm32cubeide_1.11.0/stm32cubeide/plugins/com.st.stm32cube.ide.mcu.externaltools.gnu-tools-for-stm32.10.3-2021.10.win32_1.0.100.202210260954/tools/bin/../lib/gcc/arm-none-eabi/10.3.1/../../../../arm-none-eabi/lib/thumb/v7e-m+fp/hard\libc.a
LOAD c:/st/stm32cubeide_1.11.0/stm32cubeide/plugins/com.st.stm32cube.ide.mcu.externaltools.gnu-tools-for-stm32.10.3-2021.10.win32_1.0.100.202210260954/tools/bin/../lib/gcc/arm-none-eabi/10.3.1/../../../../arm-none-eabi/lib/thumb/v7e-m+fp/hard\libm.a
LOAD c:/st/stm32cubeide_1.11.0/stm32cubeide/plugins/com.st.stm32cube.ide.mcu.externaltools.gnu-tools-for-stm32.10.3-2021.10.win32_1.0.100.202210260954/tools/bin/../lib/gcc/arm-none-eabi/10.3.1/thumb/v7e-m+fp/hard\libgcc.a

.comment        0x0000000000000000       0x50
 .comment       0x0000000000000000       0x50 ./Core/Src/can_usb.o
                                         0x51 (size before relaxing)
 .comment       0x0000000000000050       0x51 ./Core/Src/led.o
 .comment       0x0000000000000050       0x51 ./Core/Src/main.o
 .comment       0x0000000000000050       0x51 ./Core/Src/stm32f3xx_hal_msp.o
 .comment       0x0000000000000050       0x51 ./Core/Src/stm32f3xx_it.o
 .comment       0x0000000000000050       0x51 ./Core/Src/system_stm32f3xx.o
 .comment       0x0000000000000050       0x51 ./Core/Src/usbcan_main.o
 .comment       0x0000000000000050       0x51 ./Core/Src/user_if.o
 .comment       0x0000000000000050       0x51 ./Drivers/STM32F3xx_HAL_Driver/Src/stm32f3xx_hal.o
 .comment       0x0000000000000050       0x51 ./Drivers/STM32F3xx_HAL_Driver/Src/stm32f3xx_hal_can.o
 .comment       0x0000000000000050       0x51 ./Drivers/STM32F3xx_HAL_Driver/Src/stm32f3xx_hal_cortex.o
 .comment       0x0000000000000050       0x51 ./Drivers/STM32F3xx_HAL_Driver/Src/stm32f3xx_hal_gpio.o
 .comment       0x0000000000000050       0x51 ./Drivers/STM32F3xx_HAL_Driver/Src/stm32f3xx_hal_pcd.o
 .comment       0x0000000000000050       0x51 ./Drivers/STM32F3xx_HAL_Driver/Src/stm32f3xx_hal_pcd_ex.o
 .comment       0x0000000000000050       0x51 ./Drivers/STM32F3xx_HAL_Driver/Src/stm32f3xx_hal_rcc.o
 .comment       0x0000000000000050       0x51 ./Drivers/STM32F3xx_HAL_Driver/Src/stm32f3xx_hal_rcc_ex.o
 .comment       0x0000000000000050       0x51 ./Drivers/STM32F3xx_HAL_Driver/Src/stm32f3xx_ll_usb.o
 .comment       0x0000000000000050       0x51 ./Middlewares/ST/STM32_USB_Device_Library/Class/CDC/Src/usbd_cdc.o
 .comment       0x0000000000000050       0x51 ./Middlewares/ST/STM32_USB_Device_Library/Core/Src/usbd_core.o
 .comment       0x0000000000000050       0x51 ./Middlewares/ST/STM32_USB_Device_Library/Core/Src/usbd_ctlreq.o
 .comment       0x0000000000000050       0x51 ./Middlewares/ST/STM32_USB_Device_Library/Core/Src/usbd_ioreq.o
 .comment       0x0000000000000050       0x51 ./USB_DEVICE/App/usb_device.o
 .comment       0x0000000000000050       0x51 ./USB_DEVICE/App/usbd_cdc_if.o
 .comment       0x0000000000000050       0x51 ./USB_DEVICE/App/usbd_desc.o
 .comment       0x0000000000000050       0x51 ./USB_DEVICE/Target/usbd_conf.o

.debug_frame    0x0000000000000000       0x4c
 .debug_frame   0x0000000000000000       0x2c c:/st/stm32cubeide_1.11.0/stm32cubeide/plugins/com.st.stm32cube.ide.mcu.externaltools.gnu-tools-for-stm32.10.3-2021.10.win32_1.0.100.202210260954/tools/bin/../lib/gcc/arm-none-eabi/10.3.1/../../../../arm-none-eabi/lib/thumb/v7e-m+fp/hard\libc_nano.a(lib_a-init.o)
 .debug_frame   0x000000000000002c       0x20 c:/st/stm32cubeide_1.11.0/stm32cubeide/plugins/com.st.stm32cube.ide.mcu.externaltools.gnu-tools-for-stm32.10.3-2021.10.win32_1.0.100.202210260954/tools/bin/../lib/gcc/arm-none-eabi/10.3.1/../../../../arm-none-eabi/lib/thumb/v7e-m+fp/hard\libc_nano.a(lib_a-memset.o)
